Archive member included because of file (symbol)

N:\EECS373\wubsuit\websuit\SoftConsole\websuit_MSS_MSS_CM3_0\websuit_MSS_MSS_CM3_0_hw_platform\Debug\libwebsuit_MSS_MSS_CM3_0_hw_platform.a(mss_uart.o)
                              ./main.o (MSS_UART_polled_tx)
N:\EECS373\wubsuit\websuit\SoftConsole\websuit_MSS_MSS_CM3_0\websuit_MSS_MSS_CM3_0_hw_platform\Debug\libwebsuit_MSS_MSS_CM3_0_hw_platform.a(system_a2fxxxm3.o)
                              N:/EECS373/wubsuit/websuit/SoftConsole/websuit_MSS_MSS_CM3_0/websuit_MSS_MSS_CM3_0_hw_platform/Debug/CMSIS/startup_gcc/startup_a2fxxxm3.o (SystemInit)
c:/actel/libero_v9.1/softconsole/sourcery-g++/bin/../lib/gcc/arm-none-eabi/4.4.1/../../../../arm-none-eabi/lib/thumb2\libc.a(lib_a-errno.o)
                              N:/EECS373/wubsuit/websuit/SoftConsole/websuit_MSS_MSS_CM3_0/websuit_MSS_MSS_CM3_0_hw_platform/Debug/CMSIS/startup_gcc/newlib_stubs.o (__errno)
c:/actel/libero_v9.1/softconsole/sourcery-g++/bin/../lib/gcc/arm-none-eabi/4.4.1/../../../../arm-none-eabi/lib/thumb2\libc.a(lib_a-impure.o)
                              c:/actel/libero_v9.1/softconsole/sourcery-g++/bin/../lib/gcc/arm-none-eabi/4.4.1/../../../../arm-none-eabi/lib/thumb2\libc.a(lib_a-errno.o) (_impure_ptr)
c:/actel/libero_v9.1/softconsole/sourcery-g++/bin/../lib/gcc/arm-none-eabi/4.4.1/../../../../arm-none-eabi/lib/thumb2\libc.a(lib_a-init.o)
                              N:/EECS373/wubsuit/websuit/SoftConsole/websuit_MSS_MSS_CM3_0/websuit_MSS_MSS_CM3_0_hw_platform/Debug/CMSIS/startup_gcc/startup_a2fxxxm3.o (__libc_init_array)
c:/actel/libero_v9.1/softconsole/sourcery-g++/bin/../lib/gcc/arm-none-eabi/4.4.1/../../../../arm-none-eabi/lib/thumb2\libc.a(lib_a-printf.o)
                              ./main.o (printf)
c:/actel/libero_v9.1/softconsole/sourcery-g++/bin/../lib/gcc/arm-none-eabi/4.4.1/../../../../arm-none-eabi/lib/thumb2\libc.a(lib_a-vfprintf.o)
                              c:/actel/libero_v9.1/softconsole/sourcery-g++/bin/../lib/gcc/arm-none-eabi/4.4.1/../../../../arm-none-eabi/lib/thumb2\libc.a(lib_a-printf.o) (_vfprintf_r)
c:/actel/libero_v9.1/softconsole/sourcery-g++/bin/../lib/gcc/arm-none-eabi/4.4.1/../../../../arm-none-eabi/lib/thumb2\libc.a(lib_a-wsetup.o)
                              c:/actel/libero_v9.1/softconsole/sourcery-g++/bin/../lib/gcc/arm-none-eabi/4.4.1/../../../../arm-none-eabi/lib/thumb2\libc.a(lib_a-vfprintf.o) (__swsetup_r)
c:/actel/libero_v9.1/softconsole/sourcery-g++/bin/../lib/gcc/arm-none-eabi/4.4.1/../../../../arm-none-eabi/lib/thumb2\libc.a(lib_a-dtoa.o)
                              c:/actel/libero_v9.1/softconsole/sourcery-g++/bin/../lib/gcc/arm-none-eabi/4.4.1/../../../../arm-none-eabi/lib/thumb2\libc.a(lib_a-vfprintf.o) (_dtoa_r)
c:/actel/libero_v9.1/softconsole/sourcery-g++/bin/../lib/gcc/arm-none-eabi/4.4.1/../../../../arm-none-eabi/lib/thumb2\libc.a(lib_a-fflush.o)
                              c:/actel/libero_v9.1/softconsole/sourcery-g++/bin/../lib/gcc/arm-none-eabi/4.4.1/../../../../arm-none-eabi/lib/thumb2\libc.a(lib_a-vfprintf.o) (_fflush_r)
c:/actel/libero_v9.1/softconsole/sourcery-g++/bin/../lib/gcc/arm-none-eabi/4.4.1/../../../../arm-none-eabi/lib/thumb2\libc.a(lib_a-findfp.o)
                              c:/actel/libero_v9.1/softconsole/sourcery-g++/bin/../lib/gcc/arm-none-eabi/4.4.1/../../../../arm-none-eabi/lib/thumb2\libc.a(lib_a-printf.o) (__sinit)
c:/actel/libero_v9.1/softconsole/sourcery-g++/bin/../lib/gcc/arm-none-eabi/4.4.1/../../../../arm-none-eabi/lib/thumb2\libc.a(lib_a-freer.o)
                              c:/actel/libero_v9.1/softconsole/sourcery-g++/bin/../lib/gcc/arm-none-eabi/4.4.1/../../../../arm-none-eabi/lib/thumb2\libc.a(lib_a-wsetup.o) (_free_r)
c:/actel/libero_v9.1/softconsole/sourcery-g++/bin/../lib/gcc/arm-none-eabi/4.4.1/../../../../arm-none-eabi/lib/thumb2\libc.a(lib_a-fvwrite.o)
                              c:/actel/libero_v9.1/softconsole/sourcery-g++/bin/../lib/gcc/arm-none-eabi/4.4.1/../../../../arm-none-eabi/lib/thumb2\libc.a(lib_a-vfprintf.o) (__sfvwrite_r)
c:/actel/libero_v9.1/softconsole/sourcery-g++/bin/../lib/gcc/arm-none-eabi/4.4.1/../../../../arm-none-eabi/lib/thumb2\libc.a(lib_a-fwalk.o)
                              c:/actel/libero_v9.1/softconsole/sourcery-g++/bin/../lib/gcc/arm-none-eabi/4.4.1/../../../../arm-none-eabi/lib/thumb2\libc.a(lib_a-fflush.o) (_fwalk_reent)
c:/actel/libero_v9.1/softconsole/sourcery-g++/bin/../lib/gcc/arm-none-eabi/4.4.1/../../../../arm-none-eabi/lib/thumb2\libc.a(lib_a-locale.o)
                              c:/actel/libero_v9.1/softconsole/sourcery-g++/bin/../lib/gcc/arm-none-eabi/4.4.1/../../../../arm-none-eabi/lib/thumb2\libc.a(lib_a-vfprintf.o) (_localeconv_r)
c:/actel/libero_v9.1/softconsole/sourcery-g++/bin/../lib/gcc/arm-none-eabi/4.4.1/../../../../arm-none-eabi/lib/thumb2\libc.a(lib_a-makebuf.o)
[...]
Memory Configuration

Name             Origin             Length             Attributes
ram              0x20000000         0x00010000         xrw
*default*        0x00000000         0xffffffff

Linker script and memory map

LOAD c:/actel/libero_v9.1/softconsole/sourcery-g++/bin/../lib/gcc/arm-none-eabi/4.4.1/thumb2/crti.o
LOAD c:/actel/libero_v9.1/softconsole/sourcery-g++/bin/../lib/gcc/arm-none-eabi/4.4.1/thumb2/crtbegin.o
LOAD ./main.o
LOAD N:/EECS373/wubsuit/websuit/SoftConsole/websuit_MSS_MSS_CM3_0/websuit_MSS_MSS_CM3_0_hw_platform/Debug/CMSIS/startup_gcc/startup_a2fxxxm3.o
LOAD N:/EECS373/wubsuit/websuit/SoftConsole/websuit_MSS_MSS_CM3_0/websuit_MSS_MSS_CM3_0_hw_platform/Debug/CMSIS/startup_gcc/newlib_stubs.o
LOAD N:\EECS373\wubsuit\websuit\SoftConsole\websuit_MSS_MSS_CM3_0\websuit_MSS_MSS_CM3_0_hw_platform\Debug\libwebsuit_MSS_MSS_CM3_0_hw_platform.a
START GROUP
LOAD c:/actel/libero_v9.1/softconsole/sourcery-g++/bin/../lib/gcc/arm-none-eabi/4.4.1/thumb2\libgcc.a
LOAD c:/actel/libero_v9.1/softconsole/sourcery-g++/bin/../lib/gcc/arm-none-eabi/4.4.1/../../../../arm-none-eabi/lib/thumb2\libc.a
END GROUP
LOAD c:/actel/libero_v9.1/softconsole/sourcery-g++/bin/../lib/gcc/arm-none-eabi/4.4.1/thumb2/crtend.o
LOAD c:/actel/libero_v9.1/softconsole/sourcery-g++/bin/../lib/gcc/arm-none-eabi/4.4.1/thumb2/crtn.o
START GROUP
LOAD c:/actel/libero_v9.1/softconsole/sourcery-g++/bin/../lib/gcc/arm-none-eabi/4.4.1/../../../../arm-none-eabi/lib/thumb2\libc.a
LOAD c:/actel/libero_v9.1/softconsole/sourcery-g++/bin/../lib/gcc/arm-none-eabi/4.4.1/thumb2\libgcc.a
LOAD c:/actel/libero_v9.1/softconsole/sourcery-g++/bin/../lib/gcc/arm-none-eabi/4.4.1/../../../../arm-none-eabi/lib/thumb2\libm.a
END GROUP
                0x00000000                __DYNAMIC = 0x0
                0x20000000                RAM_START_ADDRESS = 0x20000000
                0x00010000                RAM_SIZE = 0x10000
                0x00002000                MAIN_STACK_SIZE = 0x2000
                0x00001000                PROCESS_STACK_SIZE = 0x1000
                0x20010000                PROVIDE (__main_stack_start, (RAM_START_ADDRESS + RAM_SIZE))
                0x2000e000                PROVIDE (__process_stack_start, (__main_stack_start - MAIN_STACK_SIZE))
                0x20010000                PROVIDE (_estack, __main_stack_start)
                0x00000000                PROVIDE (__mirrored_nvm, 0x0)

.text           0x20000000     0x71b8
 CREATE_OBJECT_SYMBOLS
                0x20000000                __text_load = LOADADDR (.text)
                0x20000000                __text_start = .
 *(.isr_vector)
 .isr_vector    0x20000000      0x470 N:/EECS373/wubsuit/websuit/SoftConsole/websuit_MSS_MSS_CM3_0/websuit_MSS_MSS_CM3_0_hw_platform/Debug/CMSIS/startup_gcc/startup_a2fxxxm3.o
                0x20000000                g_pfnVectors
                0x20000298                Reset_Handler
                0x20000308                NMI_Handler
                0x2000030a                HardFault_Handler
                0x2000030c                MemManage_Handler
                0x2000030e                BusFault_Handler
                0x20000310                UsageFault_Handler
                0x20000312                SVC_Handler
                0x20000314                DebugMon_Handler
                0x20000316                PendSV_Handler
                0x20000318                SysTick_Handler
                0x2000031a                WdogWakeup_IRQHandler
                0x2000031c                BrownOut_1_5V_IRQHandler
                0x2000031e                BrownOut_3_3V_IRQHandler
                0x20000320                RTC_Match_IRQHandler
                0x20000322                RTCIF_Pub_IRQHandler
                0x20000324                EthernetMAC_IRQHandler
                0x20000326                IAP_IRQHandler
                0x20000328                ENVM0_IRQHandler
                0x2000032a                ENVM1_IRQHandler
                0x2000032c                DMA_IRQHandler
                0x20000332                SPI0_IRQHandler
                0x20000334                SPI1_IRQHandler
                0x20000336                I2C0_IRQHandler
                0x20000338                I2C0_SMBAlert_IRQHandler
                0x2000033a                I2C0_SMBus_IRQHandler
                0x2000033c                I2C1_IRQHandler
                0x2000033e                I2C1_SMBAlert_IRQHandler
                0x20000340                I2C1_SMBus_IRQHandler
                0x20000342                Timer1_IRQHandler
                0x20000344                Timer2_IRQHandler
                0x20000346                PLL_Lock_IRQHandler
                0x20000348                PLL_LockLost_IRQHandler
                0x2000034a                CommError_IRQHandler
                0x2000034c                Fabric_IRQHandler
                0x2000034e                GPIO0_IRQHandler
                0x20000350                GPIO1_IRQHandler
                0x20000352                GPIO2_IRQHandler
                0x20000354                GPIO3_IRQHandler
                0x20000356                GPIO4_IRQHandler
                0x20000358                GPIO5_IRQHandler
                0x2000035a                GPIO6_IRQHandler
                0x2000035c                GPIO7_IRQHandler
                0x2000035e                GPIO8_IRQHandler
                0x20000360                GPIO9_IRQHandler
                0x20000362                GPIO10_IRQHandler
                0x20000364                GPIO11_IRQHandler
                0x20000366                GPIO12_IRQHandler
                0x20000368                GPIO13_IRQHandler
                0x2000036a                GPIO14_IRQHandler
                0x2000036c                GPIO15_IRQHandler
                0x2000036e                GPIO16_IRQHandler
                0x20000370                GPIO17_IRQHandler
                0x20000372                GPIO18_IRQHandler
                0x20000374                GPIO19_IRQHandler
                0x20000376                GPIO20_IRQHandler
                0x20000378                GPIO21_IRQHandler
                0x2000037a                GPIO22_IRQHandler
                0x2000037c                GPIO23_IRQHandler
                0x2000037e                GPIO24_IRQHandler
                0x20000380                GPIO25_IRQHandler
                0x20000382                GPIO26_IRQHandler
                0x20000384                GPIO27_IRQHandler
                0x20000386                GPIO28_IRQHandler
                0x20000388                GPIO29_IRQHandler
                0x2000038a                GPIO30_IRQHandler
                0x2000038c                GPIO31_IRQHandler
                0x2000038e                ACE_PC0_Flag0_IRQHandler
                0x20000390                ACE_PC0_Flag1_IRQHandler
                0x20000392                ACE_PC0_Flag2_IRQHandler
                0x20000394                ACE_PC0_Flag3_IRQHandler
                0x20000396                ACE_PC1_Flag0_IRQHandler
                0x20000398                ACE_PC1_Flag1_IRQHandler
                0x2000039a                ACE_PC1_Flag2_IRQHandler
                0x2000039c                ACE_PC1_Flag3_IRQHandler
                0x2000039e                ACE_PC2_Flag0_IRQHandler
                0x200003a0                ACE_PC2_Flag1_IRQHandler
                0x200003a2                ACE_PC2_Flag2_IRQHandler
                0x200003a4                ACE_PC2_Flag3_IRQHandler
                0x200003a6                ACE_ADC0_DataValid_IRQHandler
                0x200003a8                ACE_ADC1_DataValid_IRQHandler
                0x200003aa                ACE_ADC2_DataValid_IRQHandler
                0x200003ac                ACE_ADC0_CalDone_IRQHandler
                0x200003ae                ACE_ADC1_CalDone_IRQHandler
                0x200003b0                ACE_ADC2_CalDone_IRQHandler
                0x200003b2                ACE_ADC0_CalStart_IRQHandler
                0x200003b4                ACE_ADC1_CalStart_IRQHandler
                0x200003b6                ACE_ADC2_CalStart_IRQHandler
                0x200003b8                ACE_Comp0_Fall_IRQHandler
                0x200003ba                ACE_Comp1_Fall_IRQHandler
                0x200003bc                ACE_Comp2_Fall_IRQHandler
                0x200003be                ACE_Comp3_Fall_IRQHandler
                0x200003c0                ACE_Comp4_Fall_IRQHandler
                0x200003c2                ACE_Comp5_Fall_IRQHandler
                0x200003c4                ACE_Comp6_Fall_IRQHandler
                0x200003c6                ACE_Comp7_Fall_IRQHandler
                0x200003c8                ACE_Comp8_Fall_IRQHandler
                0x200003ca                ACE_Comp9_Fall_IRQHandler
                0x200003cc                ACE_Comp10_Fall_IRQHandler
                0x200003ce                ACE_Comp11_Fall_IRQHandler
                0x200003d0                ACE_Comp0_Rise_IRQHandler
                0x200003d2                ACE_Comp1_Rise_IRQHandler
                0x200003d4                ACE_Comp2_Rise_IRQHandler
                0x200003d6                ACE_Comp3_Rise_IRQHandler
                0x200003d8                ACE_Comp4_Rise_IRQHandler
                0x200003da                ACE_Comp5_Rise_IRQHandler
                0x200003dc                ACE_Comp6_Rise_IRQHandler
                0x200003de                ACE_Comp7_Rise_IRQHandler
                0x200003e0                ACE_Comp8_Rise_IRQHandler
                0x200003e2                ACE_Comp9_Rise_IRQHandler
                0x200003e4                ACE_Comp10_Rise_IRQHandler
                0x200003e6                ACE_Comp11_Rise_IRQHandler
                0x200003e8                ACE_ADC0_FifoFull_IRQHandler
                0x200003ea                ACE_ADC0_FifoAFull_IRQHandler
                0x200003ec                ACE_ADC0_FifoEmpty_IRQHandler
                0x200003ee                ACE_ADC1_FifoFull_IRQHandler
                0x200003f0                ACE_ADC1_FifoAFull_IRQHandler
                0x200003f2                ACE_ADC1_FifoEmpty_IRQHandler
                0x200003f4                ACE_ADC2_FifoFull_IRQHandler
                0x200003f6                ACE_ADC2_FifoAFull_IRQHandler
                0x200003f8                ACE_ADC2_FifoEmpty_IRQHandler
                0x200003fa                ACE_PPE_Flag0_IRQHandler
                0x200003fc                ACE_PPE_Flag1_IRQHandler
                0x200003fe                ACE_PPE_Flag2_IRQHandler
                0x20000400                ACE_PPE_Flag3_IRQHandler
                0x20000402                ACE_PPE_Flag4_IRQHandler
                0x20000404                ACE_PPE_Flag5_IRQHandler
                0x20000406                ACE_PPE_Flag6_IRQHandler
                0x20000408                ACE_PPE_Flag7_IRQHandler
                0x2000040a                ACE_PPE_Flag8_IRQHandler
                0x2000040c                ACE_PPE_Flag9_IRQHandler
                0x2000040e                ACE_PPE_Flag10_IRQHandler
                0x20000410                ACE_PPE_Flag11_IRQHandler
                0x20000412                ACE_PPE_Flag12_IRQHandler
                0x20000414                ACE_PPE_Flag13_IRQHandler
                0x20000416                ACE_PPE_Flag14_IRQHandler
                0x20000418                ACE_PPE_Flag15_IRQHandler
                0x2000041a                ACE_PPE_Flag16_IRQHandler
                0x2000041c                ACE_PPE_Flag17_IRQHandler
                0x2000041e                ACE_PPE_Flag18_IRQHandler
                0x20000420                ACE_PPE_Flag19_IRQHandler
                0x20000422                ACE_PPE_Flag20_IRQHandler
                0x20000424                ACE_PPE_Flag21_IRQHandler
                0x20000426                ACE_PPE_Flag22_IRQHandler
                0x20000428                ACE_PPE_Flag23_IRQHandler
                0x2000042a                ACE_PPE_Flag24_IRQHandler
                0x2000042c                ACE_PPE_Flag25_IRQHandler
                0x2000042e                ACE_PPE_Flag26_IRQHandler
                0x20000430                ACE_PPE_Flag27_IRQHandler
                0x20000432                ACE_PPE_Flag28_IRQHandler
                0x20000434                ACE_PPE_Flag29_IRQHandler
                0x20000436                ACE_PPE_Flag30_IRQHandler
                0x20000438                ACE_PPE_Flag31_IRQHandler
 *(.text .text.* .gnu.linkonce.t.*)
 .text          0x20000470       0x30 c:/actel/libero_v9.1/softconsole/sourcery-g++/bin/../lib/gcc/arm-none-eabi/4.4.1/thumb2/crtbegin.o
 .text.MIDI_init
                0x200004a0       0x1c ./main.o
                0x200004a0                MIDI_init
 .text.MIDI_sendMessage
                0x200004bc       0x24 ./main.o
                0x200004bc                MIDI_sendMessage
 .text.MIDI_noteOn
                0x200004e0       0x4c ./main.o
                0x200004e0                MIDI_noteOn
 .text.MIDI_noteOff
                0x2000052c       0x48 ./main.o
                0x2000052c                MIDI_noteOff
 .text.MIDI_programChange
                0x20000574       0x40 ./main.o
                0x20000574                MIDI_programChange
 .text.main     0x200005b4       0x68 ./main.o
                0x200005b4                main
 .text._close   0x2000061c        0x8 N:/EECS373/wubsuit/websuit/SoftConsole/websuit_MSS_MSS_CM3_0/websuit_MSS_MSS_CM3_0_hw_platform/Debug/CMSIS/startup_gcc/newlib_stubs.o
                0x2000061c                _close
 .text._exit    0x20000624        0x4 N:/EECS373/wubsuit/websuit/SoftConsole/websuit_MSS_MSS_CM3_0/websuit_MSS_MSS_CM3_0_hw_platform/Debug/CMSIS/startup_gcc/newlib_stubs.o
                0x20000624                _exit
 .text._fstat   0x20000628        0xc N:/EECS373/wubsuit/websuit/SoftConsole/websuit_MSS_MSS_CM3_0/websuit_MSS_MSS_CM3_0_hw_platform/Debug/CMSIS/startup_gcc/newlib_stubs.o
                0x20000628                _fstat
 .text._isatty  0x20000634        0x8 N:/EECS373/wubsuit/websuit/SoftConsole/websuit_MSS_MSS_CM3_0/websuit_MSS_MSS_CM3_0_hw_platform/Debug/CMSIS/startup_gcc/newlib_stubs.o
                0x20000634                _isatty
 .text._lseek   0x2000063c        0x8 N:/EECS373/wubsuit/websuit/SoftConsole/websuit_MSS_MSS_CM3_0/websuit_MSS_MSS_CM3_0_hw_platform/Debug/CMSIS/startup_gcc/newlib_stubs.o
                0x2000063c                _lseek
 .text._read    0x20000644        0x8 N:/EECS373/wubsuit/websuit/SoftConsole/websuit_MSS_MSS_CM3_0/websuit_MSS_MSS_CM3_0_hw_platform/Debug/CMSIS/startup_gcc/newlib_stubs.o
                0x20000644                _read
 .text._write_r
                0x2000064c       0x48 N:/EECS373/wubsuit/websuit/SoftConsole/websuit_MSS_MSS_CM3_0/websuit_MSS_MSS_CM3_0_hw_platform/Debug/CMSIS/startup_gcc/newlib_stubs.o
                0x2000064c                _write_r
 .text._sbrk    0x20000694       0x64 N:/EECS373/wubsuit/websuit/SoftConsole/websuit_MSS_MSS_CM3_0/websuit_MSS_MSS_CM3_0_hw_platform/Debug/CMSIS/startup_gcc/newlib_stubs.o
                0x20000694                _sbrk
 .text.MSS_UART_polled_tx
                0x200006f8       0xac N:\EECS373\wubsuit\websuit\SoftConsole\websuit_MSS_MSS_CM3_0\websuit_MSS_MSS_CM3_0_hw_platform\Debug\libwebsuit_MSS_MSS_CM3_0_hw_platform.a(mss_uart.o)
                0x200006f8                MSS_UART_polled_tx
 .text.MSS_UART_isr
                0x200007a4       0x70 N:\EECS373\wubsuit\websuit\SoftConsole\websuit_MSS_MSS_CM3_0\websuit_MSS_MSS_CM3_0_hw_platform\Debug\libwebsuit_MSS_MSS_CM3_0_hw_platform.a(mss_uart.o)
 .text.default_tx_handler
                0x20000814       0xa8 N:\EECS373\wubsuit\websuit\SoftConsole\websuit_MSS_MSS_CM3_0\websuit_MSS_MSS_CM3_0_hw_platform\Debug\libwebsuit_MSS_MSS_CM3_0_hw_platform.a(mss_uart.o)
 .text.UART0_IRQHandler
                0x200008bc       0x30 N:\EECS373\wubsuit\websuit\SoftConsole\websuit_MSS_MSS_CM3_0\websuit_MSS_MSS_CM3_0_hw_platform\Debug\libwebsuit_MSS_MSS_CM3_0_hw_platform.a(mss_uart.o)
                0x200008bc                UART0_IRQHandler
 .text.UART1_IRQHandler
                0x200008ec       0x30 N:\EECS373\wubsuit\websuit\SoftConsole\websuit_MSS_MSS_CM3_0\websuit_MSS_MSS_CM3_0_hw_platform\Debug\libwebsuit_MSS_MSS_CM3_0_hw_platform.a(mss_uart.o)
                0x200008ec                UART1_IRQHandler
 .text.MSS_UART_init
                0x2000091c      0x150 N:\EECS373\wubsuit\websuit\SoftConsole\websuit_MSS_MSS_CM3_0\websuit_MSS_MSS_CM3_0_hw_platform\Debug\libwebsuit_MSS_MSS_CM3_0_hw_platform.a(mss_uart.o)
                0x2000091c                MSS_UART_init
 .text.SystemInit
                0x20000a6c        0x4 N:\EECS373\wubsuit\websuit\SoftConsole\websuit_MSS_MSS_CM3_0\websuit_MSS_MSS_CM3_0_hw_platform\Debug\libwebsuit_MSS_MSS_CM3_0_hw_platform.a(system_a2fxxxm3.o)
                0x20000a6c                SystemInit
 .text.SystemCoreClockUpdate
                0x20000a70      0x130 N:\EECS373\wubsuit\websuit\SoftConsole\websuit_MSS_MSS_CM3_0\websuit_MSS_MSS_CM3_0_hw_platform\Debug\libwebsuit_MSS_MSS_CM3_0_hw_platform.a(system_a2fxxxm3.o)
                0x20000a70                SystemCoreClockUpdate
 .text          0x20000ba0       0x50 c:/actel/libero_v9.1/softconsole/sourcery-g++/bin/../lib/gcc/arm-none-eabi/4.4.1/../../../../arm-none-eabi/lib/thumb2\libc.a(lib_a-init.o)
                0x20000ba0                __libc_init_array
 .text          0x20000bf0       0x64 c:/actel/libero_v9.1/softconsole/sourcery-g++/bin/../lib/gcc/arm-none-eabi/4.4.1/../../../../arm-none-eabi/lib/thumb2\libc.a(lib_a-printf.o)
                0x20000bf0                printf
                0x20000c28                _printf_r
 .text          0x20000c54     0x1940 c:/actel/libero_v9.1/softconsole/sourcery-g++/bin/../lib/gcc/arm-none-eabi/4.4.1/../../../../arm-none-eabi/lib/thumb2\libc.a(lib_a-vfprintf.o)
                0x20000c70                _vfprintf_r
                0x20002578                vfprintf
 .text          0x20002594      0x104 c:/actel/libero_v9.1/softconsole/sourcery-g++/bin/../lib/gcc/arm-none-eabi/4.4.1/../../../../arm-none-eabi/lib/thumb2\libc.a(lib_a-wsetup.o)
                0x20002594                __swsetup_r
 .text          0x20002698      0xfb8 c:/actel/libero_v9.1/softconsole/sourcery-g++/bin/../lib/gcc/arm-none-eabi/4.4.1/../../../../arm-none-eabi/lib/thumb2\libc.a(lib_a-dtoa.o)
                0x200027b8                _dtoa_r
 .text          0x20003650      0x178 c:/actel/libero_v9.1/softconsole/sourcery-g++/bin/../lib/gcc/arm-none-eabi/4.4.1/../../../../arm-none-eabi/lib/thumb2\libc.a(lib_a-fflush.o)
                0x20003650                _fflush_r
                0x200037a0                fflush
 .text          0x200037c8      0x1c8 c:/actel/libero_v9.1/softconsole/sourcery-g++/bin/../lib/gcc/arm-none-eabi/4.4.1/../../../../arm-none-eabi/lib/thumb2\libc.a(lib_a-findfp.o)
                0x200037c8                __sfp_lock_acquire
                0x200037cc                __sfp_lock_release
                0x200037d0                __sinit_lock_acquire
                0x200037d4                __sinit_lock_release
                0x200037e0                __fp_unlock_all
                0x200037f8                __fp_lock_all
                0x20003810                _cleanup_r
                0x2000381c                _cleanup
                0x20003878                __sfmoreglue
                0x200038a8                __sfp
                0x20003930                __sinit
 .text          0x20003990      0x268 c:/actel/libero_v9.1/softconsole/sourcery-g++/bin/../lib/gcc/arm-none-eabi/4.4.1/../../../../arm-none-eabi/lib/thumb2\libc.a(lib_a-freer.o)
                0x20003990                _malloc_trim_r
                0x20003a38                _free_r
 .text          0x20003bf8      0x334 c:/actel/libero_v9.1/softconsole/sourcery-g++/bin/../lib/gcc/arm-none-eabi/4.4.1/../../../../arm-none-eabi/lib/thumb2\libc.a(lib_a-fvwrite.o)
                0x20003bf8                __sfvwrite_r
 .text          0x20003f2c       0xa0 c:/actel/libero_v9.1/softconsole/sourcery-g++/bin/../lib/gcc/arm-none-eabi/4.4.1/../../../../arm-none-eabi/lib/thumb2\libc.a(lib_a-fwalk.o)
                0x20003f2c                _fwalk_reent
                0x20003f80                _fwalk
 .text          0x20003fcc       0x74 c:/actel/libero_v9.1/softconsole/sourcery-g++/bin/../lib/gcc/arm-none-eabi/4.4.1/../../../../arm-none-eabi/lib/thumb2\libc.a(lib_a-locale.o)
                0x20003fcc                __locale_charset
                0x20003fd8                _localeconv_r
                0x20003fe0                localeconv
                0x20003fe8                _setlocale_r
                0x20004030                setlocale
 .text          0x20004040       0xdc c:/actel/libero_v9.1/softconsole/sourcery-g++/bin/../lib/gcc/arm-none-eabi/4.4.1/../../../../arm-none-eabi/lib/thumb2\libc.a(lib_a-makebuf.o)
                0x20004040                __smakebuf_r
 .text          0x2000411c       0x20 c:/actel/libero_v9.1/softconsole/sourcery-g++/bin/../lib/gcc/arm-none-eabi/4.4.1/../../../../arm-none-eabi/lib/thumb2\libc.a(lib_a-malloc.o)
                0x2000411c                free
                0x2000412c                malloc
 .text          0x2000413c      0x5a4 c:/actel/libero_v9.1/softconsole/sourcery-g++/bin/../lib/gcc/arm-none-eabi/4.4.1/../../../../arm-none-eabi/lib/thumb2\libc.a(lib_a-mallocr.o)
                0x2000413c                _malloc_r
 .text          0x200046e0       0x74 c:/actel/libero_v9.1/softconsole/sourcery-g++/bin/../lib/gcc/arm-none-eabi/4.4.1/../../../../arm-none-eabi/lib/thumb2\libc.a(lib_a-memchr.o)
                0x200046e0                memchr
 .text          0x20004754      0x190 c:/actel/libero_v9.1/softconsole/sourcery-g++/bin/../lib/gcc/arm-none-eabi/4.4.1/../../../../arm-none-eabi/lib/thumb2\libc.a(lib_a-memcpy.o)
                0x20004754                memcpy
 .text          0x200048e4       0xb8 c:/actel/libero_v9.1/softconsole/sourcery-g++/bin/../lib/gcc/arm-none-eabi/4.4.1/../../../../arm-none-eabi/lib/thumb2\libc.a(lib_a-memmove.o)
                0x200048e4                memmove
 .text          0x2000499c       0xd4 c:/actel/libero_v9.1/softconsole/sourcery-g++/bin/../lib/gcc/arm-none-eabi/4.4.1/../../../../arm-none-eabi/lib/thumb2\libc.a(lib_a-memset.o)
                0x2000499c                memset
 .text          0x20004a70        0x8 c:/actel/libero_v9.1/softconsole/sourcery-g++/bin/../lib/gcc/arm-none-eabi/4.4.1/../../../../arm-none-eabi/lib/thumb2\libc.a(lib_a-mlock.o)
                0x20004a70                __malloc_lock
                0x20004a74                __malloc_unlock
 .text          0x20004a78      0x958 c:/actel/libero_v9.1/softconsole/sourcery-g++/bin/../lib/gcc/arm-none-eabi/4.4.1/../../../../arm-none-eabi/lib/thumb2\libc.a(lib_a-mprec.o)
                0x20004a78                __hi0bits
                0x20004ab8                __lo0bits
                0x20004b1c                __mcmp
                0x20004b5c                __ulp
                0x20004ba8                __b2d
                0x20004c50                __ratio
                0x20004cb0                _mprec_log10
                0x20004ce8                __copybits
                0x20004d38                __any_on
                0x20004d90                _Bfree
                0x20004dc8                _Balloc
                0x20004e34                __d2b
                0x20004f04                __mdiff
                0x20004ffc                __lshift
                0x200050b8                __multiply
                0x200051ec                __i2b
                0x20005200                __multadd
                0x20005288                __pow5mult
                0x20005334                __s2b
 .text          0x200053d0      0x3b4 c:/actel/libero_v9.1/softconsole/sourcery-g++/bin/../lib/gcc/arm-none-eabi/4.4.1/../../../../arm-none-eabi/lib/thumb2\libc.a(lib_a-reallocr.o)
                0x200053d0                _realloc_r
 .text          0x20005784       0x24 c:/actel/libero_v9.1/softconsole/sourcery-g++/bin/../lib/gcc/arm-none-eabi/4.4.1/../../../../arm-none-eabi/lib/thumb2\libc.a(lib_a-s_isinfd.o)
                0x20005784                __isinfd
 .text          0x200057a8       0x1c c:/actel/libero_v9.1/softconsole/sourcery-g++/bin/../lib/gcc/arm-none-eabi/4.4.1/../../../../arm-none-eabi/lib/thumb2\libc.a(lib_a-s_isnand.o)
                0x200057a8                __isnand
 .text          0x200057c4       0x28 c:/actel/libero_v9.1/softconsole/sourcery-g++/bin/../lib/gcc/arm-none-eabi/4.4.1/../../../../arm-none-eabi/lib/thumb2\libc.a(lib_a-sbrkr.o)
                0x200057c4                _sbrk_r
 .text          0x200057ec       0x90 c:/actel/libero_v9.1/softconsole/sourcery-g++/bin/../lib/gcc/arm-none-eabi/4.4.1/../../../../arm-none-eabi/lib/thumb2\libc.a(lib_a-stdio.o)
                0x200057ec                __sclose
                0x200057f4                __sseek
                0x2000581c                __swrite
                0x20005858                __sread
 .text          0x2000587c      0x1dc c:/actel/libero_v9.1/softconsole/sourcery-g++/bin/../lib/gcc/arm-none-eabi/4.4.1/../../../../arm-none-eabi/lib/thumb2\libc.a(lib_a-strcmp.o)
                0x2000587c                strcmp
 .text          0x20005a58       0x60 c:/actel/libero_v9.1/softconsole/sourcery-g++/bin/../lib/gcc/arm-none-eabi/4.4.1/../../../../arm-none-eabi/lib/thumb2\libc.a(lib_a-strlen.o)
                0x20005a58                strlen
 .text          0x20005ab8       0x5c c:/actel/libero_v9.1/softconsole/sourcery-g++/bin/../lib/gcc/arm-none-eabi/4.4.1/../../../../arm-none-eabi/lib/thumb2\libc.a(lib_a-callocr.o)
                0x20005ab8                _calloc_r
 .text          0x20005b14       0x28 c:/actel/libero_v9.1/softconsole/sourcery-g++/bin/../lib/gcc/arm-none-eabi/4.4.1/../../../../arm-none-eabi/lib/thumb2\libc.a(lib_a-closer.o)
                0x20005b14                _close_r
 .text          0x20005b3c       0xcc c:/actel/libero_v9.1/softconsole/sourcery-g++/bin/../lib/gcc/arm-none-eabi/4.4.1/../../../../arm-none-eabi/lib/thumb2\libc.a(lib_a-fclose.o)
                0x20005b3c                _fclose_r
                0x20005bf8                fclose
 .text          0x20005c08       0x2c c:/actel/libero_v9.1/softconsole/sourcery-g++/bin/../lib/gcc/arm-none-eabi/4.4.1/../../../../arm-none-eabi/lib/thumb2\libc.a(lib_a-fstatr.o)
                0x20005c08                _fstat_r
 .text          0x20005c34       0x28 c:/actel/libero_v9.1/softconsole/sourcery-g++/bin/../lib/gcc/arm-none-eabi/4.4.1/../../../../arm-none-eabi/lib/thumb2\libc.a(lib_a-isattyr.o)
                0x20005c34                _isatty_r
 .text          0x20005c5c       0x2c c:/actel/libero_v9.1/softconsole/sourcery-g++/bin/../lib/gcc/arm-none-eabi/4.4.1/../../../../arm-none-eabi/lib/thumb2\libc.a(lib_a-lseekr.o)
                0x20005c5c                _lseek_r
 .text          0x20005c88       0x2c c:/actel/libero_v9.1/softconsole/sourcery-g++/bin/../lib/gcc/arm-none-eabi/4.4.1/../../../../arm-none-eabi/lib/thumb2\libc.a(lib_a-readr.o)
                0x20005c88                _read_r
 *fill*         0x20005cb4        0x4 00
 .text          0x20005cb8      0x278 c:/actel/libero_v9.1/softconsole/sourcery-g++/bin/../lib/gcc/arm-none-eabi/4.4.1/thumb2\libgcc.a(_udivsi3.o)
                0x20005cb8                __aeabi_uidiv
                0x20005cb8                __udivsi3
                0x20005f14                __aeabi_uidivmod
 .text          0x20005f30        0x4 c:/actel/libero_v9.1/softconsole/sourcery-g++/bin/../lib/gcc/arm-none-eabi/4.4.1/thumb2\libgcc.a(_dvmd_tls.o)
                0x20005f30                __aeabi_idiv0
                0x20005f30                __aeabi_ldiv0
 .text          0x20005f34      0x370 c:/actel/libero_v9.1/softconsole/sourcery-g++/bin/../lib/gcc/arm-none-eabi/4.4.1/thumb2\libgcc.a(_arm_addsubdf3.o)
                0x20005f34                __aeabi_drsub
                0x20005f3c                __aeabi_dsub
                0x20005f3c                __subdf3
                0x20005f40                __aeabi_dadd
                0x20005f40                __adddf3
                0x200061b8                __floatunsidf
                0x200061b8                __aeabi_ui2d
                0x200061d8                __floatsidf
                0x200061d8                __aeabi_i2d
                0x200061fc                __aeabi_f2d
                0x200061fc                __extendsfdf2
                0x20006238                __floatundidf
                0x20006238                __aeabi_ul2d
                0x20006248                __floatdidf
                0x20006248                __aeabi_l2d
 .text          0x200062a4      0x424 c:/actel/libero_v9.1/softconsole/sourcery-g++/bin/../lib/gcc/arm-none-eabi/4.4.1/thumb2\libgcc.a(_arm_muldivdf3.o)
                0x200062a4                __aeabi_dmul
                0x200062a4                __muldf3
                0x200064f8                __divdf3
                0x200064f8                __aeabi_ddiv
 .text          0x200066c8      0x110 c:/actel/libero_v9.1/softconsole/sourcery-g++/bin/../lib/gcc/arm-none-eabi/4.4.1/thumb2\libgcc.a(_arm_cmpdf2.o)
                0x200066c8                __gtdf2
                0x200066c8                __gedf2
                0x200066d0                __ltdf2
                0x200066d0                __ledf2
                0x200066d8                __nedf2
                0x200066d8                __eqdf2
                0x200066d8                __cmpdf2
                0x20006754                __aeabi_cdrcmple
                0x20006764                __aeabi_cdcmpeq
                0x20006764                __aeabi_cdcmple
                0x20006774                __aeabi_dcmpeq
                0x20006788                __aeabi_dcmplt
                0x2000679c                __aeabi_dcmple
                0x200067b0                __aeabi_dcmpge
                0x200067c4                __aeabi_dcmpgt
 .text          0x200067d8       0x50 c:/actel/libero_v9.1/softconsole/sourcery-g++/bin/../lib/gcc/arm-none-eabi/4.4.1/thumb2\libgcc.a(_arm_fixdfsi.o)
                0x200067d8                __aeabi_d2iz
                0x200067d8                __fixdfsi
 .text          0x20006828       0x2c c:/actel/libero_v9.1/softconsole/sourcery-g++/bin/../lib/gcc/arm-none-eabi/4.4.1/thumb2\libgcc.a(_aeabi_uldivmod.o)
                0x20006828                __aeabi_uldivmod
 .text          0x20006854       0x58 c:/actel/libero_v9.1/softconsole/sourcery-g++/bin/../lib/gcc/arm-none-eabi/4.4.1/thumb2\libgcc.a(bpabi.o)
                0x20006854                __gnu_uldivmod_helper
                0x20006880                __gnu_ldivmod_helper
 .text          0x200068ac      0x364 c:/actel/libero_v9.1/softconsole/sourcery-g++/bin/../lib/gcc/arm-none-eabi/4.4.1/thumb2\libgcc.a(_divdi3.o)
                0x200068ac                __divdi3
 .text          0x20006c10      0x300 c:/actel/libero_v9.1/softconsole/sourcery-g++/bin/../lib/gcc/arm-none-eabi/4.4.1/thumb2\libgcc.a(_udivdi3.o)
                0x20006c10                __udivdi3
 *(.plt)
 *(.gnu.warning)
 *(.glue_7t)
 .glue_7t       0x00000000        0x0 linker stubs
 *(.glue_7)
 .glue_7        0x00000000        0x0 linker stubs
 *(.vfp11_veneer)
 .vfp11_veneer  0x00000000        0x0 linker stubs
                0x20006f10                . = ALIGN (0x4)
 *crtbegin.o(.ctors)
 *(EXCLUDE_FILE(*crtend.o) .ctors)
 *(SORT(.ctors.*))
 *crtend.o(.ctors)
 *crtbegin.o(.dtors)
 *(EXCLUDE_FILE(*crtend.o) .dtors)
 *(SORT(.dtors.*))
 *crtend.o(.dtors)
 *(.rodata .rodata.* .gnu.linkonce.r.*)
 .rodata        0x20006f10       0x14 ./main.o
 .rodata.str1.4
                0x20006f24       0x1a N:/EECS373/wubsuit/websuit/SoftConsole/websuit_MSS_MSS_CM3_0/websuit_MSS_MSS_CM3_0_hw_platform/Debug/CMSIS/startup_gcc/newlib_stubs.o
                                 0x1c (size before relaxing)
 *fill*         0x20006f3e        0x2 00
 .rodata.C.16.2565
                0x20006f40       0x10 N:\EECS373\wubsuit\websuit\SoftConsole\websuit_MSS_MSS_CM3_0\websuit_MSS_MSS_CM3_0_hw_platform\Debug\libwebsuit_MSS_MSS_CM3_0_hw_platform.a(system_a2fxxxm3.o)
 .rodata        0x20006f50        0x4 c:/actel/libero_v9.1/softconsole/sourcery-g++/bin/../lib/gcc/arm-none-eabi/4.4.1/../../../../arm-none-eabi/lib/thumb2\libc.a(lib_a-impure.o)
                0x20006f50                _global_impure_ptr
 .rodata.str1.4
                0x20006f54        0x2 c:/actel/libero_v9.1/softconsole/sourcery-g++/bin/../lib/gcc/arm-none-eabi/4.4.1/../../../../arm-none-eabi/lib/thumb2\libc.a(lib_a-impure.o)
                                  0x4 (size before relaxing)
 *fill*         0x20006f56        0x2 00
 .rodata        0x20006f58       0x20 c:/actel/libero_v9.1/softconsole/sourcery-g++/bin/../lib/gcc/arm-none-eabi/4.4.1/../../../../arm-none-eabi/lib/thumb2\libc.a(lib_a-vfprintf.o)
 .rodata.str1.4
                0x20006f78       0x42 c:/actel/libero_v9.1/softconsole/sourcery-g++/bin/../lib/gcc/arm-none-eabi/4.4.1/../../../../arm-none-eabi/lib/thumb2\libc.a(lib_a-vfprintf.o)
                                 0x44 (size before relaxing)
 *fill*         0x20006fba        0x2 00
 .rodata.str1.4
                0x20006fbc       0x10 c:/actel/libero_v9.1/softconsole/sourcery-g++/bin/../lib/gcc/arm-none-eabi/4.4.1/../../../../arm-none-eabi/lib/thumb2\libc.a(lib_a-dtoa.o)
                                 0x14 (size before relaxing)
 .rodata        0x20006fcc       0x60 c:/actel/libero_v9.1/softconsole/sourcery-g++/bin/../lib/gcc/arm-none-eabi/4.4.1/../../../../arm-none-eabi/lib/thumb2\libc.a(lib_a-findfp.o)
                0x20006fcc                __sf_fake_stdin
                0x20006fec                __sf_fake_stdout
                0x2000700c                __sf_fake_stderr
 .rodata        0x2000702c       0x34 c:/actel/libero_v9.1/softconsole/sourcery-g++/bin/../lib/gcc/arm-none-eabi/4.4.1/../../../../arm-none-eabi/lib/thumb2\libc.a(lib_a-locale.o)
 .rodata.str1.4
                0x20007060       0x10 c:/actel/libero_v9.1/softconsole/sourcery-g++/bin/../lib/gcc/arm-none-eabi/4.4.1/../../../../arm-none-eabi/lib/thumb2\libc.a(lib_a-locale.o)
                                 0x18 (size before relaxing)
 .rodata        0x20007070      0x128 c:/actel/libero_v9.1/softconsole/sourcery-g++/bin/../lib/gcc/arm-none-eabi/4.4.1/../../../../arm-none-eabi/lib/thumb2\libc.a(lib_a-mprec.o)
                0x20007070                __mprec_tens
                0x20007148                __mprec_bigtens
                0x20007170                __mprec_tinytens
 *(.ARM.extab* .gnu.linkonce.armextab.*)
 *(.gcc_except_table)
 *(.eh_frame_hdr)
 *(.eh_frame)
 *(.init)
 .init          0x20007198        0x4 c:/actel/libero_v9.1/softconsole/sourcery-g++/bin/../lib/gcc/arm-none-eabi/4.4.1/thumb2/crti.o
                0x20007198                _init
 .init          0x2000719c        0x8 c:/actel/libero_v9.1/softconsole/sourcery-g++/bin/../lib/gcc/arm-none-eabi/4.4.1/thumb2/crtn.o
 *(.fini)
 .fini          0x200071a4        0x4 c:/actel/libero_v9.1/softconsole/sourcery-g++/bin/../lib/gcc/arm-none-eabi/4.4.1/thumb2/crti.o
                0x200071a4                _fini
 .fini          0x200071a8        0x8 c:/actel/libero_v9.1/softconsole/sourcery-g++/bin/../lib/gcc/arm-none-eabi/4.4.1/thumb2/crtn.o
                0x200071b0                PROVIDE (__preinit_array_start, .)
 *(.preinit_array)
                0x200071b0                PROVIDE (__preinit_array_end, .)
                0x200071b0                PROVIDE (__init_array_start, .)
 *(SORT(.init_array.*))
 *(.init_array)
 .init_array    0x200071b0        0x4 c:/actel/libero_v9.1/softconsole/sourcery-g++/bin/../lib/gcc/arm-none-eabi/4.4.1/thumb2/crtbegin.o
                0x200071b4                PROVIDE (__init_array_end, .)
                0x200071b4                PROVIDE (__fini_array_start, .)
 *(.fini_array)
 .fini_array    0x200071b4        0x4 c:/actel/libero_v9.1/softconsole/sourcery-g++/bin/../lib/gcc/arm-none-eabi/4.4.1/thumb2/crtbegin.o
 *(SORT(.fini_array.*))
                0x200071b8                PROVIDE (__fini_array_end, .)
                0x200071b8                __exidx_start = .

.v4_bx          0x200071b8        0x0
 .v4_bx         0x00000000        0x0 linker stubs

.ARM.exidx      0x200071b8        0x8
 *(.ARM.exidx* .gnu.linkonce.armexidx.*)
 .ARM.exidx     0x200071b8        0x8 c:/actel/libero_v9.1/softconsole/sourcery-g++/bin/../lib/gcc/arm-none-eabi/4.4.1/thumb2\libgcc.a(_divdi3.o)
 .ARM.exidx     0x200071c0        0x0 c:/actel/libero_v9.1/softconsole/sourcery-g++/bin/../lib/gcc/arm-none-eabi/4.4.1/thumb2\libgcc.a(_udivdi3.o)
                                  0x8 (size before relaxing)
                0x200071c0                __exidx_end = .
                0x200071c0                _etext = .
                0x200071c0                PROVIDE (__text_end, .)

.data           0x200071c0      0x520
                0x200071c0                __data_load = LOADADDR (.data)
                0x200071c0                _sidata = LOADADDR (.data)
                0x200071c0                __data_start = .
                0x200071c0                _sdata = .
 *(.jcr)
 .jcr           0x200071c0        0x0 c:/actel/libero_v9.1/softconsole/sourcery-g++/bin/../lib/gcc/arm-none-eabi/4.4.1/thumb2/crtbegin.o
 .jcr           0x200071c0        0x4 c:/actel/libero_v9.1/softconsole/sourcery-g++/bin/../lib/gcc/arm-none-eabi/4.4.1/thumb2/crtend.o
 *(.got.plt)
 *(.got)
 *(.shdata)
 *(.data .data.* .gnu.linkonce.d.*)
 .data.g_FrequencyACE
                0x200071c4        0x4 N:\EECS373\wubsuit\websuit\SoftConsole\websuit_MSS_MSS_CM3_0\websuit_MSS_MSS_CM3_0_hw_platform\Debug\libwebsuit_MSS_MSS_CM3_0_hw_platform.a(system_a2fxxxm3.o)
                0x200071c4                g_FrequencyACE
 .data.g_FrequencyFPGA
                0x200071c8        0x4 N:\EECS373\wubsuit\websuit\SoftConsole\websuit_MSS_MSS_CM3_0\websuit_MSS_MSS_CM3_0_hw_platform\Debug\libwebsuit_MSS_MSS_CM3_0_hw_platform.a(system_a2fxxxm3.o)
                0x200071c8                g_FrequencyFPGA
 .data.g_FrequencyPCLK0
                0x200071cc        0x4 N:\EECS373\wubsuit\websuit\SoftConsole\websuit_MSS_MSS_CM3_0\websuit_MSS_MSS_CM3_0_hw_platform\Debug\libwebsuit_MSS_MSS_CM3_0_hw_platform.a(system_a2fxxxm3.o)
                0x200071cc                g_FrequencyPCLK0
 .data.g_FrequencyPCLK1
                0x200071d0        0x4 N:\EECS373\wubsuit\websuit\SoftConsole\websuit_MSS_MSS_CM3_0\websuit_MSS_MSS_CM3_0_hw_platform\Debug\libwebsuit_MSS_MSS_CM3_0_hw_platform.a(system_a2fxxxm3.o)
                0x200071d0                g_FrequencyPCLK1
 .data.SystemCoreClock
                0x200071d4        0x4 N:\EECS373\wubsuit\websuit\SoftConsole\websuit_MSS_MSS_CM3_0\websuit_MSS_MSS_CM3_0_hw_platform\Debug\libwebsuit_MSS_MSS_CM3_0_hw_platform.a(system_a2fxxxm3.o)
                0x200071d4                SystemCoreClock
 .data.SystemFrequency
                0x200071d8        0x4 N:\EECS373\wubsuit\websuit\SoftConsole\websuit_MSS_MSS_CM3_0\websuit_MSS_MSS_CM3_0_hw_platform\Debug\libwebsuit_MSS_MSS_CM3_0_hw_platform.a(system_a2fxxxm3.o)
                0x200071d8                SystemFrequency
 .data          0x200071dc       0xf4 c:/actel/libero_v9.1/softconsole/sourcery-g++/bin/../lib/gcc/arm-none-eabi/4.4.1/../../../../arm-none-eabi/lib/thumb2\libc.a(lib_a-impure.o)
                0x200071dc                _impure_ptr
 .data          0x200072d0      0x410 c:/actel/libero_v9.1/softconsole/sourcery-g++/bin/../lib/gcc/arm-none-eabi/4.4.1/../../../../arm-none-eabi/lib/thumb2\libc.a(lib_a-mallocr.o)
                0x200072d0                __malloc_av_
                0x200076d8                __malloc_sbrk_base
                0x200076dc                __malloc_trim_threshold
                0x200076e0                . = ALIGN (0x4)
                0x200076e0                _edata = .

.bss            0x200076e0       0x98
                0x200076e0                __bss_start__ = .
                0x200076e0                _sbss = .
 *(.shbss)
 *(.bss .bss.* .gnu.linkonce.b.*)
 .bss           0x200076e0        0x1 c:/actel/libero_v9.1/softconsole/sourcery-g++/bin/../lib/gcc/arm-none-eabi/4.4.1/thumb2/crtbegin.o
 *fill*         0x200076e1        0x3 00
 .bss.g_stdio_uart_init_done
                0x200076e4        0x4 N:/EECS373/wubsuit/websuit/SoftConsole/websuit_MSS_MSS_CM3_0/websuit_MSS_MSS_CM3_0_hw_platform/Debug/CMSIS/startup_gcc/newlib_stubs.o
 .bss.heap_end.3583
                0x200076e8        0x4 N:/EECS373/wubsuit/websuit/SoftConsole/websuit_MSS_MSS_CM3_0/websuit_MSS_MSS_CM3_0_hw_platform/Debug/CMSIS/startup_gcc/newlib_stubs.o
 .bss           0x200076ec       0x34 c:/actel/libero_v9.1/softconsole/sourcery-g++/bin/../lib/gcc/arm-none-eabi/4.4.1/../../../../arm-none-eabi/lib/thumb2\libc.a(lib_a-mallocr.o)
                0x200076ec                __malloc_top_pad
                0x200076f0                __malloc_current_mallinfo
                0x20007718                __malloc_max_sbrked_mem
                0x2000771c                __malloc_max_total_mem
 *(COMMON)
 COMMON         0x20007720       0x50 N:\EECS373\wubsuit\websuit\SoftConsole\websuit_MSS_MSS_CM3_0\websuit_MSS_MSS_CM3_0_hw_platform\Debug\libwebsuit_MSS_MSS_CM3_0_hw_platform.a(mss_uart.o)
                0x20007720                g_mss_uart1
                0x20007748                g_mss_uart0
 COMMON         0x20007770        0x4 c:/actel/libero_v9.1/softconsole/sourcery-g++/bin/../lib/gcc/arm-none-eabi/4.4.1/../../../../arm-none-eabi/lib/thumb2\libc.a(lib_a-reent.o)
                0x20007770                errno
                0x20007778                . = ALIGN (0x8)
 *fill*         0x20007774        0x4 00
                0x20007778                __bss_end__ = .
                0x20007778                _end = .
                0x20007778                __end = _end
                0x20007778                _ebss = .
                0x20007778                PROVIDE (end, .)

.stack          0x20007778     0x3000
                0x20007778                . = ALIGN (0x4)
                0x20008778                . = (. + PROCESS_STACK_SIZE)
 *fill*         0x20007778     0x1000 00
                0x20008778                . = ALIGN (0x4)
                0x2000a778                . = (. + MAIN_STACK_SIZE)
 *fill*         0x20008778     0x2000 00
                0x2000a778                . = ALIGN (0x4)

.stab
 *(.stab)

.stabstr
 *(.stabstr)

.debug
 *(.debug)

.line
 *(.line)

.debug_srcinfo
 *(.debug_srcinfo)

.debug_sfnames
 *(.debug_sfnames)

.comment        0x00000000       0xac
 .comment       0x00000000       0x2b ./main.o
 .comment       0x0000002b       0x2b N:/EECS373/wubsuit/websuit/SoftConsole/websuit_MSS_MSS_CM3_0/websuit_MSS_MSS_CM3_0_hw_platform/Debug/CMSIS/startup_gcc/newlib_stubs.o
 .comment       0x00000056       0x2b N:\EECS373\wubsuit\websuit\SoftConsole\websuit_MSS_MSS_CM3_0\websuit_MSS_MSS_CM3_0_hw_platform\Debug\libwebsuit_MSS_MSS_CM3_0_hw_platform.a(mss_uart.o)
 .comment       0x00000081       0x2b N:\EECS373\wubsuit\websuit\SoftConsole\websuit_MSS_MSS_CM3_0\websuit_MSS_MSS_CM3_0_hw_platform\Debug\libwebsuit_MSS_MSS_CM3_0_hw_platform.a(system_a2fxxxm3.o)

.debug_aranges  0x00000000      0x1e8
 *(.debug_aranges)
 .debug_aranges
                0x00000000       0x58 ./main.o
 .debug_aranges
                0x00000058       0xa8 N:/EECS373/wubsuit/websuit/SoftConsole/websuit_MSS_MSS_CM3_0/websuit_MSS_MSS_CM3_0_hw_platform/Debug/CMSIS/startup_gcc/newlib_stubs.o
 .debug_aranges
                0x00000100       0xc0 N:\EECS373\wubsuit\websuit\SoftConsole\websuit_MSS_MSS_CM3_0\websuit_MSS_MSS_CM3_0_hw_platform\Debug\libwebsuit_MSS_MSS_CM3_0_hw_platform.a(mss_uart.o)
 .debug_aranges
                0x000001c0       0x28 N:\EECS373\wubsuit\websuit\SoftConsole\websuit_MSS_MSS_CM3_0\websuit_MSS_MSS_CM3_0_hw_platform\Debug\libwebsuit_MSS_MSS_CM3_0_hw_platform.a(system_a2fxxxm3.o)

.debug_pubnames
                0x00000000      0x462
 *(.debug_pubnames)
 .debug_pubnames
                0x00000000       0xa7 ./main.o
 .debug_pubnames
                0x000000a7       0xeb N:/EECS373/wubsuit/websuit/SoftConsole/websuit_MSS_MSS_CM3_0/websuit_MSS_MSS_CM3_0_hw_platform/Debug/CMSIS/startup_gcc/newlib_stubs.o
 .debug_pubnames
                0x00000192      0x21c N:\EECS373\wubsuit\websuit\SoftConsole\websuit_MSS_MSS_CM3_0\websuit_MSS_MSS_CM3_0_hw_platform\Debug\libwebsuit_MSS_MSS_CM3_0_hw_platform.a(mss_uart.o)
 .debug_pubnames
                0x000003ae       0xb4 N:\EECS373\wubsuit\websuit\SoftConsole\websuit_MSS_MSS_CM3_0\websuit_MSS_MSS_CM3_0_hw_platform\Debug\libwebsuit_MSS_MSS_CM3_0_hw_platform.a(system_a2fxxxm3.o)

.debug_info     0x00000000     0x3a55
 *(.debug_info .gnu.linkonce.wi.*)
 .debug_info    0x00000000      0xcb5 ./main.o
 .debug_info    0x00000cb5     0x10eb N:/EECS373/wubsuit/websuit/SoftConsole/websuit_MSS_MSS_CM3_0/websuit_MSS_MSS_CM3_0_hw_platform/Debug/CMSIS/startup_gcc/newlib_stubs.o
 .debug_info    0x00001da0     0x1740 N:\EECS373\wubsuit\websuit\SoftConsole\websuit_MSS_MSS_CM3_0\websuit_MSS_MSS_CM3_0_hw_platform\Debug\libwebsuit_MSS_MSS_CM3_0_hw_platform.a(mss_uart.o)
 .debug_info    0x000034e0      0x575 N:\EECS373\wubsuit\websuit\SoftConsole\websuit_MSS_MSS_CM3_0\websuit_MSS_MSS_CM3_0_hw_platform\Debug\libwebsuit_MSS_MSS_CM3_0_hw_platform.a(system_a2fxxxm3.o)

.debug_abbrev   0x00000000      0x852
 *(.debug_abbrev)
 .debug_abbrev  0x00000000      0x1a7 ./main.o
 .debug_abbrev  0x000001a7      0x251 N:/EECS373/wubsuit/websuit/SoftConsole/websuit_MSS_MSS_CM3_0/websuit_MSS_MSS_CM3_0_hw_platform/Debug/CMSIS/startup_gcc/newlib_stubs.o
 .debug_abbrev  0x000003f8      0x306 N:\EECS373\wubsuit\websuit\SoftConsole\websuit_MSS_MSS_CM3_0\websuit_MSS_MSS_CM3_0_hw_platform\Debug\libwebsuit_MSS_MSS_CM3_0_hw_platform.a(mss_uart.o)
 .debug_abbrev  0x000006fe      0x154 N:\EECS373\wubsuit\websuit\SoftConsole\websuit_MSS_MSS_CM3_0\websuit_MSS_MSS_CM3_0_hw_platform\Debug\libwebsuit_MSS_MSS_CM3_0_hw_platform.a(system_a2fxxxm3.o)

.debug_line     0x00000000     0x11e2
 *(.debug_line)
 .debug_line    0x00000000      0x49d ./main.o
 .debug_line    0x0000049d      0x503 N:/EECS373/wubsuit/websuit/SoftConsole/websuit_MSS_MSS_CM3_0/websuit_MSS_MSS_CM3_0_hw_platform/Debug/CMSIS/startup_gcc/newlib_stubs.o
 .debug_line    0x000009a0      0x5d5 N:\EECS373\wubsuit\websuit\SoftConsole\websuit_MSS_MSS_CM3_0\websuit_MSS_MSS_CM3_0_hw_platform\Debug\libwebsuit_MSS_MSS_CM3_0_hw_platform.a(mss_uart.o)
 .debug_line    0x00000f75      0x26d N:\EECS373\wubsuit\websuit\SoftConsole\websuit_MSS_MSS_CM3_0\websuit_MSS_MSS_CM3_0_hw_platform\Debug\libwebsuit_MSS_MSS_CM3_0_hw_platform.a(system_a2fxxxm3.o)

.debug_frame    0x00000000     0x10b4
 *(.debug_frame)
 .debug_frame   0x00000000      0x10c ./main.o
 .debug_frame   0x0000010c      0x174 N:/EECS373/wubsuit/websuit/SoftConsole/websuit_MSS_MSS_CM3_0/websuit_MSS_MSS_CM3_0_hw_platform/Debug/CMSIS/startup_gcc/newlib_stubs.o
 .debug_frame   0x00000280      0x1f0 N:\EECS373\wubsuit\websuit\SoftConsole\websuit_MSS_MSS_CM3_0\websuit_MSS_MSS_CM3_0_hw_platform\Debug\libwebsuit_MSS_MSS_CM3_0_hw_platform.a(mss_uart.o)
 .debug_frame   0x00000470       0x3c N:\EECS373\wubsuit\websuit\SoftConsole\websuit_MSS_MSS_CM3_0\websuit_MSS_MSS_CM3_0_hw_platform\Debug\libwebsuit_MSS_MSS_CM3_0_hw_platform.a(system_a2fxxxm3.o)
 .debug_frame   0x000004ac       0x20 c:/actel/libero_v9.1/softconsole/sourcery-g++/bin/../lib/gcc/arm-none-eabi/4.4.1/../../../../arm-none-eabi/lib/thumb2\libc.a(lib_a-errno.o)
 .debug_frame   0x000004cc       0x2c c:/actel/libero_v9.1/softconsole/sourcery-g++/bin/../lib/gcc/arm-none-eabi/4.4.1/../../../../arm-none-eabi/lib/thumb2\libc.a(lib_a-init.o)
 .debug_frame   0x000004f8       0x5c c:/actel/libero_v9.1/softconsole/sourcery-g++/bin/../lib/gcc/arm-none-eabi/4.4.1/../../../../arm-none-eabi/lib/thumb2\libc.a(lib_a-printf.o)
 .debug_frame   0x00000554       0x70 c:/actel/libero_v9.1/softconsole/sourcery-g++/bin/../lib/gcc/arm-none-eabi/4.4.1/../../../../arm-none-eabi/lib/thumb2\libc.a(lib_a-vfprintf.o)
 .debug_frame   0x000005c4       0x2c c:/actel/libero_v9.1/softconsole/sourcery-g++/bin/../lib/gcc/arm-none-eabi/4.4.1/../../../../arm-none-eabi/lib/thumb2\libc.a(lib_a-wsetup.o)
 .debug_frame   0x000005f0       0x64 c:/actel/libero_v9.1/softconsole/sourcery-g++/bin/../lib/gcc/arm-none-eabi/4.4.1/../../../../arm-none-eabi/lib/thumb2\libc.a(lib_a-dtoa.o)
 .debug_frame   0x00000654       0x40 c:/actel/libero_v9.1/softconsole/sourcery-g++/bin/../lib/gcc/arm-none-eabi/4.4.1/../../../../arm-none-eabi/lib/thumb2\libc.a(lib_a-fflush.o)
 .debug_frame   0x00000694      0x11c c:/actel/libero_v9.1/softconsole/sourcery-g++/bin/../lib/gcc/arm-none-eabi/4.4.1/../../../../arm-none-eabi/lib/thumb2\libc.a(lib_a-findfp.o)
 .debug_frame   0x000007b0       0x50 c:/actel/libero_v9.1/softconsole/sourcery-g++/bin/../lib/gcc/arm-none-eabi/4.4.1/../../../../arm-none-eabi/lib/thumb2\libc.a(lib_a-freer.o)
 .debug_frame   0x00000800       0x3c c:/actel/libero_v9.1/softconsole/sourcery-g++/bin/../lib/gcc/arm-none-eabi/4.4.1/../../../../arm-none-eabi/lib/thumb2\libc.a(lib_a-fvwrite.o)
 .debug_frame   0x0000083c       0x54 c:/actel/libero_v9.1/softconsole/sourcery-g++/bin/../lib/gcc/arm-none-eabi/4.4.1/../../../../arm-none-eabi/lib/thumb2\libc.a(lib_a-fwalk.o)
 .debug_frame   0x00000890       0x6c c:/actel/libero_v9.1/softconsole/sourcery-g++/bin/../lib/gcc/arm-none-eabi/4.4.1/../../../../arm-none-eabi/lib/thumb2\libc.a(lib_a-locale.o)
 .debug_frame   0x000008fc       0x34 c:/actel/libero_v9.1/softconsole/sourcery-g++/bin/../lib/gcc/arm-none-eabi/4.4.1/../../../../arm-none-eabi/lib/thumb2\libc.a(lib_a-makebuf.o)
 .debug_frame   0x00000930       0x30 c:/actel/libero_v9.1/softconsole/sourcery-g++/bin/../lib/gcc/arm-none-eabi/4.4.1/../../../../arm-none-eabi/lib/thumb2\libc.a(lib_a-malloc.o)
 .debug_frame   0x00000960       0x3c c:/actel/libero_v9.1/softconsole/sourcery-g++/bin/../lib/gcc/arm-none-eabi/4.4.1/../../../../arm-none-eabi/lib/thumb2\libc.a(lib_a-mallocr.o)
 .debug_frame   0x0000099c       0x28 c:/actel/libero_v9.1/softconsole/sourcery-g++/bin/../lib/gcc/arm-none-eabi/4.4.1/../../../../arm-none-eabi/lib/thumb2\libc.a(lib_a-memchr.o)
 .debug_frame   0x000009c4       0x34 c:/actel/libero_v9.1/softconsole/sourcery-g++/bin/../lib/gcc/arm-none-eabi/4.4.1/../../../../arm-none-eabi/lib/thumb2\libc.a(lib_a-memcpy.o)
 .debug_frame   0x000009f8       0x2c c:/actel/libero_v9.1/softconsole/sourcery-g++/bin/../lib/gcc/arm-none-eabi/4.4.1/../../../../arm-none-eabi/lib/thumb2\libc.a(lib_a-memmove.o)
 .debug_frame   0x00000a24       0x28 c:/actel/libero_v9.1/softconsole/sourcery-g++/bin/../lib/gcc/arm-none-eabi/4.4.1/../../../../arm-none-eabi/lib/thumb2\libc.a(lib_a-memset.o)
 .debug_frame   0x00000a4c       0x30 c:/actel/libero_v9.1/softconsole/sourcery-g++/bin/../lib/gcc/arm-none-eabi/4.4.1/../../../../arm-none-eabi/lib/thumb2\libc.a(lib_a-mlock.o)
 .debug_frame   0x00000a7c      0x240 c:/actel/libero_v9.1/softconsole/sourcery-g++/bin/../lib/gcc/arm-none-eabi/4.4.1/../../../../arm-none-eabi/lib/thumb2\libc.a(lib_a-mprec.o)
 .debug_frame   0x00000cbc       0x3c c:/actel/libero_v9.1/softconsole/sourcery-g++/bin/../lib/gcc/arm-none-eabi/4.4.1/../../../../arm-none-eabi/lib/thumb2\libc.a(lib_a-reallocr.o)
 .debug_frame   0x00000cf8       0x20 c:/actel/libero_v9.1/softconsole/sourcery-g++/bin/../lib/gcc/arm-none-eabi/4.4.1/../../../../arm-none-eabi/lib/thumb2\libc.a(lib_a-s_isinfd.o)
 .debug_frame   0x00000d18       0x20 c:/actel/libero_v9.1/softconsole/sourcery-g++/bin/../lib/gcc/arm-none-eabi/4.4.1/../../../../arm-none-eabi/lib/thumb2\libc.a(lib_a-s_isnand.o)
 .debug_frame   0x00000d38       0x2c c:/actel/libero_v9.1/softconsole/sourcery-g++/bin/../lib/gcc/arm-none-eabi/4.4.1/../../../../arm-none-eabi/lib/thumb2\libc.a(lib_a-sbrkr.o)
 .debug_frame   0x00000d64       0x70 c:/actel/libero_v9.1/softconsole/sourcery-g++/bin/../lib/gcc/arm-none-eabi/4.4.1/../../../../arm-none-eabi/lib/thumb2\libc.a(lib_a-stdio.o)
 .debug_frame   0x00000dd4       0x30 c:/actel/libero_v9.1/softconsole/sourcery-g++/bin/../lib/gcc/arm-none-eabi/4.4.1/../../../../arm-none-eabi/lib/thumb2\libc.a(lib_a-strcmp.o)
 .debug_frame   0x00000e04       0x20 c:/actel/libero_v9.1/softconsole/sourcery-g++/bin/../lib/gcc/arm-none-eabi/4.4.1/../../../../arm-none-eabi/lib/thumb2\libc.a(lib_a-strlen.o)
 .debug_frame   0x00000e24       0x2c c:/actel/libero_v9.1/softconsole/sourcery-g++/bin/../lib/gcc/arm-none-eabi/4.4.1/../../../../arm-none-eabi/lib/thumb2\libc.a(lib_a-callocr.o)
 .debug_frame   0x00000e50       0x2c c:/actel/libero_v9.1/softconsole/sourcery-g++/bin/../lib/gcc/arm-none-eabi/4.4.1/../../../../arm-none-eabi/lib/thumb2\libc.a(lib_a-closer.o)
 .debug_frame   0x00000e7c       0x3c c:/actel/libero_v9.1/softconsole/sourcery-g++/bin/../lib/gcc/arm-none-eabi/4.4.1/../../../../arm-none-eabi/lib/thumb2\libc.a(lib_a-fclose.o)
 .debug_frame   0x00000eb8       0x2c c:/actel/libero_v9.1/softconsole/sourcery-g++/bin/../lib/gcc/arm-none-eabi/4.4.1/../../../../arm-none-eabi/lib/thumb2\libc.a(lib_a-fstatr.o)
 .debug_frame   0x00000ee4       0x2c c:/actel/libero_v9.1/softconsole/sourcery-g++/bin/../lib/gcc/arm-none-eabi/4.4.1/../../../../arm-none-eabi/lib/thumb2\libc.a(lib_a-isattyr.o)
 .debug_frame   0x00000f10       0x2c c:/actel/libero_v9.1/softconsole/sourcery-g++/bin/../lib/gcc/arm-none-eabi/4.4.1/../../../../arm-none-eabi/lib/thumb2\libc.a(lib_a-lseekr.o)
 .debug_frame   0x00000f3c       0x2c c:/actel/libero_v9.1/softconsole/sourcery-g++/bin/../lib/gcc/arm-none-eabi/4.4.1/../../../../arm-none-eabi/lib/thumb2\libc.a(lib_a-readr.o)
 .debug_frame   0x00000f68       0x64 c:/actel/libero_v9.1/softconsole/sourcery-g++/bin/../lib/gcc/arm-none-eabi/4.4.1/../../../../arm-none-eabi/lib/thumb2\libc.a(lib_a-reent.o)
 .debug_frame   0x00000fcc       0x20 c:/actel/libero_v9.1/softconsole/sourcery-g++/bin/../lib/gcc/arm-none-eabi/4.4.1/thumb2\libgcc.a(_udivsi3.o)
 .debug_frame   0x00000fec       0x50 c:/actel/libero_v9.1/softconsole/sourcery-g++/bin/../lib/gcc/arm-none-eabi/4.4.1/thumb2\libgcc.a(bpabi.o)
 .debug_frame   0x0000103c       0x3c c:/actel/libero_v9.1/softconsole/sourcery-g++/bin/../lib/gcc/arm-none-eabi/4.4.1/thumb2\libgcc.a(_divdi3.o)
 .debug_frame   0x00001078       0x3c c:/actel/libero_v9.1/softconsole/sourcery-g++/bin/../lib/gcc/arm-none-eabi/4.4.1/thumb2\libgcc.a(_udivdi3.o)

.debug_str      0x00000000     0x1839
 *(.debug_str)
 .debug_str     0x00000000      0xeaf ./main.o
                                0xf29 (size before relaxing)
 .debug_str     0x00000eaf      0x277 N:/EECS373/wubsuit/websuit/SoftConsole/websuit_MSS_MSS_CM3_0/websuit_MSS_MSS_CM3_0_hw_platform/Debug/CMSIS/startup_gcc/newlib_stubs.o
                               0x10a5 (size before relaxing)
 .debug_str     0x00001126      0x61c N:\EECS373\wubsuit\websuit\SoftConsole\websuit_MSS_MSS_CM3_0\websuit_MSS_MSS_CM3_0_hw_platform\Debug\libwebsuit_MSS_MSS_CM3_0_hw_platform.a(mss_uart.o)
                               0x14b6 (size before relaxing)
 .debug_str     0x00001742       0xf7 N:\EECS373\wubsuit\websuit\SoftConsole\websuit_MSS_MSS_CM3_0\websuit_MSS_MSS_CM3_0_hw_platform\Debug\libwebsuit_MSS_MSS_CM3_0_hw_platform.a(system_a2fxxxm3.o)
                                0x459 (size before relaxing)

.debug_loc      0x00000000      0xe00
 *(.debug_loc)
 .debug_loc     0x00000000      0x1ac ./main.o
 .debug_loc     0x000001ac      0x30d N:/EECS373/wubsuit/websuit/SoftConsole/websuit_MSS_MSS_CM3_0/websuit_MSS_MSS_CM3_0_hw_platform/Debug/CMSIS/startup_gcc/newlib_stubs.o
 .debug_loc     0x000004b9      0x894 N:\EECS373\wubsuit\websuit\SoftConsole\websuit_MSS_MSS_CM3_0\websuit_MSS_MSS_CM3_0_hw_platform\Debug\libwebsuit_MSS_MSS_CM3_0_hw_platform.a(mss_uart.o)
 .debug_loc     0x00000d4d       0xb3 N:\EECS373\wubsuit\websuit\SoftConsole\websuit_MSS_MSS_CM3_0\websuit_MSS_MSS_CM3_0_hw_platform\Debug\libwebsuit_MSS_MSS_CM3_0_hw_platform.a(system_a2fxxxm3.o)

.debug_macinfo  0x00000000    0x1ec56
 *(.debug_macinfo)
 .debug_macinfo
                0x00000000     0x9477 ./main.o
 .debug_macinfo
                0x00009477     0x9964 N:/EECS373/wubsuit/websuit/SoftConsole/websuit_MSS_MSS_CM3_0/websuit_MSS_MSS_CM3_0_hw_platform/Debug/CMSIS/startup_gcc/newlib_stubs.o
 .debug_macinfo
                0x00012ddb     0x63e3 N:\EECS373\wubsuit\websuit\SoftConsole\websuit_MSS_MSS_CM3_0\websuit_MSS_MSS_CM3_0_hw_platform\Debug\libwebsuit_MSS_MSS_CM3_0_hw_platform.a(mss_uart.o)
 .debug_macinfo
                0x000191be     0x5a98 N:\EECS373\wubsuit\websuit\SoftConsole\websuit_MSS_MSS_CM3_0\websuit_MSS_MSS_CM3_0_hw_platform\Debug\libwebsuit_MSS_MSS_CM3_0_hw_platform.a(system_a2fxxxm3.o)

.debug_weaknames
 *(.debug_weaknames)

.debug_funcnames
 *(.debug_funcnames)

.debug_typenames
 *(.debug_typenames)

.debug_varnames
 *(.debug_varnames)

.note.gnu.arm.ident
 *(.note.gnu.arm.ident)

.ARM.attributes
                0x00000000       0x25
 *(.ARM.attributes)
 .ARM.attributes
                0x00000000       0x19 c:/actel/libero_v9.1/softconsole/sourcery-g++/bin/../lib/gcc/arm-none-eabi/4.4.1/thumb2/crti.o
 .ARM.attributes
                0x00000019       0x29 c:/actel/libero_v9.1/softconsole/sourcery-g++/bin/../lib/gcc/arm-none-eabi/4.4.1/thumb2/crtbegin.o
 .ARM.attributes
                0x00000042       0x31 ./main.o
 .ARM.attributes
                0x00000073       0x21 N:/EECS373/wubsuit/websuit/SoftConsole/websuit_MSS_MSS_CM3_0/websuit_MSS_MSS_CM3_0_hw_platform/Debug/CMSIS/startup_gcc/startup_a2fxxxm3.o
 .ARM.attributes
                0x00000094       0x31 N:/EECS373/wubsuit/websuit/SoftConsole/websuit_MSS_MSS_CM3_0/websuit_MSS_MSS_CM3_0_hw_platform/Debug/CMSIS/startup_gcc/newlib_stubs.o
 .ARM.attributes
                0x000000c5       0x31 N:\EECS373\wubsuit\websuit\SoftConsole\websuit_MSS_MSS_CM3_0\websuit_MSS_MSS_CM3_0_hw_platform\Debug\libwebsuit_MSS_MSS_CM3_0_hw_platform.a(mss_uart.o)
 .ARM.attributes
                0x000000f6       0x31 N:\EECS373\wubsuit\websuit\SoftConsole\websuit_MSS_MSS_CM3_0\websuit_MSS_MSS_CM3_0_hw_platform\Debug\libwebsuit_MSS_MSS_CM3_0_hw_platform.a(system_a2fxxxm3.o)
 .ARM.attributes
                0x00000127       0x29 c:/actel/libero_v9.1/softconsole/sourcery-g++/bin/../lib/gcc/arm-none-eabi/4.4.1/../../../../arm-none-eabi/lib/thumb2\libc.a(lib_a-errno.o)
 .ARM.attributes
                0x00000150       0x29 c:/actel/libero_v9.1/softconsole/sourcery-g++/bin/../lib/gcc/arm-none-eabi/4.4.1/../../../../arm-none-eabi/lib/thumb2\libc.a(lib_a-impure.o)
 .ARM.attributes
                0x00000179       0x29 c:/actel/libero_v9.1/softconsole/sourcery-g++/bin/../lib/gcc/arm-none-eabi/4.4.1/../../../../arm-none-eabi/lib/thumb2\libc.a(lib_a-init.o)
 .ARM.attributes
                0x000001a2       0x29 c:/actel/libero_v9.1/softconsole/sourcery-g++/bin/../lib/gcc/arm-none-eabi/4.4.1/../../../../arm-none-eabi/lib/thumb2\libc.a(lib_a-printf.o)
 .ARM.attributes
                0x000001cb       0x29 c:/actel/libero_v9.1/softconsole/sourcery-g++/bin/../lib/gcc/arm-none-eabi/4.4.1/../../../../arm-none-eabi/lib/thumb2\libc.a(lib_a-vfprintf.o)
 .ARM.attributes
                0x000001f4       0x29 c:/actel/libero_v9.1/softconsole/sourcery-g++/bin/../lib/gcc/arm-none-eabi/4.4.1/../../../../arm-none-eabi/lib/thumb2\libc.a(lib_a-wsetup.o)
 .ARM.attributes
                0x0000021d       0x29 c:/actel/libero_v9.1/softconsole/sourcery-g++/bin/../lib/gcc/arm-none-eabi/4.4.1/../../../../arm-none-eabi/lib/thumb2\libc.a(lib_a-dtoa.o)
 .ARM.attributes
                0x00000246       0x29 c:/actel/libero_v9.1/softconsole/sourcery-g++/bin/../lib/gcc/arm-none-eabi/4.4.1/../../../../arm-none-eabi/lib/thumb2\libc.a(lib_a-fflush.o)
 .ARM.attributes
                0x0000026f       0x29 c:/actel/libero_v9.1/softconsole/sourcery-g++/bin/../lib/gcc/arm-none-eabi/4.4.1/../../../../arm-none-eabi/lib/thumb2\libc.a(lib_a-findfp.o)
 .ARM.attributes
                0x00000298       0x29 c:/actel/libero_v9.1/softconsole/sourcery-g++/bin/../lib/gcc/arm-none-eabi/4.4.1/../../../../arm-none-eabi/lib/thumb2\libc.a(lib_a-freer.o)
 .ARM.attributes
                0x000002c1       0x29 c:/actel/libero_v9.1/softconsole/sourcery-g++/bin/../lib/gcc/arm-none-eabi/4.4.1/../../../../arm-none-eabi/lib/thumb2\libc.a(lib_a-fvwrite.o)
 .ARM.attributes
                0x000002ea       0x29 c:/actel/libero_v9.1/softconsole/sourcery-g++/bin/../lib/gcc/arm-none-eabi/4.4.1/../../../../arm-none-eabi/lib/thumb2\libc.a(lib_a-fwalk.o)
 .ARM.attributes
                0x00000313       0x29 c:/actel/libero_v9.1/softconsole/sourcery-g++/bin/../lib/gcc/arm-none-eabi/4.4.1/../../../../arm-none-eabi/lib/thumb2\libc.a(lib_a-locale.o)
 .ARM.attributes
                0x0000033c       0x29 c:/actel/libero_v9.1/softconsole/sourcery-g++/bin/../lib/gcc/arm-none-eabi/4.4.1/../../../../arm-none-eabi/lib/thumb2\libc.a(lib_a-makebuf.o)
 .ARM.attributes
                0x00000365       0x29 c:/actel/libero_v9.1/softconsole/sourcery-g++/bin/../lib/gcc/arm-none-eabi/4.4.1/../../../../arm-none-eabi/lib/thumb2\libc.a(lib_a-malloc.o)
 .ARM.attributes
                0x0000038e       0x29 c:/actel/libero_v9.1/softconsole/sourcery-g++/bin/../lib/gcc/arm-none-eabi/4.4.1/../../../../arm-none-eabi/lib/thumb2\libc.a(lib_a-mallocr.o)
 .ARM.attributes
                0x000003b7       0x29 c:/actel/libero_v9.1/softconsole/sourcery-g++/bin/../lib/gcc/arm-none-eabi/4.4.1/../../../../arm-none-eabi/lib/thumb2\libc.a(lib_a-memchr.o)
 .ARM.attributes
                0x000003e0       0x29 c:/actel/libero_v9.1/softconsole/sourcery-g++/bin/../lib/gcc/arm-none-eabi/4.4.1/../../../../arm-none-eabi/lib/thumb2\libc.a(lib_a-memcpy.o)
 .ARM.attributes
                0x00000409       0x29 c:/actel/libero_v9.1/softconsole/sourcery-g++/bin/../lib/gcc/arm-none-eabi/4.4.1/../../../../arm-none-eabi/lib/thumb2\libc.a(lib_a-memmove.o)
 .ARM.attributes
                0x00000432       0x29 c:/actel/libero_v9.1/softconsole/sourcery-g++/bin/../lib/gcc/arm-none-eabi/4.4.1/../../../../arm-none-eabi/lib/thumb2\libc.a(lib_a-memset.o)
 .ARM.attributes
                0x0000045b       0x29 c:/actel/libero_v9.1/softconsole/sourcery-g++/bin/../lib/gcc/arm-none-eabi/4.4.1/../../../../arm-none-eabi/lib/thumb2\libc.a(lib_a-mlock.o)
 .ARM.attributes
                0x00000484       0x29 c:/actel/libero_v9.1/softconsole/sourcery-g++/bin/../lib/gcc/arm-none-eabi/4.4.1/../../../../arm-none-eabi/lib/thumb2\libc.a(lib_a-mprec.o)
 .ARM.attributes
                0x000004ad       0x29 c:/actel/libero_v9.1/softconsole/sourcery-g++/bin/../lib/gcc/arm-none-eabi/4.4.1/../../../../arm-none-eabi/lib/thumb2\libc.a(lib_a-reallocr.o)
 .ARM.attributes
                0x000004d6       0x29 c:/actel/libero_v9.1/softconsole/sourcery-g++/bin/../lib/gcc/arm-none-eabi/4.4.1/../../../../arm-none-eabi/lib/thumb2\libc.a(lib_a-s_isinfd.o)
 .ARM.attributes
                0x000004ff       0x29 c:/actel/libero_v9.1/softconsole/sourcery-g++/bin/../lib/gcc/arm-none-eabi/4.4.1/../../../../arm-none-eabi/lib/thumb2\libc.a(lib_a-s_isnand.o)
 .ARM.attributes
                0x00000528       0x29 c:/actel/libero_v9.1/softconsole/sourcery-g++/bin/../lib/gcc/arm-none-eabi/4.4.1/../../../../arm-none-eabi/lib/thumb2\libc.a(lib_a-sbrkr.o)
 .ARM.attributes
                0x00000551       0x29 c:/actel/libero_v9.1/softconsole/sourcery-g++/bin/../lib/gcc/arm-none-eabi/4.4.1/../../../../arm-none-eabi/lib/thumb2\libc.a(lib_a-stdio.o)
 .ARM.attributes
                0x0000057a       0x29 c:/actel/libero_v9.1/softconsole/sourcery-g++/bin/../lib/gcc/arm-none-eabi/4.4.1/../../../../arm-none-eabi/lib/thumb2\libc.a(lib_a-strcmp.o)
 .ARM.attributes
                0x000005a3       0x29 c:/actel/libero_v9.1/softconsole/sourcery-g++/bin/../lib/gcc/arm-none-eabi/4.4.1/../../../../arm-none-eabi/lib/thumb2\libc.a(lib_a-strlen.o)
 .ARM.attributes
                0x000005cc       0x29 c:/actel/libero_v9.1/softconsole/sourcery-g++/bin/../lib/gcc/arm-none-eabi/4.4.1/../../../../arm-none-eabi/lib/thumb2\libc.a(lib_a-callocr.o)
 .ARM.attributes
                0x000005f5       0x29 c:/actel/libero_v9.1/softconsole/sourcery-g++/bin/../lib/gcc/arm-none-eabi/4.4.1/../../../../arm-none-eabi/lib/thumb2\libc.a(lib_a-closer.o)
 .ARM.attributes
                0x0000061e       0x29 c:/actel/libero_v9.1/softconsole/sourcery-g++/bin/../lib/gcc/arm-none-eabi/4.4.1/../../../../arm-none-eabi/lib/thumb2\libc.a(lib_a-fclose.o)
 .ARM.attributes
                0x00000647       0x29 c:/actel/libero_v9.1/softconsole/sourcery-g++/bin/../lib/gcc/arm-none-eabi/4.4.1/../../../../arm-none-eabi/lib/thumb2\libc.a(lib_a-fstatr.o)
 .ARM.attributes
                0x00000670       0x29 c:/actel/libero_v9.1/softconsole/sourcery-g++/bin/../lib/gcc/arm-none-eabi/4.4.1/../../../../arm-none-eabi/lib/thumb2\libc.a(lib_a-isattyr.o)
 .ARM.attributes
                0x00000699       0x29 c:/actel/libero_v9.1/softconsole/sourcery-g++/bin/../lib/gcc/arm-none-eabi/4.4.1/../../../../arm-none-eabi/lib/thumb2\libc.a(lib_a-lseekr.o)
 .ARM.attributes
                0x000006c2       0x29 c:/actel/libero_v9.1/softconsole/sourcery-g++/bin/../lib/gcc/arm-none-eabi/4.4.1/../../../../arm-none-eabi/lib/thumb2\libc.a(lib_a-readr.o)
 .ARM.attributes
                0x000006eb       0x29 c:/actel/libero_v9.1/softconsole/sourcery-g++/bin/../lib/gcc/arm-none-eabi/4.4.1/../../../../arm-none-eabi/lib/thumb2\libc.a(lib_a-reent.o)
 .ARM.attributes
                0x00000714       0x1b c:/actel/libero_v9.1/softconsole/sourcery-g++/bin/../lib/gcc/arm-none-eabi/4.4.1/thumb2\libgcc.a(_udivsi3.o)
 .ARM.attributes
                0x0000072f       0x1b c:/actel/libero_v9.1/softconsole/sourcery-g++/bin/../lib/gcc/arm-none-eabi/4.4.1/thumb2\libgcc.a(_dvmd_tls.o)
 .ARM.attributes
                0x0000074a       0x1b c:/actel/libero_v9.1/softconsole/sourcery-g++/bin/../lib/gcc/arm-none-eabi/4.4.1/thumb2\libgcc.a(_arm_addsubdf3.o)
 .ARM.attributes
                0x00000765       0x1b c:/actel/libero_v9.1/softconsole/sourcery-g++/bin/../lib/gcc/arm-none-eabi/4.4.1/thumb2\libgcc.a(_arm_muldivdf3.o)
 .ARM.attributes
                0x00000780       0x1b c:/actel/libero_v9.1/softconsole/sourcery-g++/bin/../lib/gcc/arm-none-eabi/4.4.1/thumb2\libgcc.a(_arm_cmpdf2.o)
 .ARM.attributes
                0x0000079b       0x1b c:/actel/libero_v9.1/softconsole/sourcery-g++/bin/../lib/gcc/arm-none-eabi/4.4.1/thumb2\libgcc.a(_arm_fixdfsi.o)
 .ARM.attributes
                0x000007b6       0x1b c:/actel/libero_v9.1/softconsole/sourcery-g++/bin/../lib/gcc/arm-none-eabi/4.4.1/thumb2\libgcc.a(_aeabi_uldivmod.o)
 .ARM.attributes
                0x000007d1       0x29 c:/actel/libero_v9.1/softconsole/sourcery-g++/bin/../lib/gcc/arm-none-eabi/4.4.1/thumb2\libgcc.a(bpabi.o)
 .ARM.attributes
                0x000007fa       0x29 c:/actel/libero_v9.1/softconsole/sourcery-g++/bin/../lib/gcc/arm-none-eabi/4.4.1/thumb2\libgcc.a(_divdi3.o)
 .ARM.attributes
                0x00000823       0x29 c:/actel/libero_v9.1/softconsole/sourcery-g++/bin/../lib/gcc/arm-none-eabi/4.4.1/thumb2\libgcc.a(_udivdi3.o)
 .ARM.attributes
                0x0000084c       0x29 c:/actel/libero_v9.1/softconsole/sourcery-g++/bin/../lib/gcc/arm-none-eabi/4.4.1/thumb2/crtend.o
 .ARM.attributes
                0x00000875       0x19 c:/actel/libero_v9.1/softconsole/sourcery-g++/bin/../lib/gcc/arm-none-eabi/4.4.1/thumb2/crtn.o

/DISCARD/
 *(.note.GNU-stack)
 *(.isr_vector)
OUTPUT(websuit_MSS_MSS_CM3_0_app elf32-littlearm)

.debug_ranges   0x00000000      0x1e0
 .debug_ranges  0x00000000       0x50 ./main.o
 .debug_ranges  0x00000050       0xa0 N:/EECS373/wubsuit/websuit/SoftConsole/websuit_MSS_MSS_CM3_0/websuit_MSS_MSS_CM3_0_hw_platform/Debug/CMSIS/startup_gcc/newlib_stubs.o
 .debug_ranges  0x000000f0       0xd0 N:\EECS373\wubsuit\websuit\SoftConsole\websuit_MSS_MSS_CM3_0\websuit_MSS_MSS_CM3_0_hw_platform\Debug\libwebsuit_MSS_MSS_CM3_0_hw_platform.a(mss_uart.o)
 .debug_ranges  0x000001c0       0x20 N:\EECS373\wubsuit\websuit\SoftConsole\websuit_MSS_MSS_CM3_0\websuit_MSS_MSS_CM3_0_hw_platform\Debug\libwebsuit_MSS_MSS_CM3_0_hw_platform.a(system_a2fxxxm3.o)
