Archive member included because of file (symbol)

N:\EECS373\WubSuit\Libero\SoftConsole\wubsuit_base_MSS_MSS_CM3_0\wubsuit_base_MSS_MSS_CM3_0_hw_platform\Debug\libwubsuit_base_MSS_MSS_CM3_0_hw_platform.a(mss_uart.o)
                              N:/EECS373/WubSuit/Libero/SoftConsole/wubsuit_base_MSS_MSS_CM3_0/wubsuit_base_MSS_MSS_CM3_0_hw_platform/Debug/CMSIS/startup_gcc/newlib_stubs.o (MSS_UART_polled_tx)
N:\EECS373\WubSuit\Libero\SoftConsole\wubsuit_base_MSS_MSS_CM3_0\wubsuit_base_MSS_MSS_CM3_0_hw_platform\Debug\libwubsuit_base_MSS_MSS_CM3_0_hw_platform.a(mss_gpio.o)
                              ./suit.o (MSS_GPIO_init)
N:\EECS373\WubSuit\Libero\SoftConsole\wubsuit_base_MSS_MSS_CM3_0\wubsuit_base_MSS_MSS_CM3_0_hw_platform\Debug\libwubsuit_base_MSS_MSS_CM3_0_hw_platform.a(core_uart_apb.o)
                              ./suit.o (UART_get_rx)
N:\EECS373\WubSuit\Libero\SoftConsole\wubsuit_base_MSS_MSS_CM3_0\wubsuit_base_MSS_MSS_CM3_0_hw_platform\Debug\libwubsuit_base_MSS_MSS_CM3_0_hw_platform.a(system_a2fxxxm3.o)
                              N:/EECS373/WubSuit/Libero/SoftConsole/wubsuit_base_MSS_MSS_CM3_0/wubsuit_base_MSS_MSS_CM3_0_hw_platform/Debug/CMSIS/startup_gcc/startup_a2fxxxm3.o (SystemInit)
N:\EECS373\WubSuit\Libero\SoftConsole\wubsuit_base_MSS_MSS_CM3_0\wubsuit_base_MSS_MSS_CM3_0_hw_platform\Debug\libwubsuit_base_MSS_MSS_CM3_0_hw_platform.a(hal_assert.o)
                              N:\EECS373\WubSuit\Libero\SoftConsole\wubsuit_base_MSS_MSS_CM3_0\wubsuit_base_MSS_MSS_CM3_0_hw_platform\Debug\libwubsuit_base_MSS_MSS_CM3_0_hw_platform.a(core_uart_apb.o) (HAL_assert_fail)
N:\EECS373\WubSuit\Libero\SoftConsole\wubsuit_base_MSS_MSS_CM3_0\wubsuit_base_MSS_MSS_CM3_0_hw_platform\Debug\libwubsuit_base_MSS_MSS_CM3_0_hw_platform.a(hw_reg_access.o)
                              N:\EECS373\WubSuit\Libero\SoftConsole\wubsuit_base_MSS_MSS_CM3_0\wubsuit_base_MSS_MSS_CM3_0_hw_platform\Debug\libwubsuit_base_MSS_MSS_CM3_0_hw_platform.a(core_uart_apb.o) (HW_set_8bit_reg)
c:/actel/libero_v9.1/softconsole/sourcery-g++/bin/../lib/gcc/arm-none-eabi/4.4.1/../../../../arm-none-eabi/lib/thumb2\libc.a(lib_a-errno.o)
                              N:/EECS373/WubSuit/Libero/SoftConsole/wubsuit_base_MSS_MSS_CM3_0/wubsuit_base_MSS_MSS_CM3_0_hw_platform/Debug/CMSIS/startup_gcc/newlib_stubs.o (__errno)
c:/actel/libero_v9.1/softconsole/sourcery-g++/bin/../lib/gcc/arm-none-eabi/4.4.1/../../../../arm-none-eabi/lib/thumb2\libc.a(lib_a-impure.o)
                              c:/actel/libero_v9.1/softconsole/sourcery-g++/bin/../lib/gcc/arm-none-eabi/4.4.1/../../../../arm-none-eabi/lib/thumb2\libc.a(lib_a-errno.o) (_impure_ptr)
c:/actel/libero_v9.1/softconsole/sourcery-g++/bin/../lib/gcc/arm-none-eabi/4.4.1/../../../../arm-none-eabi/lib/thumb2\libc.a(lib_a-init.o)
                              N:/EECS373/WubSuit/Libero/SoftConsole/wubsuit_base_MSS_MSS_CM3_0/wubsuit_base_MSS_MSS_CM3_0_hw_platform/Debug/CMSIS/startup_gcc/startup_a2fxxxm3.o (__libc_init_array)
c:/actel/libero_v9.1/softconsole/sourcery-g++/bin/../lib/gcc/arm-none-eabi/4.4.1/../../../../arm-none-eabi/lib/thumb2\libc.a(lib_a-printf.o)
                              ./lcd.o (printf)
c:/actel/libero_v9.1/softconsole/sourcery-g++/bin/../lib/gcc/arm-none-eabi/4.4.1/../../../../arm-none-eabi/lib/thumb2\libc.a(lib_a-vfprintf.o)
                              c:/actel/libero_v9.1/softconsole/sourcery-g++/bin/../lib/gcc/arm-none-eabi/4.4.1/../../../../arm-none-eabi/lib/thumb2\libc.a(lib_a-printf.o) (_vfprintf_r)
c:/actel/libero_v9.1/softconsole/sourcery-g++/bin/../lib/gcc/arm-none-eabi/4.4.1/../../../../arm-none-eabi/lib/thumb2\libc.a(lib_a-wsetup.o)
                              c:/actel/libero_v9.1/softconsole/sourcery-g++/bin/../lib/gcc/arm-none-eabi/4.4.1/../../../../arm-none-eabi/lib/thumb2\libc.a(lib_a-vfprintf.o) (__swsetup_r)
c:/actel/libero_v9.1/softconsole/sourcery-g++/bin/../lib/gcc/arm-none-eabi/4.4.1/../../../../arm-none-eabi/lib/thumb2\libc.a(lib_a-dtoa.o)
                              c:/actel/libero_v9.1/softconsole/sourcery-g++/bin/../lib/gcc/arm-none-eabi/4.4.1/../../../../arm-none-eabi/lib/thumb2\libc.a(lib_a-vfprintf.o) (_dtoa_r)
c:/actel/libero_v9.1/softconsole/sourcery-g++/bin/../lib/gcc/arm-none-eabi/4.4.1/../../../../arm-none-eabi/lib/thumb2\libc.a(lib_a-fflush.o)
                              c:/actel/libero_v9.1/softconsole/sourcery-g++/bin/../lib/gcc/arm-none-eabi/4.4.1/../../../../arm-none-eabi/lib/thumb2\libc.a(lib_a-vfprintf.o) (_fflush_r)
c:/actel/libero_v9.1/softconsole/sourcery-g++/bin/../lib/gcc/arm-none-eabi/4.4.1/../../../../arm-none-eabi/lib/thumb2\libc.a(lib_a-findfp.o)
                              c:/actel/libero_v9.1/softconsole/sourcery-g++/bin/../lib/gcc/arm-none-eabi/4.4.1/../../../../arm-none-eabi/lib/thumb2\libc.a(lib_a-printf.o) (__sinit)
c:/actel/libero_v9.1/softconsole/sourcery-g++/bin/../lib/gcc/arm-none-eabi/4.4.1/../../../../arm-none-eabi/lib/thumb2\libc.a(lib_a-freer.o)
[...]
Memory Configuration

Name             Origin             Length             Attributes
ram              0x20000000         0x00010000         xrw
*default*        0x00000000         0xffffffff

Linker script and memory map

LOAD c:/actel/libero_v9.1/softconsole/sourcery-g++/bin/../lib/gcc/arm-none-eabi/4.4.1/thumb2/crti.o
LOAD c:/actel/libero_v9.1/softconsole/sourcery-g++/bin/../lib/gcc/arm-none-eabi/4.4.1/thumb2/crtbegin.o
LOAD ./lcd.o
LOAD ./main.o
LOAD ./menu.o
LOAD ./midi.o
LOAD ./suit.o
LOAD N:/EECS373/WubSuit/Libero/SoftConsole/wubsuit_base_MSS_MSS_CM3_0/wubsuit_base_MSS_MSS_CM3_0_hw_platform/Debug/CMSIS/startup_gcc/startup_a2fxxxm3.o
LOAD N:/EECS373/WubSuit/Libero/SoftConsole/wubsuit_base_MSS_MSS_CM3_0/wubsuit_base_MSS_MSS_CM3_0_hw_platform/Debug/CMSIS/startup_gcc/newlib_stubs.o
LOAD N:\EECS373\WubSuit\Libero\SoftConsole\wubsuit_base_MSS_MSS_CM3_0\wubsuit_base_MSS_MSS_CM3_0_hw_platform\Debug\libwubsuit_base_MSS_MSS_CM3_0_hw_platform.a
START GROUP
LOAD c:/actel/libero_v9.1/softconsole/sourcery-g++/bin/../lib/gcc/arm-none-eabi/4.4.1/thumb2\libgcc.a
LOAD c:/actel/libero_v9.1/softconsole/sourcery-g++/bin/../lib/gcc/arm-none-eabi/4.4.1/../../../../arm-none-eabi/lib/thumb2\libc.a
END GROUP
LOAD c:/actel/libero_v9.1/softconsole/sourcery-g++/bin/../lib/gcc/arm-none-eabi/4.4.1/thumb2/crtend.o
LOAD c:/actel/libero_v9.1/softconsole/sourcery-g++/bin/../lib/gcc/arm-none-eabi/4.4.1/thumb2/crtn.o
START GROUP
LOAD c:/actel/libero_v9.1/softconsole/sourcery-g++/bin/../lib/gcc/arm-none-eabi/4.4.1/../../../../arm-none-eabi/lib/thumb2\libc.a
LOAD c:/actel/libero_v9.1/softconsole/sourcery-g++/bin/../lib/gcc/arm-none-eabi/4.4.1/thumb2\libgcc.a
LOAD c:/actel/libero_v9.1/softconsole/sourcery-g++/bin/../lib/gcc/arm-none-eabi/4.4.1/../../../../arm-none-eabi/lib/thumb2\libm.a
END GROUP
                0x00000000                __DYNAMIC = 0x0
                0x20000000                RAM_START_ADDRESS = 0x20000000
                0x00010000                RAM_SIZE = 0x10000
                0x00002000                MAIN_STACK_SIZE = 0x2000
                0x00001000                PROCESS_STACK_SIZE = 0x1000
                0x20010000                PROVIDE (__main_stack_start, (RAM_START_ADDRESS + RAM_SIZE))
                0x2000e000                PROVIDE (__process_stack_start, (__main_stack_start - MAIN_STACK_SIZE))
                0x20010000                PROVIDE (_estack, __main_stack_start)
                0x00000000                PROVIDE (__mirrored_nvm, 0x0)

.text           0x20000000     0x9500
 CREATE_OBJECT_SYMBOLS
                0x20000000                __text_load = LOADADDR (.text)
                0x20000000                __text_start = .
 *(.isr_vector)
 .isr_vector    0x20000000      0x470 N:/EECS373/WubSuit/Libero/SoftConsole/wubsuit_base_MSS_MSS_CM3_0/wubsuit_base_MSS_MSS_CM3_0_hw_platform/Debug/CMSIS/startup_gcc/startup_a2fxxxm3.o
                0x20000000                g_pfnVectors
                0x20000298                Reset_Handler
                0x20000308                NMI_Handler
                0x2000030a                HardFault_Handler
                0x2000030c                MemManage_Handler
                0x2000030e                BusFault_Handler
                0x20000310                UsageFault_Handler
                0x20000312                SVC_Handler
                0x20000314                DebugMon_Handler
                0x20000316                PendSV_Handler
                0x20000318                SysTick_Handler
                0x2000031a                WdogWakeup_IRQHandler
                0x2000031c                BrownOut_1_5V_IRQHandler
                0x2000031e                BrownOut_3_3V_IRQHandler
                0x20000320                RTC_Match_IRQHandler
                0x20000322                RTCIF_Pub_IRQHandler
                0x20000324                EthernetMAC_IRQHandler
                0x20000326                IAP_IRQHandler
                0x20000328                ENVM0_IRQHandler
                0x2000032a                ENVM1_IRQHandler
                0x2000032c                DMA_IRQHandler
                0x20000332                SPI0_IRQHandler
                0x20000334                SPI1_IRQHandler
                0x20000336                I2C0_IRQHandler
                0x20000338                I2C0_SMBAlert_IRQHandler
                0x2000033a                I2C0_SMBus_IRQHandler
                0x2000033c                I2C1_IRQHandler
                0x2000033e                I2C1_SMBAlert_IRQHandler
                0x20000340                I2C1_SMBus_IRQHandler
                0x20000342                Timer1_IRQHandler
                0x20000344                Timer2_IRQHandler
                0x20000346                PLL_Lock_IRQHandler
                0x20000348                PLL_LockLost_IRQHandler
                0x2000034a                CommError_IRQHandler
                0x2000034c                Fabric_IRQHandler
                0x20000356                GPIO4_IRQHandler
                0x20000358                GPIO5_IRQHandler
                0x2000035a                GPIO6_IRQHandler
                0x2000035c                GPIO7_IRQHandler
                0x2000035e                GPIO8_IRQHandler
                0x20000360                GPIO9_IRQHandler
                0x20000362                GPIO10_IRQHandler
                0x20000364                GPIO11_IRQHandler
                0x20000366                GPIO12_IRQHandler
                0x20000368                GPIO13_IRQHandler
                0x2000036a                GPIO14_IRQHandler
                0x2000036c                GPIO15_IRQHandler
                0x2000036e                GPIO16_IRQHandler
                0x20000370                GPIO17_IRQHandler
                0x20000372                GPIO18_IRQHandler
                0x20000374                GPIO19_IRQHandler
                0x20000376                GPIO20_IRQHandler
                0x20000378                GPIO21_IRQHandler
                0x2000037a                GPIO22_IRQHandler
                0x2000037c                GPIO23_IRQHandler
                0x2000037e                GPIO24_IRQHandler
                0x20000380                GPIO25_IRQHandler
                0x20000382                GPIO26_IRQHandler
                0x20000384                GPIO27_IRQHandler
                0x20000386                GPIO28_IRQHandler
                0x20000388                GPIO29_IRQHandler
                0x2000038a                GPIO30_IRQHandler
                0x2000038c                GPIO31_IRQHandler
                0x2000038e                ACE_PC0_Flag0_IRQHandler
                0x20000390                ACE_PC0_Flag1_IRQHandler
                0x20000392                ACE_PC0_Flag2_IRQHandler
                0x20000394                ACE_PC0_Flag3_IRQHandler
                0x20000396                ACE_PC1_Flag0_IRQHandler
                0x20000398                ACE_PC1_Flag1_IRQHandler
                0x2000039a                ACE_PC1_Flag2_IRQHandler
                0x2000039c                ACE_PC1_Flag3_IRQHandler
                0x2000039e                ACE_PC2_Flag0_IRQHandler
                0x200003a0                ACE_PC2_Flag1_IRQHandler
                0x200003a2                ACE_PC2_Flag2_IRQHandler
                0x200003a4                ACE_PC2_Flag3_IRQHandler
                0x200003a6                ACE_ADC0_DataValid_IRQHandler
                0x200003a8                ACE_ADC1_DataValid_IRQHandler
                0x200003aa                ACE_ADC2_DataValid_IRQHandler
                0x200003ac                ACE_ADC0_CalDone_IRQHandler
                0x200003ae                ACE_ADC1_CalDone_IRQHandler
                0x200003b0                ACE_ADC2_CalDone_IRQHandler
                0x200003b2                ACE_ADC0_CalStart_IRQHandler
                0x200003b4                ACE_ADC1_CalStart_IRQHandler
                0x200003b6                ACE_ADC2_CalStart_IRQHandler
                0x200003b8                ACE_Comp0_Fall_IRQHandler
                0x200003ba                ACE_Comp1_Fall_IRQHandler
                0x200003bc                ACE_Comp2_Fall_IRQHandler
                0x200003be                ACE_Comp3_Fall_IRQHandler
                0x200003c0                ACE_Comp4_Fall_IRQHandler
                0x200003c2                ACE_Comp5_Fall_IRQHandler
                0x200003c4                ACE_Comp6_Fall_IRQHandler
                0x200003c6                ACE_Comp7_Fall_IRQHandler
                0x200003c8                ACE_Comp8_Fall_IRQHandler
                0x200003ca                ACE_Comp9_Fall_IRQHandler
                0x200003cc                ACE_Comp10_Fall_IRQHandler
                0x200003ce                ACE_Comp11_Fall_IRQHandler
                0x200003d0                ACE_Comp0_Rise_IRQHandler
                0x200003d2                ACE_Comp1_Rise_IRQHandler
                0x200003d4                ACE_Comp2_Rise_IRQHandler
                0x200003d6                ACE_Comp3_Rise_IRQHandler
                0x200003d8                ACE_Comp4_Rise_IRQHandler
                0x200003da                ACE_Comp5_Rise_IRQHandler
                0x200003dc                ACE_Comp6_Rise_IRQHandler
                0x200003de                ACE_Comp7_Rise_IRQHandler
                0x200003e0                ACE_Comp8_Rise_IRQHandler
                0x200003e2                ACE_Comp9_Rise_IRQHandler
                0x200003e4                ACE_Comp10_Rise_IRQHandler
                0x200003e6                ACE_Comp11_Rise_IRQHandler
                0x200003e8                ACE_ADC0_FifoFull_IRQHandler
                0x200003ea                ACE_ADC0_FifoAFull_IRQHandler
                0x200003ec                ACE_ADC0_FifoEmpty_IRQHandler
                0x200003ee                ACE_ADC1_FifoFull_IRQHandler
                0x200003f0                ACE_ADC1_FifoAFull_IRQHandler
                0x200003f2                ACE_ADC1_FifoEmpty_IRQHandler
                0x200003f4                ACE_ADC2_FifoFull_IRQHandler
                0x200003f6                ACE_ADC2_FifoAFull_IRQHandler
                0x200003f8                ACE_ADC2_FifoEmpty_IRQHandler
                0x200003fa                ACE_PPE_Flag0_IRQHandler
                0x200003fc                ACE_PPE_Flag1_IRQHandler
                0x200003fe                ACE_PPE_Flag2_IRQHandler
                0x20000400                ACE_PPE_Flag3_IRQHandler
                0x20000402                ACE_PPE_Flag4_IRQHandler
                0x20000404                ACE_PPE_Flag5_IRQHandler
                0x20000406                ACE_PPE_Flag6_IRQHandler
                0x20000408                ACE_PPE_Flag7_IRQHandler
                0x2000040a                ACE_PPE_Flag8_IRQHandler
                0x2000040c                ACE_PPE_Flag9_IRQHandler
                0x2000040e                ACE_PPE_Flag10_IRQHandler
                0x20000410                ACE_PPE_Flag11_IRQHandler
                0x20000412                ACE_PPE_Flag12_IRQHandler
                0x20000414                ACE_PPE_Flag13_IRQHandler
                0x20000416                ACE_PPE_Flag14_IRQHandler
                0x20000418                ACE_PPE_Flag15_IRQHandler
                0x2000041a                ACE_PPE_Flag16_IRQHandler
                0x2000041c                ACE_PPE_Flag17_IRQHandler
                0x2000041e                ACE_PPE_Flag18_IRQHandler
                0x20000420                ACE_PPE_Flag19_IRQHandler
                0x20000422                ACE_PPE_Flag20_IRQHandler
                0x20000424                ACE_PPE_Flag21_IRQHandler
                0x20000426                ACE_PPE_Flag22_IRQHandler
                0x20000428                ACE_PPE_Flag23_IRQHandler
                0x2000042a                ACE_PPE_Flag24_IRQHandler
                0x2000042c                ACE_PPE_Flag25_IRQHandler
                0x2000042e                ACE_PPE_Flag26_IRQHandler
                0x20000430                ACE_PPE_Flag27_IRQHandler
                0x20000432                ACE_PPE_Flag28_IRQHandler
                0x20000434                ACE_PPE_Flag29_IRQHandler
                0x20000436                ACE_PPE_Flag30_IRQHandler
                0x20000438                ACE_PPE_Flag31_IRQHandler
 *(.text .text.* .gnu.linkonce.t.*)
 .text          0x20000470       0x30 c:/actel/libero_v9.1/softconsole/sourcery-g++/bin/../lib/gcc/arm-none-eabi/4.4.1/thumb2/crtbegin.o
 .text.LCD_setSelectorPosition
                0x200004a0       0x3c ./lcd.o
                0x200004a0                LCD_setSelectorPosition
 .text.LCD_drawString
                0x200004dc       0x2c ./lcd.o
                0x200004dc                LCD_drawString
 .text.LCD_clearScreen
                0x20000508       0x14 ./lcd.o
                0x20000508                LCD_clearScreen
 .text.main     0x2000051c        0xc ./main.o
                0x2000051c                main
 .text.Menu_init
                0x20000528      0x9dc ./menu.o
                0x20000528                Menu_init
 .text.Menu_displayCurrentMenu
                0x20000f04       0xdc ./menu.o
                0x20000f04                Menu_displayCurrentMenu
 .text.Menu_setMenu
                0x20000fe0       0x3c ./menu.o
                0x20000fe0                Menu_setMenu
 .text.Menu_moveDown
                0x2000101c       0x50 ./menu.o
                0x2000101c                Menu_moveDown
 .text.Menu_select
                0x2000106c       0x6c ./menu.o
                0x2000106c                Menu_select
 .text.Menu_getNoteString
                0x200010d8       0x28 ./menu.o
                0x200010d8                Menu_getNoteString
 .text.Menu_waitForInput
                0x20001100       0x7c ./menu.o
                0x20001100                Menu_waitForInput
 .text.MIDI_init
                0x2000117c       0x20 ./midi.o
                0x2000117c                MIDI_init
 .text.MIDI_sendMessage
                0x2000119c       0x28 ./midi.o
                0x2000119c                MIDI_sendMessage
 .text.MIDI_noteOn
                0x200011c4       0x4c ./midi.o
                0x200011c4                MIDI_noteOn
 .text.MIDI_noteOff
                0x20001210       0x48 ./midi.o
                0x20001210                MIDI_noteOff
 .text.MIDI_pitchWheelChange
                0x20001258       0x50 ./midi.o
                0x20001258                MIDI_pitchWheelChange
 .text.NVIC_EnableIRQ
                0x200012a8       0x38 ./suit.o
 .text.NVIC_ClearPendingIRQ
                0x200012e0       0x3c ./suit.o
 .text.MSS_GPIO_get_inputs
                0x2000131c       0x18 ./suit.o
 .text.GPIO0_IRQHandler
                0x20001334      0x1c0 ./suit.o
                0x20001334                GPIO0_IRQHandler
 .text.GPIO1_IRQHandler
                0x200014f4      0x1b0 ./suit.o
                0x200014f4                GPIO1_IRQHandler
 .text.GPIO2_IRQHandler
                0x200016a4       0x50 ./suit.o
                0x200016a4                GPIO2_IRQHandler
 .text.GPIO3_IRQHandler
                0x200016f4       0x2c ./suit.o
                0x200016f4                GPIO3_IRQHandler
 .text.Suit_init
                0x20001720      0x344 ./suit.o
                0x20001720                Suit_init
 .text.Suit_handleMIDIMessage
                0x20001a64       0xbc ./suit.o
                0x20001a64                Suit_handleMIDIMessage
 .text.Suit_turnOnLightChannel
                0x20001b20       0x40 ./suit.o
                0x20001b20                Suit_turnOnLightChannel
 .text.Suit_turnOffLightChannel
                0x20001b60       0x44 ./suit.o
                0x20001b60                Suit_turnOffLightChannel
 .text.Suit_MIDIToLightChannel
                0x20001ba4       0x48 ./suit.o
                0x20001ba4                Suit_MIDIToLightChannel
 .text.Suit_newSensorValues
                0x20001bec       0xfc ./suit.o
                0x20001bec                Suit_newSensorValues
 .text.Suit_capButtonPressed
                0x20001ce8       0xc4 ./suit.o
                0x20001ce8                Suit_capButtonPressed
 .text.Suit_capButtonReleased
                0x20001dac       0x50 ./suit.o
                0x20001dac                Suit_capButtonReleased
 .text.Suit_LPiezoPressed
                0x20001dfc       0x5c ./suit.o
                0x20001dfc                Suit_LPiezoPressed
 .text.Suit_mapValue
                0x20001e58       0x44 ./suit.o
                0x20001e58                Suit_mapValue
 .text.Suit_setMode
                0x20001e9c       0x28 ./suit.o
                0x20001e9c                Suit_setMode
 .text._close   0x20001ec4        0x8 N:/EECS373/WubSuit/Libero/SoftConsole/wubsuit_base_MSS_MSS_CM3_0/wubsuit_base_MSS_MSS_CM3_0_hw_platform/Debug/CMSIS/startup_gcc/newlib_stubs.o
                0x20001ec4                _close
 .text._exit    0x20001ecc        0x4 N:/EECS373/WubSuit/Libero/SoftConsole/wubsuit_base_MSS_MSS_CM3_0/wubsuit_base_MSS_MSS_CM3_0_hw_platform/Debug/CMSIS/startup_gcc/newlib_stubs.o
                0x20001ecc                _exit
 .text._fstat   0x20001ed0        0xc N:/EECS373/WubSuit/Libero/SoftConsole/wubsuit_base_MSS_MSS_CM3_0/wubsuit_base_MSS_MSS_CM3_0_hw_platform/Debug/CMSIS/startup_gcc/newlib_stubs.o
                0x20001ed0                _fstat
 .text._isatty  0x20001edc        0x8 N:/EECS373/WubSuit/Libero/SoftConsole/wubsuit_base_MSS_MSS_CM3_0/wubsuit_base_MSS_MSS_CM3_0_hw_platform/Debug/CMSIS/startup_gcc/newlib_stubs.o
                0x20001edc                _isatty
 .text._lseek   0x20001ee4        0x8 N:/EECS373/WubSuit/Libero/SoftConsole/wubsuit_base_MSS_MSS_CM3_0/wubsuit_base_MSS_MSS_CM3_0_hw_platform/Debug/CMSIS/startup_gcc/newlib_stubs.o
                0x20001ee4                _lseek
 .text._read    0x20001eec        0x8 N:/EECS373/WubSuit/Libero/SoftConsole/wubsuit_base_MSS_MSS_CM3_0/wubsuit_base_MSS_MSS_CM3_0_hw_platform/Debug/CMSIS/startup_gcc/newlib_stubs.o
                0x20001eec                _read
 .text._write_r
                0x20001ef4       0x48 N:/EECS373/WubSuit/Libero/SoftConsole/wubsuit_base_MSS_MSS_CM3_0/wubsuit_base_MSS_MSS_CM3_0_hw_platform/Debug/CMSIS/startup_gcc/newlib_stubs.o
                0x20001ef4                _write_r
 .text._sbrk    0x20001f3c       0x64 N:/EECS373/WubSuit/Libero/SoftConsole/wubsuit_base_MSS_MSS_CM3_0/wubsuit_base_MSS_MSS_CM3_0_hw_platform/Debug/CMSIS/startup_gcc/newlib_stubs.o
                0x20001f3c                _sbrk
 .text.MSS_UART_polled_tx
                0x20001fa0       0xac N:\EECS373\WubSuit\Libero\SoftConsole\wubsuit_base_MSS_MSS_CM3_0\wubsuit_base_MSS_MSS_CM3_0_hw_platform\Debug\libwubsuit_base_MSS_MSS_CM3_0_hw_platform.a(mss_uart.o)
                0x20001fa0                MSS_UART_polled_tx
 .text.MSS_UART_isr
                0x2000204c       0x70 N:\EECS373\WubSuit\Libero\SoftConsole\wubsuit_base_MSS_MSS_CM3_0\wubsuit_base_MSS_MSS_CM3_0_hw_platform\Debug\libwubsuit_base_MSS_MSS_CM3_0_hw_platform.a(mss_uart.o)
 .text.default_tx_handler
                0x200020bc       0xa8 N:\EECS373\WubSuit\Libero\SoftConsole\wubsuit_base_MSS_MSS_CM3_0\wubsuit_base_MSS_MSS_CM3_0_hw_platform\Debug\libwubsuit_base_MSS_MSS_CM3_0_hw_platform.a(mss_uart.o)
 .text.UART0_IRQHandler
                0x20002164       0x30 N:\EECS373\WubSuit\Libero\SoftConsole\wubsuit_base_MSS_MSS_CM3_0\wubsuit_base_MSS_MSS_CM3_0_hw_platform\Debug\libwubsuit_base_MSS_MSS_CM3_0_hw_platform.a(mss_uart.o)
                0x20002164                UART0_IRQHandler
 .text.UART1_IRQHandler
                0x20002194       0x30 N:\EECS373\WubSuit\Libero\SoftConsole\wubsuit_base_MSS_MSS_CM3_0\wubsuit_base_MSS_MSS_CM3_0_hw_platform\Debug\libwubsuit_base_MSS_MSS_CM3_0_hw_platform.a(mss_uart.o)
                0x20002194                UART1_IRQHandler
 .text.MSS_UART_init
                0x200021c4      0x150 N:\EECS373\WubSuit\Libero\SoftConsole\wubsuit_base_MSS_MSS_CM3_0\wubsuit_base_MSS_MSS_CM3_0_hw_platform\Debug\libwubsuit_base_MSS_MSS_CM3_0_hw_platform.a(mss_uart.o)
                0x200021c4                MSS_UART_init
 .text.MSS_GPIO_init
                0x20002314       0x60 N:\EECS373\WubSuit\Libero\SoftConsole\wubsuit_base_MSS_MSS_CM3_0\wubsuit_base_MSS_MSS_CM3_0_hw_platform\Debug\libwubsuit_base_MSS_MSS_CM3_0_hw_platform.a(mss_gpio.o)
                0x20002314                MSS_GPIO_init
 .text.MSS_GPIO_config
                0x20002374       0x18 N:\EECS373\WubSuit\Libero\SoftConsole\wubsuit_base_MSS_MSS_CM3_0\wubsuit_base_MSS_MSS_CM3_0_hw_platform\Debug\libwubsuit_base_MSS_MSS_CM3_0_hw_platform.a(mss_gpio.o)
                0x20002374                MSS_GPIO_config
 .text.MSS_GPIO_enable_irq
                0x2000238c       0x48 N:\EECS373\WubSuit\Libero\SoftConsole\wubsuit_base_MSS_MSS_CM3_0\wubsuit_base_MSS_MSS_CM3_0_hw_platform\Debug\libwubsuit_base_MSS_MSS_CM3_0_hw_platform.a(mss_gpio.o)
                0x2000238c                MSS_GPIO_enable_irq
 .text.MSS_GPIO_clear_irq
                0x200023d4       0x48 N:\EECS373\WubSuit\Libero\SoftConsole\wubsuit_base_MSS_MSS_CM3_0\wubsuit_base_MSS_MSS_CM3_0_hw_platform\Debug\libwubsuit_base_MSS_MSS_CM3_0_hw_platform.a(mss_gpio.o)
                0x200023d4                MSS_GPIO_clear_irq
 .text.UART_get_rx
                0x2000241c      0x118 N:\EECS373\WubSuit\Libero\SoftConsole\wubsuit_base_MSS_MSS_CM3_0\wubsuit_base_MSS_MSS_CM3_0_hw_platform\Debug\libwubsuit_base_MSS_MSS_CM3_0_hw_platform.a(core_uart_apb.o)
                0x2000241c                UART_get_rx
 .text.UART_send
                0x20002534       0xe4 N:\EECS373\WubSuit\Libero\SoftConsole\wubsuit_base_MSS_MSS_CM3_0\wubsuit_base_MSS_MSS_CM3_0_hw_platform\Debug\libwubsuit_base_MSS_MSS_CM3_0_hw_platform.a(core_uart_apb.o)
                0x20002534                UART_send
 .text.UART_init
                0x20002618      0x1cc N:\EECS373\WubSuit\Libero\SoftConsole\wubsuit_base_MSS_MSS_CM3_0\wubsuit_base_MSS_MSS_CM3_0_hw_platform\Debug\libwubsuit_base_MSS_MSS_CM3_0_hw_platform.a(core_uart_apb.o)
                0x20002618                UART_init
 .text.SystemInit
                0x200027e4        0x4 N:\EECS373\WubSuit\Libero\SoftConsole\wubsuit_base_MSS_MSS_CM3_0\wubsuit_base_MSS_MSS_CM3_0_hw_platform\Debug\libwubsuit_base_MSS_MSS_CM3_0_hw_platform.a(system_a2fxxxm3.o)
                0x200027e4                SystemInit
 .text.SystemCoreClockUpdate
                0x200027e8      0x130 N:\EECS373\WubSuit\Libero\SoftConsole\wubsuit_base_MSS_MSS_CM3_0\wubsuit_base_MSS_MSS_CM3_0_hw_platform\Debug\libwubsuit_base_MSS_MSS_CM3_0_hw_platform.a(system_a2fxxxm3.o)
                0x200027e8                SystemCoreClockUpdate
 .text.HAL_assert_fail
                0x20002918       0x18 N:\EECS373\WubSuit\Libero\SoftConsole\wubsuit_base_MSS_MSS_CM3_0\wubsuit_base_MSS_MSS_CM3_0_hw_platform\Debug\libwubsuit_base_MSS_MSS_CM3_0_hw_platform.a(hal_assert.o)
                0x20002918                HAL_assert_fail
 .text          0x20002930       0x90 N:\EECS373\WubSuit\Libero\SoftConsole\wubsuit_base_MSS_MSS_CM3_0\wubsuit_base_MSS_MSS_CM3_0_hw_platform\Debug\libwubsuit_base_MSS_MSS_CM3_0_hw_platform.a(hw_reg_access.o)
                0x20002930                HW_set_32bit_reg
                0x20002934                HW_get_32bit_reg
                0x20002938                HW_set_32bit_reg_field
                0x20002954                HW_get_32bit_reg_field
                0x20002960                HW_set_16bit_reg
                0x20002964                HW_get_16bit_reg
                0x20002968                HW_set_16bit_reg_field
                0x20002984                HW_get_16bit_reg_field
                0x20002990                HW_set_8bit_reg
                0x20002994                HW_get_8bit_reg
                0x20002998                HW_set_8bit_reg_field
                0x200029b4                HW_get_8bit_reg_field
 .text          0x200029c0       0x50 c:/actel/libero_v9.1/softconsole/sourcery-g++/bin/../lib/gcc/arm-none-eabi/4.4.1/../../../../arm-none-eabi/lib/thumb2\libc.a(lib_a-init.o)
                0x200029c0                __libc_init_array
 .text          0x20002a10       0x64 c:/actel/libero_v9.1/softconsole/sourcery-g++/bin/../lib/gcc/arm-none-eabi/4.4.1/../../../../arm-none-eabi/lib/thumb2\libc.a(lib_a-printf.o)
                0x20002a10                printf
                0x20002a48                _printf_r
 .text          0x20002a74     0x1940 c:/actel/libero_v9.1/softconsole/sourcery-g++/bin/../lib/gcc/arm-none-eabi/4.4.1/../../../../arm-none-eabi/lib/thumb2\libc.a(lib_a-vfprintf.o)
                0x20002a90                _vfprintf_r
                0x20004398                vfprintf
 .text          0x200043b4      0x104 c:/actel/libero_v9.1/softconsole/sourcery-g++/bin/../lib/gcc/arm-none-eabi/4.4.1/../../../../arm-none-eabi/lib/thumb2\libc.a(lib_a-wsetup.o)
                0x200043b4                __swsetup_r
 .text          0x200044b8      0xfb8 c:/actel/libero_v9.1/softconsole/sourcery-g++/bin/../lib/gcc/arm-none-eabi/4.4.1/../../../../arm-none-eabi/lib/thumb2\libc.a(lib_a-dtoa.o)
                0x200045d8                _dtoa_r
 .text          0x20005470      0x178 c:/actel/libero_v9.1/softconsole/sourcery-g++/bin/../lib/gcc/arm-none-eabi/4.4.1/../../../../arm-none-eabi/lib/thumb2\libc.a(lib_a-fflush.o)
                0x20005470                _fflush_r
                0x200055c0                fflush
 .text          0x200055e8      0x1c8 c:/actel/libero_v9.1/softconsole/sourcery-g++/bin/../lib/gcc/arm-none-eabi/4.4.1/../../../../arm-none-eabi/lib/thumb2\libc.a(lib_a-findfp.o)
                0x200055e8                __sfp_lock_acquire
                0x200055ec                __sfp_lock_release
                0x200055f0                __sinit_lock_acquire
                0x200055f4                __sinit_lock_release
                0x20005600                __fp_unlock_all
                0x20005618                __fp_lock_all
                0x20005630                _cleanup_r
                0x2000563c                _cleanup
                0x20005698                __sfmoreglue
                0x200056c8                __sfp
                0x20005750                __sinit
 .text          0x200057b0      0x268 c:/actel/libero_v9.1/softconsole/sourcery-g++/bin/../lib/gcc/arm-none-eabi/4.4.1/../../../../arm-none-eabi/lib/thumb2\libc.a(lib_a-freer.o)
                0x200057b0                _malloc_trim_r
                0x20005858                _free_r
 .text          0x20005a18      0x334 c:/actel/libero_v9.1/softconsole/sourcery-g++/bin/../lib/gcc/arm-none-eabi/4.4.1/../../../../arm-none-eabi/lib/thumb2\libc.a(lib_a-fvwrite.o)
                0x20005a18                __sfvwrite_r
 .text          0x20005d4c       0xa0 c:/actel/libero_v9.1/softconsole/sourcery-g++/bin/../lib/gcc/arm-none-eabi/4.4.1/../../../../arm-none-eabi/lib/thumb2\libc.a(lib_a-fwalk.o)
                0x20005d4c                _fwalk_reent
                0x20005da0                _fwalk
 .text          0x20005dec       0x74 c:/actel/libero_v9.1/softconsole/sourcery-g++/bin/../lib/gcc/arm-none-eabi/4.4.1/../../../../arm-none-eabi/lib/thumb2\libc.a(lib_a-locale.o)
                0x20005dec                __locale_charset
                0x20005df8                _localeconv_r
                0x20005e00                localeconv
                0x20005e08                _setlocale_r
                0x20005e50                setlocale
 .text          0x20005e60       0xdc c:/actel/libero_v9.1/softconsole/sourcery-g++/bin/../lib/gcc/arm-none-eabi/4.4.1/../../../../arm-none-eabi/lib/thumb2\libc.a(lib_a-makebuf.o)
                0x20005e60                __smakebuf_r
 .text          0x20005f3c       0x20 c:/actel/libero_v9.1/softconsole/sourcery-g++/bin/../lib/gcc/arm-none-eabi/4.4.1/../../../../arm-none-eabi/lib/thumb2\libc.a(lib_a-malloc.o)
                0x20005f3c                free
                0x20005f4c                malloc
 .text          0x20005f5c      0x5a4 c:/actel/libero_v9.1/softconsole/sourcery-g++/bin/../lib/gcc/arm-none-eabi/4.4.1/../../../../arm-none-eabi/lib/thumb2\libc.a(lib_a-mallocr.o)
                0x20005f5c                _malloc_r
 .text          0x20006500       0x74 c:/actel/libero_v9.1/softconsole/sourcery-g++/bin/../lib/gcc/arm-none-eabi/4.4.1/../../../../arm-none-eabi/lib/thumb2\libc.a(lib_a-memchr.o)
                0x20006500                memchr
 .text          0x20006574      0x190 c:/actel/libero_v9.1/softconsole/sourcery-g++/bin/../lib/gcc/arm-none-eabi/4.4.1/../../../../arm-none-eabi/lib/thumb2\libc.a(lib_a-memcpy.o)
                0x20006574                memcpy
 .text          0x20006704       0xb8 c:/actel/libero_v9.1/softconsole/sourcery-g++/bin/../lib/gcc/arm-none-eabi/4.4.1/../../../../arm-none-eabi/lib/thumb2\libc.a(lib_a-memmove.o)
                0x20006704                memmove
 .text          0x200067bc       0xd4 c:/actel/libero_v9.1/softconsole/sourcery-g++/bin/../lib/gcc/arm-none-eabi/4.4.1/../../../../arm-none-eabi/lib/thumb2\libc.a(lib_a-memset.o)
                0x200067bc                memset
 .text          0x20006890        0x8 c:/actel/libero_v9.1/softconsole/sourcery-g++/bin/../lib/gcc/arm-none-eabi/4.4.1/../../../../arm-none-eabi/lib/thumb2\libc.a(lib_a-mlock.o)
                0x20006890                __malloc_lock
                0x20006894                __malloc_unlock
 .text          0x20006898      0x958 c:/actel/libero_v9.1/softconsole/sourcery-g++/bin/../lib/gcc/arm-none-eabi/4.4.1/../../../../arm-none-eabi/lib/thumb2\libc.a(lib_a-mprec.o)
                0x20006898                __hi0bits
                0x200068d8                __lo0bits
                0x2000693c                __mcmp
                0x2000697c                __ulp
                0x200069c8                __b2d
                0x20006a70                __ratio
                0x20006ad0                _mprec_log10
                0x20006b08                __copybits
                0x20006b58                __any_on
                0x20006bb0                _Bfree
                0x20006be8                _Balloc
                0x20006c54                __d2b
                0x20006d24                __mdiff
                0x20006e1c                __lshift
                0x20006ed8                __multiply
                0x2000700c                __i2b
                0x20007020                __multadd
                0x200070a8                __pow5mult
                0x20007154                __s2b
 .text          0x200071f0      0x3b4 c:/actel/libero_v9.1/softconsole/sourcery-g++/bin/../lib/gcc/arm-none-eabi/4.4.1/../../../../arm-none-eabi/lib/thumb2\libc.a(lib_a-reallocr.o)
                0x200071f0                _realloc_r
 .text          0x200075a4       0x24 c:/actel/libero_v9.1/softconsole/sourcery-g++/bin/../lib/gcc/arm-none-eabi/4.4.1/../../../../arm-none-eabi/lib/thumb2\libc.a(lib_a-s_isinfd.o)
                0x200075a4                __isinfd
 .text          0x200075c8       0x1c c:/actel/libero_v9.1/softconsole/sourcery-g++/bin/../lib/gcc/arm-none-eabi/4.4.1/../../../../arm-none-eabi/lib/thumb2\libc.a(lib_a-s_isnand.o)
                0x200075c8                __isnand
 .text          0x200075e4       0x28 c:/actel/libero_v9.1/softconsole/sourcery-g++/bin/../lib/gcc/arm-none-eabi/4.4.1/../../../../arm-none-eabi/lib/thumb2\libc.a(lib_a-sbrkr.o)
                0x200075e4                _sbrk_r
 .text          0x2000760c       0x90 c:/actel/libero_v9.1/softconsole/sourcery-g++/bin/../lib/gcc/arm-none-eabi/4.4.1/../../../../arm-none-eabi/lib/thumb2\libc.a(lib_a-stdio.o)
                0x2000760c                __sclose
                0x20007614                __sseek
                0x2000763c                __swrite
                0x20007678                __sread
 .text          0x2000769c      0x1dc c:/actel/libero_v9.1/softconsole/sourcery-g++/bin/../lib/gcc/arm-none-eabi/4.4.1/../../../../arm-none-eabi/lib/thumb2\libc.a(lib_a-strcmp.o)
                0x2000769c                strcmp
 .text          0x20007878       0x60 c:/actel/libero_v9.1/softconsole/sourcery-g++/bin/../lib/gcc/arm-none-eabi/4.4.1/../../../../arm-none-eabi/lib/thumb2\libc.a(lib_a-strlen.o)
                0x20007878                strlen
 .text          0x200078d8       0x5c c:/actel/libero_v9.1/softconsole/sourcery-g++/bin/../lib/gcc/arm-none-eabi/4.4.1/../../../../arm-none-eabi/lib/thumb2\libc.a(lib_a-callocr.o)
                0x200078d8                _calloc_r
 .text          0x20007934       0x28 c:/actel/libero_v9.1/softconsole/sourcery-g++/bin/../lib/gcc/arm-none-eabi/4.4.1/../../../../arm-none-eabi/lib/thumb2\libc.a(lib_a-closer.o)
                0x20007934                _close_r
 .text          0x2000795c       0xcc c:/actel/libero_v9.1/softconsole/sourcery-g++/bin/../lib/gcc/arm-none-eabi/4.4.1/../../../../arm-none-eabi/lib/thumb2\libc.a(lib_a-fclose.o)
                0x2000795c                _fclose_r
                0x20007a18                fclose
 .text          0x20007a28       0x2c c:/actel/libero_v9.1/softconsole/sourcery-g++/bin/../lib/gcc/arm-none-eabi/4.4.1/../../../../arm-none-eabi/lib/thumb2\libc.a(lib_a-fstatr.o)
                0x20007a28                _fstat_r
 .text          0x20007a54       0x28 c:/actel/libero_v9.1/softconsole/sourcery-g++/bin/../lib/gcc/arm-none-eabi/4.4.1/../../../../arm-none-eabi/lib/thumb2\libc.a(lib_a-isattyr.o)
                0x20007a54                _isatty_r
 .text          0x20007a7c       0x2c c:/actel/libero_v9.1/softconsole/sourcery-g++/bin/../lib/gcc/arm-none-eabi/4.4.1/../../../../arm-none-eabi/lib/thumb2\libc.a(lib_a-lseekr.o)
                0x20007a7c                _lseek_r
 .text          0x20007aa8       0x2c c:/actel/libero_v9.1/softconsole/sourcery-g++/bin/../lib/gcc/arm-none-eabi/4.4.1/../../../../arm-none-eabi/lib/thumb2\libc.a(lib_a-readr.o)
                0x20007aa8                _read_r
 *fill*         0x20007ad4        0x4 00
 .text          0x20007ad8      0x278 c:/actel/libero_v9.1/softconsole/sourcery-g++/bin/../lib/gcc/arm-none-eabi/4.4.1/thumb2\libgcc.a(_udivsi3.o)
                0x20007ad8                __aeabi_uidiv
                0x20007ad8                __udivsi3
                0x20007d34                __aeabi_uidivmod
 .text          0x20007d50        0x4 c:/actel/libero_v9.1/softconsole/sourcery-g++/bin/../lib/gcc/arm-none-eabi/4.4.1/thumb2\libgcc.a(_dvmd_tls.o)
                0x20007d50                __aeabi_idiv0
                0x20007d50                __aeabi_ldiv0
 .text          0x20007d54      0x370 c:/actel/libero_v9.1/softconsole/sourcery-g++/bin/../lib/gcc/arm-none-eabi/4.4.1/thumb2\libgcc.a(_arm_addsubdf3.o)
                0x20007d54                __aeabi_drsub
                0x20007d5c                __aeabi_dsub
                0x20007d5c                __subdf3
                0x20007d60                __aeabi_dadd
                0x20007d60                __adddf3
                0x20007fd8                __floatunsidf
                0x20007fd8                __aeabi_ui2d
                0x20007ff8                __floatsidf
                0x20007ff8                __aeabi_i2d
                0x2000801c                __aeabi_f2d
                0x2000801c                __extendsfdf2
                0x20008058                __floatundidf
                0x20008058                __aeabi_ul2d
                0x20008068                __floatdidf
                0x20008068                __aeabi_l2d
 .text          0x200080c4      0x424 c:/actel/libero_v9.1/softconsole/sourcery-g++/bin/../lib/gcc/arm-none-eabi/4.4.1/thumb2\libgcc.a(_arm_muldivdf3.o)
                0x200080c4                __aeabi_dmul
                0x200080c4                __muldf3
                0x20008318                __divdf3
                0x20008318                __aeabi_ddiv
 .text          0x200084e8      0x110 c:/actel/libero_v9.1/softconsole/sourcery-g++/bin/../lib/gcc/arm-none-eabi/4.4.1/thumb2\libgcc.a(_arm_cmpdf2.o)
                0x200084e8                __gtdf2
                0x200084e8                __gedf2
                0x200084f0                __ltdf2
                0x200084f0                __ledf2
                0x200084f8                __nedf2
                0x200084f8                __eqdf2
                0x200084f8                __cmpdf2
                0x20008574                __aeabi_cdrcmple
                0x20008584                __aeabi_cdcmpeq
                0x20008584                __aeabi_cdcmple
                0x20008594                __aeabi_dcmpeq
                0x200085a8                __aeabi_dcmplt
                0x200085bc                __aeabi_dcmple
                0x200085d0                __aeabi_dcmpge
                0x200085e4                __aeabi_dcmpgt
 .text          0x200085f8       0x50 c:/actel/libero_v9.1/softconsole/sourcery-g++/bin/../lib/gcc/arm-none-eabi/4.4.1/thumb2\libgcc.a(_arm_fixdfsi.o)
                0x200085f8                __aeabi_d2iz
                0x200085f8                __fixdfsi
 .text          0x20008648       0x2c c:/actel/libero_v9.1/softconsole/sourcery-g++/bin/../lib/gcc/arm-none-eabi/4.4.1/thumb2\libgcc.a(_aeabi_uldivmod.o)
                0x20008648                __aeabi_uldivmod
 .text          0x20008674       0x58 c:/actel/libero_v9.1/softconsole/sourcery-g++/bin/../lib/gcc/arm-none-eabi/4.4.1/thumb2\libgcc.a(bpabi.o)
                0x20008674                __gnu_uldivmod_helper
                0x200086a0                __gnu_ldivmod_helper
 .text          0x200086cc      0x364 c:/actel/libero_v9.1/softconsole/sourcery-g++/bin/../lib/gcc/arm-none-eabi/4.4.1/thumb2\libgcc.a(_divdi3.o)
                0x200086cc                __divdi3
 .text          0x20008a30      0x300 c:/actel/libero_v9.1/softconsole/sourcery-g++/bin/../lib/gcc/arm-none-eabi/4.4.1/thumb2\libgcc.a(_udivdi3.o)
                0x20008a30                __udivdi3
 *(.plt)
 *(.gnu.warning)
 *(.glue_7t)
 .glue_7t       0x00000000        0x0 linker stubs
 *(.glue_7)
 .glue_7        0x00000000        0x0 linker stubs
 *(.vfp11_veneer)
 .vfp11_veneer  0x00000000        0x0 linker stubs
                0x20008d30                . = ALIGN (0x4)
 *crtbegin.o(.ctors)
 *(EXCLUDE_FILE(*crtend.o) .ctors)
 *(SORT(.ctors.*))
 *crtend.o(.ctors)
 *crtbegin.o(.dtors)
 *(EXCLUDE_FILE(*crtend.o) .dtors)
 *(SORT(.dtors.*))
 *crtend.o(.dtors)
 *(.rodata .rodata.* .gnu.linkonce.r.*)
 .rodata        0x20008d30       0x50 ./lcd.o
 .rodata        0x20008d80      0x33c ./menu.o
 .rodata        0x200090bc       0xc8 ./suit.o
 .rodata.str1.4
                0x20009184       0x1a N:/EECS373/WubSuit/Libero/SoftConsole/wubsuit_base_MSS_MSS_CM3_0/wubsuit_base_MSS_MSS_CM3_0_hw_platform/Debug/CMSIS/startup_gcc/newlib_stubs.o
                                 0x1c (size before relaxing)
 *fill*         0x2000919e        0x2 00
 .rodata.g_gpio_irqn_lut
                0x200091a0       0x40 N:\EECS373\WubSuit\Libero\SoftConsole\wubsuit_base_MSS_MSS_CM3_0\wubsuit_base_MSS_MSS_CM3_0_hw_platform\Debug\libwubsuit_base_MSS_MSS_CM3_0_hw_platform.a(mss_gpio.o)
 .rodata.g_config_reg_lut
                0x200091e0       0x80 N:\EECS373\WubSuit\Libero\SoftConsole\wubsuit_base_MSS_MSS_CM3_0\wubsuit_base_MSS_MSS_CM3_0_hw_platform\Debug\libwubsuit_base_MSS_MSS_CM3_0_hw_platform.a(mss_gpio.o)
 .rodata.str1.4
                0x20009260       0x27 N:\EECS373\WubSuit\Libero\SoftConsole\wubsuit_base_MSS_MSS_CM3_0\wubsuit_base_MSS_MSS_CM3_0_hw_platform\Debug\libwubsuit_base_MSS_MSS_CM3_0_hw_platform.a(core_uart_apb.o)
                                 0x28 (size before relaxing)
 *fill*         0x20009287        0x1 00
 .rodata.C.16.2565
                0x20009288       0x10 N:\EECS373\WubSuit\Libero\SoftConsole\wubsuit_base_MSS_MSS_CM3_0\wubsuit_base_MSS_MSS_CM3_0_hw_platform\Debug\libwubsuit_base_MSS_MSS_CM3_0_hw_platform.a(system_a2fxxxm3.o)
 .rodata        0x20009298        0x4 c:/actel/libero_v9.1/softconsole/sourcery-g++/bin/../lib/gcc/arm-none-eabi/4.4.1/../../../../arm-none-eabi/lib/thumb2\libc.a(lib_a-impure.o)
                0x20009298                _global_impure_ptr
 .rodata.str1.4
                0x2000929c        0x2 c:/actel/libero_v9.1/softconsole/sourcery-g++/bin/../lib/gcc/arm-none-eabi/4.4.1/../../../../arm-none-eabi/lib/thumb2\libc.a(lib_a-impure.o)
                                  0x4 (size before relaxing)
 *fill*         0x2000929e        0x2 00
 .rodata        0x200092a0       0x20 c:/actel/libero_v9.1/softconsole/sourcery-g++/bin/../lib/gcc/arm-none-eabi/4.4.1/../../../../arm-none-eabi/lib/thumb2\libc.a(lib_a-vfprintf.o)
 .rodata.str1.4
                0x200092c0       0x42 c:/actel/libero_v9.1/softconsole/sourcery-g++/bin/../lib/gcc/arm-none-eabi/4.4.1/../../../../arm-none-eabi/lib/thumb2\libc.a(lib_a-vfprintf.o)
                                 0x44 (size before relaxing)
 *fill*         0x20009302        0x2 00
 .rodata.str1.4
                0x20009304       0x10 c:/actel/libero_v9.1/softconsole/sourcery-g++/bin/../lib/gcc/arm-none-eabi/4.4.1/../../../../arm-none-eabi/lib/thumb2\libc.a(lib_a-dtoa.o)
                                 0x14 (size before relaxing)
 .rodata        0x20009314       0x60 c:/actel/libero_v9.1/softconsole/sourcery-g++/bin/../lib/gcc/arm-none-eabi/4.4.1/../../../../arm-none-eabi/lib/thumb2\libc.a(lib_a-findfp.o)
                0x20009314                __sf_fake_stdin
                0x20009334                __sf_fake_stdout
                0x20009354                __sf_fake_stderr
 .rodata        0x20009374       0x34 c:/actel/libero_v9.1/softconsole/sourcery-g++/bin/../lib/gcc/arm-none-eabi/4.4.1/../../../../arm-none-eabi/lib/thumb2\libc.a(lib_a-locale.o)
 .rodata.str1.4
                0x200093a8       0x10 c:/actel/libero_v9.1/softconsole/sourcery-g++/bin/../lib/gcc/arm-none-eabi/4.4.1/../../../../arm-none-eabi/lib/thumb2\libc.a(lib_a-locale.o)
                                 0x18 (size before relaxing)
 .rodata        0x200093b8      0x128 c:/actel/libero_v9.1/softconsole/sourcery-g++/bin/../lib/gcc/arm-none-eabi/4.4.1/../../../../arm-none-eabi/lib/thumb2\libc.a(lib_a-mprec.o)
                0x200093b8                __mprec_tens
                0x20009490                __mprec_bigtens
                0x200094b8                __mprec_tinytens
 *(.ARM.extab* .gnu.linkonce.armextab.*)
 *(.gcc_except_table)
 *(.eh_frame_hdr)
 *(.eh_frame)
 *(.init)
 .init          0x200094e0        0x4 c:/actel/libero_v9.1/softconsole/sourcery-g++/bin/../lib/gcc/arm-none-eabi/4.4.1/thumb2/crti.o
                0x200094e0                _init
 .init          0x200094e4        0x8 c:/actel/libero_v9.1/softconsole/sourcery-g++/bin/../lib/gcc/arm-none-eabi/4.4.1/thumb2/crtn.o
 *(.fini)
 .fini          0x200094ec        0x4 c:/actel/libero_v9.1/softconsole/sourcery-g++/bin/../lib/gcc/arm-none-eabi/4.4.1/thumb2/crti.o
                0x200094ec                _fini
 .fini          0x200094f0        0x8 c:/actel/libero_v9.1/softconsole/sourcery-g++/bin/../lib/gcc/arm-none-eabi/4.4.1/thumb2/crtn.o
                0x200094f8                PROVIDE (__preinit_array_start, .)
 *(.preinit_array)
                0x200094f8                PROVIDE (__preinit_array_end, .)
                0x200094f8                PROVIDE (__init_array_start, .)
 *(SORT(.init_array.*))
 *(.init_array)
 .init_array    0x200094f8        0x4 c:/actel/libero_v9.1/softconsole/sourcery-g++/bin/../lib/gcc/arm-none-eabi/4.4.1/thumb2/crtbegin.o
                0x200094fc                PROVIDE (__init_array_end, .)
                0x200094fc                PROVIDE (__fini_array_start, .)
 *(.fini_array)
 .fini_array    0x200094fc        0x4 c:/actel/libero_v9.1/softconsole/sourcery-g++/bin/../lib/gcc/arm-none-eabi/4.4.1/thumb2/crtbegin.o
 *(SORT(.fini_array.*))
                0x20009500                PROVIDE (__fini_array_end, .)
                0x20009500                __exidx_start = .

.v4_bx          0x20009500        0x0
 .v4_bx         0x00000000        0x0 linker stubs

.ARM.exidx      0x20009500        0x8
 *(.ARM.exidx* .gnu.linkonce.armexidx.*)
 .ARM.exidx     0x20009500        0x8 c:/actel/libero_v9.1/softconsole/sourcery-g++/bin/../lib/gcc/arm-none-eabi/4.4.1/thumb2\libgcc.a(_divdi3.o)
 .ARM.exidx     0x20009508        0x0 c:/actel/libero_v9.1/softconsole/sourcery-g++/bin/../lib/gcc/arm-none-eabi/4.4.1/thumb2\libgcc.a(_udivdi3.o)
                                  0x8 (size before relaxing)
                0x20009508                __exidx_end = .
                0x20009508                _etext = .
                0x20009508                PROVIDE (__text_end, .)

.data           0x20009508      0x720
                0x20009508                __data_load = LOADADDR (.data)
                0x20009508                _sidata = LOADADDR (.data)
                0x20009508                __data_start = .
                0x20009508                _sdata = .
 *(.jcr)
 .jcr           0x20009508        0x0 c:/actel/libero_v9.1/softconsole/sourcery-g++/bin/../lib/gcc/arm-none-eabi/4.4.1/thumb2/crtbegin.o
 .jcr           0x20009508        0x4 c:/actel/libero_v9.1/softconsole/sourcery-g++/bin/../lib/gcc/arm-none-eabi/4.4.1/thumb2/crtend.o
 *(.got.plt)
 *(.got)
 *(.shdata)
 *(.data .data.* .gnu.linkonce.d.*)
 .data.NoteNames
                0x2000950c      0x200 ./menu.o
                0x2000950c                NoteNames
 .data.g_FrequencyACE
                0x2000970c        0x4 N:\EECS373\WubSuit\Libero\SoftConsole\wubsuit_base_MSS_MSS_CM3_0\wubsuit_base_MSS_MSS_CM3_0_hw_platform\Debug\libwubsuit_base_MSS_MSS_CM3_0_hw_platform.a(system_a2fxxxm3.o)
                0x2000970c                g_FrequencyACE
 .data.g_FrequencyFPGA
                0x20009710        0x4 N:\EECS373\WubSuit\Libero\SoftConsole\wubsuit_base_MSS_MSS_CM3_0\wubsuit_base_MSS_MSS_CM3_0_hw_platform\Debug\libwubsuit_base_MSS_MSS_CM3_0_hw_platform.a(system_a2fxxxm3.o)
                0x20009710                g_FrequencyFPGA
 .data.g_FrequencyPCLK0
                0x20009714        0x4 N:\EECS373\WubSuit\Libero\SoftConsole\wubsuit_base_MSS_MSS_CM3_0\wubsuit_base_MSS_MSS_CM3_0_hw_platform\Debug\libwubsuit_base_MSS_MSS_CM3_0_hw_platform.a(system_a2fxxxm3.o)
                0x20009714                g_FrequencyPCLK0
 .data.g_FrequencyPCLK1
                0x20009718        0x4 N:\EECS373\WubSuit\Libero\SoftConsole\wubsuit_base_MSS_MSS_CM3_0\wubsuit_base_MSS_MSS_CM3_0_hw_platform\Debug\libwubsuit_base_MSS_MSS_CM3_0_hw_platform.a(system_a2fxxxm3.o)
                0x20009718                g_FrequencyPCLK1
 .data.SystemCoreClock
                0x2000971c        0x4 N:\EECS373\WubSuit\Libero\SoftConsole\wubsuit_base_MSS_MSS_CM3_0\wubsuit_base_MSS_MSS_CM3_0_hw_platform\Debug\libwubsuit_base_MSS_MSS_CM3_0_hw_platform.a(system_a2fxxxm3.o)
                0x2000971c                SystemCoreClock
 .data.SystemFrequency
                0x20009720        0x4 N:\EECS373\WubSuit\Libero\SoftConsole\wubsuit_base_MSS_MSS_CM3_0\wubsuit_base_MSS_MSS_CM3_0_hw_platform\Debug\libwubsuit_base_MSS_MSS_CM3_0_hw_platform.a(system_a2fxxxm3.o)
                0x20009720                SystemFrequency
 .data          0x20009724       0xf4 c:/actel/libero_v9.1/softconsole/sourcery-g++/bin/../lib/gcc/arm-none-eabi/4.4.1/../../../../arm-none-eabi/lib/thumb2\libc.a(lib_a-impure.o)
                0x20009724                _impure_ptr
 .data          0x20009818      0x410 c:/actel/libero_v9.1/softconsole/sourcery-g++/bin/../lib/gcc/arm-none-eabi/4.4.1/../../../../arm-none-eabi/lib/thumb2\libc.a(lib_a-mallocr.o)
                0x20009818                __malloc_av_
                0x20009c20                __malloc_sbrk_base
                0x20009c24                __malloc_trim_threshold
                0x20009c28                . = ALIGN (0x4)
                0x20009c28                _edata = .

.bss            0x20009c28     0x1b88
                0x20009c28                __bss_start__ = .
                0x20009c28                _sbss = .
 *(.shbss)
 *(.bss .bss.* .gnu.linkonce.b.*)
 .bss           0x20009c28        0x1 c:/actel/libero_v9.1/softconsole/sourcery-g++/bin/../lib/gcc/arm-none-eabi/4.4.1/thumb2/crtbegin.o
 .bss.LCD_selectorPosition
                0x20009c29        0x1 ./lcd.o
                0x20009c29                LCD_selectorPosition
 *fill*         0x20009c2a        0x2 00
 .bss.g_stdio_uart_init_done
                0x20009c2c        0x4 N:/EECS373/WubSuit/Libero/SoftConsole/wubsuit_base_MSS_MSS_CM3_0/wubsuit_base_MSS_MSS_CM3_0_hw_platform/Debug/CMSIS/startup_gcc/newlib_stubs.o
 .bss.heap_end.3583
                0x20009c30        0x4 N:/EECS373/WubSuit/Libero/SoftConsole/wubsuit_base_MSS_MSS_CM3_0/wubsuit_base_MSS_MSS_CM3_0_hw_platform/Debug/CMSIS/startup_gcc/newlib_stubs.o
 .bss           0x20009c34       0x34 c:/actel/libero_v9.1/softconsole/sourcery-g++/bin/../lib/gcc/arm-none-eabi/4.4.1/../../../../arm-none-eabi/lib/thumb2\libc.a(lib_a-mallocr.o)
                0x20009c34                __malloc_top_pad
                0x20009c38                __malloc_current_mallinfo
                0x20009c60                __malloc_max_sbrked_mem
                0x20009c64                __malloc_max_total_mem
 *(COMMON)
 COMMON         0x20009c68     0x1aa0 ./menu.o
                0x20009c68                selectedMenu
                0x20009c6c                menus
                0x2000b6fc                currentMenu
                0x2000b700                suitStatePtr
                0x2000b704                settingsPtr
 COMMON         0x2000b708        0x4 ./midi.o
                0x2000b708                uartInstance
 COMMON         0x2000b70c       0x4c ./suit.o
                0x2000b70c                midiState
                0x2000b714                settings
                0x2000b730                XBee_uart
                0x2000b738                suitState
                0x2000b744                xbeeState
                0x2000b750                MIDI_uart
 COMMON         0x2000b758       0x50 N:\EECS373\WubSuit\Libero\SoftConsole\wubsuit_base_MSS_MSS_CM3_0\wubsuit_base_MSS_MSS_CM3_0_hw_platform\Debug\libwubsuit_base_MSS_MSS_CM3_0_hw_platform.a(mss_uart.o)
                0x2000b758                g_mss_uart1
                0x2000b780                g_mss_uart0
 COMMON         0x2000b7a8        0x4 c:/actel/libero_v9.1/softconsole/sourcery-g++/bin/../lib/gcc/arm-none-eabi/4.4.1/../../../../arm-none-eabi/lib/thumb2\libc.a(lib_a-reent.o)
                0x2000b7a8                errno
                0x2000b7b0                . = ALIGN (0x8)
 *fill*         0x2000b7ac        0x4 00
                0x2000b7b0                __bss_end__ = .
                0x2000b7b0                _end = .
                0x2000b7b0                __end = _end
                0x2000b7b0                _ebss = .
                0x2000b7b0                PROVIDE (end, .)

.stack          0x2000b7b0     0x3000
                0x2000b7b0                . = ALIGN (0x4)
                0x2000c7b0                . = (. + PROCESS_STACK_SIZE)
 *fill*         0x2000b7b0     0x1000 00
                0x2000c7b0                . = ALIGN (0x4)
                0x2000e7b0                . = (. + MAIN_STACK_SIZE)
 *fill*         0x2000c7b0     0x2000 00
                0x2000e7b0                . = ALIGN (0x4)

.stab
 *(.stab)

.stabstr
 *(.stabstr)

.debug
 *(.debug)

.line
 *(.line)

.debug_srcinfo
 *(.debug_srcinfo)

.debug_sfnames
 *(.debug_sfnames)

.comment        0x00000000      0x1d9
 .comment       0x00000000       0x2b ./lcd.o
 .comment       0x0000002b       0x2b ./main.o
 .comment       0x00000056       0x2b ./menu.o
 .comment       0x00000081       0x2b ./midi.o
 .comment       0x000000ac       0x2b ./suit.o
 .comment       0x000000d7       0x2b N:/EECS373/WubSuit/Libero/SoftConsole/wubsuit_base_MSS_MSS_CM3_0/wubsuit_base_MSS_MSS_CM3_0_hw_platform/Debug/CMSIS/startup_gcc/newlib_stubs.o
 .comment       0x00000102       0x2b N:\EECS373\WubSuit\Libero\SoftConsole\wubsuit_base_MSS_MSS_CM3_0\wubsuit_base_MSS_MSS_CM3_0_hw_platform\Debug\libwubsuit_base_MSS_MSS_CM3_0_hw_platform.a(mss_uart.o)
 .comment       0x0000012d       0x2b N:\EECS373\WubSuit\Libero\SoftConsole\wubsuit_base_MSS_MSS_CM3_0\wubsuit_base_MSS_MSS_CM3_0_hw_platform\Debug\libwubsuit_base_MSS_MSS_CM3_0_hw_platform.a(mss_gpio.o)
 .comment       0x00000158       0x2b N:\EECS373\WubSuit\Libero\SoftConsole\wubsuit_base_MSS_MSS_CM3_0\wubsuit_base_MSS_MSS_CM3_0_hw_platform\Debug\libwubsuit_base_MSS_MSS_CM3_0_hw_platform.a(core_uart_apb.o)
 .comment       0x00000183       0x2b N:\EECS373\WubSuit\Libero\SoftConsole\wubsuit_base_MSS_MSS_CM3_0\wubsuit_base_MSS_MSS_CM3_0_hw_platform\Debug\libwubsuit_base_MSS_MSS_CM3_0_hw_platform.a(system_a2fxxxm3.o)
 .comment       0x000001ae       0x2b N:\EECS373\WubSuit\Libero\SoftConsole\wubsuit_base_MSS_MSS_CM3_0\wubsuit_base_MSS_MSS_CM3_0_hw_platform\Debug\libwubsuit_base_MSS_MSS_CM3_0_hw_platform.a(hal_assert.o)

.debug_aranges  0x00000000      0x3f8
 *(.debug_aranges)
 .debug_aranges
                0x00000000       0x30 ./lcd.o
 .debug_aranges
                0x00000030       0x20 ./main.o
 .debug_aranges
                0x00000050       0x60 ./menu.o
 .debug_aranges
                0x000000b0       0x50 ./midi.o
 .debug_aranges
                0x00000100       0xb0 ./suit.o
 .debug_aranges
                0x000001b0       0xa8 N:/EECS373/WubSuit/Libero/SoftConsole/wubsuit_base_MSS_MSS_CM3_0/wubsuit_base_MSS_MSS_CM3_0_hw_platform/Debug/CMSIS/startup_gcc/newlib_stubs.o
 .debug_aranges
                0x00000258       0xc0 N:\EECS373\WubSuit\Libero\SoftConsole\wubsuit_base_MSS_MSS_CM3_0\wubsuit_base_MSS_MSS_CM3_0_hw_platform\Debug\libwubsuit_base_MSS_MSS_CM3_0_hw_platform.a(mss_uart.o)
 .debug_aranges
                0x00000318       0x50 N:\EECS373\WubSuit\Libero\SoftConsole\wubsuit_base_MSS_MSS_CM3_0\wubsuit_base_MSS_MSS_CM3_0_hw_platform\Debug\libwubsuit_base_MSS_MSS_CM3_0_hw_platform.a(mss_gpio.o)
 .debug_aranges
                0x00000368       0x48 N:\EECS373\WubSuit\Libero\SoftConsole\wubsuit_base_MSS_MSS_CM3_0\wubsuit_base_MSS_MSS_CM3_0_hw_platform\Debug\libwubsuit_base_MSS_MSS_CM3_0_hw_platform.a(core_uart_apb.o)
 .debug_aranges
                0x000003b0       0x28 N:\EECS373\WubSuit\Libero\SoftConsole\wubsuit_base_MSS_MSS_CM3_0\wubsuit_base_MSS_MSS_CM3_0_hw_platform\Debug\libwubsuit_base_MSS_MSS_CM3_0_hw_platform.a(system_a2fxxxm3.o)
 .debug_aranges
                0x000003d8       0x20 N:\EECS373\WubSuit\Libero\SoftConsole\wubsuit_base_MSS_MSS_CM3_0\wubsuit_base_MSS_MSS_CM3_0_hw_platform\Debug\libwubsuit_base_MSS_MSS_CM3_0_hw_platform.a(hal_assert.o)

.debug_pubnames
                0x00000000      0x95a
 *(.debug_pubnames)
 .debug_pubnames
                0x00000000       0x6e ./lcd.o
 .debug_pubnames
                0x0000006e       0x1b ./main.o
 .debug_pubnames
                0x00000089      0x135 ./menu.o
 .debug_pubnames
                0x000001be       0xaf ./midi.o
 .debug_pubnames
                0x0000026d      0x1d6 ./suit.o
 .debug_pubnames
                0x00000443       0xeb N:/EECS373/WubSuit/Libero/SoftConsole/wubsuit_base_MSS_MSS_CM3_0/wubsuit_base_MSS_MSS_CM3_0_hw_platform/Debug/CMSIS/startup_gcc/newlib_stubs.o
 .debug_pubnames
                0x0000052e      0x21c N:\EECS373\WubSuit\Libero\SoftConsole\wubsuit_base_MSS_MSS_CM3_0\wubsuit_base_MSS_MSS_CM3_0_hw_platform\Debug\libwubsuit_base_MSS_MSS_CM3_0_hw_platform.a(mss_uart.o)
 .debug_pubnames
                0x0000074a       0xb1 N:\EECS373\WubSuit\Libero\SoftConsole\wubsuit_base_MSS_MSS_CM3_0\wubsuit_base_MSS_MSS_CM3_0_hw_platform\Debug\libwubsuit_base_MSS_MSS_CM3_0_hw_platform.a(mss_gpio.o)
 .debug_pubnames
                0x000007fb       0x85 N:\EECS373\WubSuit\Libero\SoftConsole\wubsuit_base_MSS_MSS_CM3_0\wubsuit_base_MSS_MSS_CM3_0_hw_platform\Debug\libwubsuit_base_MSS_MSS_CM3_0_hw_platform.a(core_uart_apb.o)
 .debug_pubnames
                0x00000880       0xb4 N:\EECS373\WubSuit\Libero\SoftConsole\wubsuit_base_MSS_MSS_CM3_0\wubsuit_base_MSS_MSS_CM3_0_hw_platform\Debug\libwubsuit_base_MSS_MSS_CM3_0_hw_platform.a(system_a2fxxxm3.o)
 .debug_pubnames
                0x00000934       0x26 N:\EECS373\WubSuit\Libero\SoftConsole\wubsuit_base_MSS_MSS_CM3_0\wubsuit_base_MSS_MSS_CM3_0_hw_platform\Debug\libwubsuit_base_MSS_MSS_CM3_0_hw_platform.a(hal_assert.o)

.debug_info     0x00000000     0x65ab
 *(.debug_info .gnu.linkonce.wi.*)
 .debug_info    0x00000000      0x11d ./lcd.o
 .debug_info    0x0000011d       0x96 ./main.o
 .debug_info    0x000001b3      0x8e7 ./menu.o
 .debug_info    0x00000a9a      0x2ed ./midi.o
 .debug_info    0x00000d87     0x12f9 ./suit.o
 .debug_info    0x00002080     0x10eb N:/EECS373/WubSuit/Libero/SoftConsole/wubsuit_base_MSS_MSS_CM3_0/wubsuit_base_MSS_MSS_CM3_0_hw_platform/Debug/CMSIS/startup_gcc/newlib_stubs.o
 .debug_info    0x0000316b     0x1740 N:\EECS373\WubSuit\Libero\SoftConsole\wubsuit_base_MSS_MSS_CM3_0\wubsuit_base_MSS_MSS_CM3_0_hw_platform\Debug\libwubsuit_base_MSS_MSS_CM3_0_hw_platform.a(mss_uart.o)
 .debug_info    0x000048ab     0x1124 N:\EECS373\WubSuit\Libero\SoftConsole\wubsuit_base_MSS_MSS_CM3_0\wubsuit_base_MSS_MSS_CM3_0_hw_platform\Debug\libwubsuit_base_MSS_MSS_CM3_0_hw_platform.a(mss_gpio.o)
 .debug_info    0x000059cf      0x53c N:\EECS373\WubSuit\Libero\SoftConsole\wubsuit_base_MSS_MSS_CM3_0\wubsuit_base_MSS_MSS_CM3_0_hw_platform\Debug\libwubsuit_base_MSS_MSS_CM3_0_hw_platform.a(core_uart_apb.o)
 .debug_info    0x00005f0b      0x575 N:\EECS373\WubSuit\Libero\SoftConsole\wubsuit_base_MSS_MSS_CM3_0\wubsuit_base_MSS_MSS_CM3_0_hw_platform\Debug\libwubsuit_base_MSS_MSS_CM3_0_hw_platform.a(system_a2fxxxm3.o)
 .debug_info    0x00006480      0x12b N:\EECS373\WubSuit\Libero\SoftConsole\wubsuit_base_MSS_MSS_CM3_0\wubsuit_base_MSS_MSS_CM3_0_hw_platform\Debug\libwubsuit_base_MSS_MSS_CM3_0_hw_platform.a(hal_assert.o)

.debug_abbrev   0x00000000     0x1011
 *(.debug_abbrev)
 .debug_abbrev  0x00000000       0xa6 ./lcd.o
 .debug_abbrev  0x000000a6       0x4c ./main.o
 .debug_abbrev  0x000000f2      0x17a ./menu.o
 .debug_abbrev  0x0000026c       0xc1 ./midi.o
 .debug_abbrev  0x0000032d      0x24f ./suit.o
 .debug_abbrev  0x0000057c      0x251 N:/EECS373/WubSuit/Libero/SoftConsole/wubsuit_base_MSS_MSS_CM3_0/wubsuit_base_MSS_MSS_CM3_0_hw_platform/Debug/CMSIS/startup_gcc/newlib_stubs.o
 .debug_abbrev  0x000007cd      0x306 N:\EECS373\WubSuit\Libero\SoftConsole\wubsuit_base_MSS_MSS_CM3_0\wubsuit_base_MSS_MSS_CM3_0_hw_platform\Debug\libwubsuit_base_MSS_MSS_CM3_0_hw_platform.a(mss_uart.o)
 .debug_abbrev  0x00000ad3      0x1f1 N:\EECS373\WubSuit\Libero\SoftConsole\wubsuit_base_MSS_MSS_CM3_0\wubsuit_base_MSS_MSS_CM3_0_hw_platform\Debug\libwubsuit_base_MSS_MSS_CM3_0_hw_platform.a(mss_gpio.o)
 .debug_abbrev  0x00000cc4      0x14d N:\EECS373\WubSuit\Libero\SoftConsole\wubsuit_base_MSS_MSS_CM3_0\wubsuit_base_MSS_MSS_CM3_0_hw_platform\Debug\libwubsuit_base_MSS_MSS_CM3_0_hw_platform.a(core_uart_apb.o)
 .debug_abbrev  0x00000e11      0x154 N:\EECS373\WubSuit\Libero\SoftConsole\wubsuit_base_MSS_MSS_CM3_0\wubsuit_base_MSS_MSS_CM3_0_hw_platform\Debug\libwubsuit_base_MSS_MSS_CM3_0_hw_platform.a(system_a2fxxxm3.o)
 .debug_abbrev  0x00000f65       0xac N:\EECS373\WubSuit\Libero\SoftConsole\wubsuit_base_MSS_MSS_CM3_0\wubsuit_base_MSS_MSS_CM3_0_hw_platform\Debug\libwubsuit_base_MSS_MSS_CM3_0_hw_platform.a(hal_assert.o)

.debug_line     0x00000000     0x29ba
 *(.debug_line)
 .debug_line    0x00000000      0x2f5 ./lcd.o
 .debug_line    0x000002f5      0x2f2 ./main.o
 .debug_line    0x000005e7      0x449 ./menu.o
 .debug_line    0x00000a30      0x253 ./midi.o
 .debug_line    0x00000c83      0x81a ./suit.o
 .debug_line    0x0000149d      0x503 N:/EECS373/WubSuit/Libero/SoftConsole/wubsuit_base_MSS_MSS_CM3_0/wubsuit_base_MSS_MSS_CM3_0_hw_platform/Debug/CMSIS/startup_gcc/newlib_stubs.o
 .debug_line    0x000019a0      0x5d5 N:\EECS373\WubSuit\Libero\SoftConsole\wubsuit_base_MSS_MSS_CM3_0\wubsuit_base_MSS_MSS_CM3_0_hw_platform\Debug\libwubsuit_base_MSS_MSS_CM3_0_hw_platform.a(mss_uart.o)
 .debug_line    0x00001f75      0x315 N:\EECS373\WubSuit\Libero\SoftConsole\wubsuit_base_MSS_MSS_CM3_0\wubsuit_base_MSS_MSS_CM3_0_hw_platform\Debug\libwubsuit_base_MSS_MSS_CM3_0_hw_platform.a(mss_gpio.o)
 .debug_line    0x0000228a      0x2cf N:\EECS373\WubSuit\Libero\SoftConsole\wubsuit_base_MSS_MSS_CM3_0\wubsuit_base_MSS_MSS_CM3_0_hw_platform\Debug\libwubsuit_base_MSS_MSS_CM3_0_hw_platform.a(core_uart_apb.o)
 .debug_line    0x00002559      0x26d N:\EECS373\WubSuit\Libero\SoftConsole\wubsuit_base_MSS_MSS_CM3_0\wubsuit_base_MSS_MSS_CM3_0_hw_platform\Debug\libwubsuit_base_MSS_MSS_CM3_0_hw_platform.a(system_a2fxxxm3.o)
 .debug_line    0x000027c6      0x1f4 N:\EECS373\WubSuit\Libero\SoftConsole\wubsuit_base_MSS_MSS_CM3_0\wubsuit_base_MSS_MSS_CM3_0_hw_platform\Debug\libwubsuit_base_MSS_MSS_CM3_0_hw_platform.a(hal_assert.o)

.debug_frame    0x00000000     0x1628
 *(.debug_frame)
 .debug_frame   0x00000000       0x6c ./lcd.o
 .debug_frame   0x0000006c       0x2c ./main.o
 .debug_frame   0x00000098      0x120 ./menu.o
 .debug_frame   0x000001b8       0xec ./midi.o
 .debug_frame   0x000002a4      0x254 ./suit.o
 .debug_frame   0x000004f8      0x174 N:/EECS373/WubSuit/Libero/SoftConsole/wubsuit_base_MSS_MSS_CM3_0/wubsuit_base_MSS_MSS_CM3_0_hw_platform/Debug/CMSIS/startup_gcc/newlib_stubs.o
 .debug_frame   0x0000066c      0x1f0 N:\EECS373\WubSuit\Libero\SoftConsole\wubsuit_base_MSS_MSS_CM3_0\wubsuit_base_MSS_MSS_CM3_0_hw_platform\Debug\libwubsuit_base_MSS_MSS_CM3_0_hw_platform.a(mss_uart.o)
 .debug_frame   0x0000085c       0x88 N:\EECS373\WubSuit\Libero\SoftConsole\wubsuit_base_MSS_MSS_CM3_0\wubsuit_base_MSS_MSS_CM3_0_hw_platform\Debug\libwubsuit_base_MSS_MSS_CM3_0_hw_platform.a(mss_gpio.o)
 .debug_frame   0x000008e4       0xdc N:\EECS373\WubSuit\Libero\SoftConsole\wubsuit_base_MSS_MSS_CM3_0\wubsuit_base_MSS_MSS_CM3_0_hw_platform\Debug\libwubsuit_base_MSS_MSS_CM3_0_hw_platform.a(core_uart_apb.o)
 .debug_frame   0x000009c0       0x3c N:\EECS373\WubSuit\Libero\SoftConsole\wubsuit_base_MSS_MSS_CM3_0\wubsuit_base_MSS_MSS_CM3_0_hw_platform\Debug\libwubsuit_base_MSS_MSS_CM3_0_hw_platform.a(system_a2fxxxm3.o)
 .debug_frame   0x000009fc       0x24 N:\EECS373\WubSuit\Libero\SoftConsole\wubsuit_base_MSS_MSS_CM3_0\wubsuit_base_MSS_MSS_CM3_0_hw_platform\Debug\libwubsuit_base_MSS_MSS_CM3_0_hw_platform.a(hal_assert.o)
 .debug_frame   0x00000a20       0x20 c:/actel/libero_v9.1/softconsole/sourcery-g++/bin/../lib/gcc/arm-none-eabi/4.4.1/../../../../arm-none-eabi/lib/thumb2\libc.a(lib_a-errno.o)
 .debug_frame   0x00000a40       0x2c c:/actel/libero_v9.1/softconsole/sourcery-g++/bin/../lib/gcc/arm-none-eabi/4.4.1/../../../../arm-none-eabi/lib/thumb2\libc.a(lib_a-init.o)
 .debug_frame   0x00000a6c       0x5c c:/actel/libero_v9.1/softconsole/sourcery-g++/bin/../lib/gcc/arm-none-eabi/4.4.1/../../../../arm-none-eabi/lib/thumb2\libc.a(lib_a-printf.o)
 .debug_frame   0x00000ac8       0x70 c:/actel/libero_v9.1/softconsole/sourcery-g++/bin/../lib/gcc/arm-none-eabi/4.4.1/../../../../arm-none-eabi/lib/thumb2\libc.a(lib_a-vfprintf.o)
 .debug_frame   0x00000b38       0x2c c:/actel/libero_v9.1/softconsole/sourcery-g++/bin/../lib/gcc/arm-none-eabi/4.4.1/../../../../arm-none-eabi/lib/thumb2\libc.a(lib_a-wsetup.o)
 .debug_frame   0x00000b64       0x64 c:/actel/libero_v9.1/softconsole/sourcery-g++/bin/../lib/gcc/arm-none-eabi/4.4.1/../../../../arm-none-eabi/lib/thumb2\libc.a(lib_a-dtoa.o)
 .debug_frame   0x00000bc8       0x40 c:/actel/libero_v9.1/softconsole/sourcery-g++/bin/../lib/gcc/arm-none-eabi/4.4.1/../../../../arm-none-eabi/lib/thumb2\libc.a(lib_a-fflush.o)
 .debug_frame   0x00000c08      0x11c c:/actel/libero_v9.1/softconsole/sourcery-g++/bin/../lib/gcc/arm-none-eabi/4.4.1/../../../../arm-none-eabi/lib/thumb2\libc.a(lib_a-findfp.o)
 .debug_frame   0x00000d24       0x50 c:/actel/libero_v9.1/softconsole/sourcery-g++/bin/../lib/gcc/arm-none-eabi/4.4.1/../../../../arm-none-eabi/lib/thumb2\libc.a(lib_a-freer.o)
 .debug_frame   0x00000d74       0x3c c:/actel/libero_v9.1/softconsole/sourcery-g++/bin/../lib/gcc/arm-none-eabi/4.4.1/../../../../arm-none-eabi/lib/thumb2\libc.a(lib_a-fvwrite.o)
 .debug_frame   0x00000db0       0x54 c:/actel/libero_v9.1/softconsole/sourcery-g++/bin/../lib/gcc/arm-none-eabi/4.4.1/../../../../arm-none-eabi/lib/thumb2\libc.a(lib_a-fwalk.o)
 .debug_frame   0x00000e04       0x6c c:/actel/libero_v9.1/softconsole/sourcery-g++/bin/../lib/gcc/arm-none-eabi/4.4.1/../../../../arm-none-eabi/lib/thumb2\libc.a(lib_a-locale.o)
 .debug_frame   0x00000e70       0x34 c:/actel/libero_v9.1/softconsole/sourcery-g++/bin/../lib/gcc/arm-none-eabi/4.4.1/../../../../arm-none-eabi/lib/thumb2\libc.a(lib_a-makebuf.o)
 .debug_frame   0x00000ea4       0x30 c:/actel/libero_v9.1/softconsole/sourcery-g++/bin/../lib/gcc/arm-none-eabi/4.4.1/../../../../arm-none-eabi/lib/thumb2\libc.a(lib_a-malloc.o)
 .debug_frame   0x00000ed4       0x3c c:/actel/libero_v9.1/softconsole/sourcery-g++/bin/../lib/gcc/arm-none-eabi/4.4.1/../../../../arm-none-eabi/lib/thumb2\libc.a(lib_a-mallocr.o)
 .debug_frame   0x00000f10       0x28 c:/actel/libero_v9.1/softconsole/sourcery-g++/bin/../lib/gcc/arm-none-eabi/4.4.1/../../../../arm-none-eabi/lib/thumb2\libc.a(lib_a-memchr.o)
 .debug_frame   0x00000f38       0x34 c:/actel/libero_v9.1/softconsole/sourcery-g++/bin/../lib/gcc/arm-none-eabi/4.4.1/../../../../arm-none-eabi/lib/thumb2\libc.a(lib_a-memcpy.o)
 .debug_frame   0x00000f6c       0x2c c:/actel/libero_v9.1/softconsole/sourcery-g++/bin/../lib/gcc/arm-none-eabi/4.4.1/../../../../arm-none-eabi/lib/thumb2\libc.a(lib_a-memmove.o)
 .debug_frame   0x00000f98       0x28 c:/actel/libero_v9.1/softconsole/sourcery-g++/bin/../lib/gcc/arm-none-eabi/4.4.1/../../../../arm-none-eabi/lib/thumb2\libc.a(lib_a-memset.o)
 .debug_frame   0x00000fc0       0x30 c:/actel/libero_v9.1/softconsole/sourcery-g++/bin/../lib/gcc/arm-none-eabi/4.4.1/../../../../arm-none-eabi/lib/thumb2\libc.a(lib_a-mlock.o)
 .debug_frame   0x00000ff0      0x240 c:/actel/libero_v9.1/softconsole/sourcery-g++/bin/../lib/gcc/arm-none-eabi/4.4.1/../../../../arm-none-eabi/lib/thumb2\libc.a(lib_a-mprec.o)
 .debug_frame   0x00001230       0x3c c:/actel/libero_v9.1/softconsole/sourcery-g++/bin/../lib/gcc/arm-none-eabi/4.4.1/../../../../arm-none-eabi/lib/thumb2\libc.a(lib_a-reallocr.o)
 .debug_frame   0x0000126c       0x20 c:/actel/libero_v9.1/softconsole/sourcery-g++/bin/../lib/gcc/arm-none-eabi/4.4.1/../../../../arm-none-eabi/lib/thumb2\libc.a(lib_a-s_isinfd.o)
 .debug_frame   0x0000128c       0x20 c:/actel/libero_v9.1/softconsole/sourcery-g++/bin/../lib/gcc/arm-none-eabi/4.4.1/../../../../arm-none-eabi/lib/thumb2\libc.a(lib_a-s_isnand.o)
 .debug_frame   0x000012ac       0x2c c:/actel/libero_v9.1/softconsole/sourcery-g++/bin/../lib/gcc/arm-none-eabi/4.4.1/../../../../arm-none-eabi/lib/thumb2\libc.a(lib_a-sbrkr.o)
 .debug_frame   0x000012d8       0x70 c:/actel/libero_v9.1/softconsole/sourcery-g++/bin/../lib/gcc/arm-none-eabi/4.4.1/../../../../arm-none-eabi/lib/thumb2\libc.a(lib_a-stdio.o)
 .debug_frame   0x00001348       0x30 c:/actel/libero_v9.1/softconsole/sourcery-g++/bin/../lib/gcc/arm-none-eabi/4.4.1/../../../../arm-none-eabi/lib/thumb2\libc.a(lib_a-strcmp.o)
 .debug_frame   0x00001378       0x20 c:/actel/libero_v9.1/softconsole/sourcery-g++/bin/../lib/gcc/arm-none-eabi/4.4.1/../../../../arm-none-eabi/lib/thumb2\libc.a(lib_a-strlen.o)
 .debug_frame   0x00001398       0x2c c:/actel/libero_v9.1/softconsole/sourcery-g++/bin/../lib/gcc/arm-none-eabi/4.4.1/../../../../arm-none-eabi/lib/thumb2\libc.a(lib_a-callocr.o)
 .debug_frame   0x000013c4       0x2c c:/actel/libero_v9.1/softconsole/sourcery-g++/bin/../lib/gcc/arm-none-eabi/4.4.1/../../../../arm-none-eabi/lib/thumb2\libc.a(lib_a-closer.o)
 .debug_frame   0x000013f0       0x3c c:/actel/libero_v9.1/softconsole/sourcery-g++/bin/../lib/gcc/arm-none-eabi/4.4.1/../../../../arm-none-eabi/lib/thumb2\libc.a(lib_a-fclose.o)
 .debug_frame   0x0000142c       0x2c c:/actel/libero_v9.1/softconsole/sourcery-g++/bin/../lib/gcc/arm-none-eabi/4.4.1/../../../../arm-none-eabi/lib/thumb2\libc.a(lib_a-fstatr.o)
 .debug_frame   0x00001458       0x2c c:/actel/libero_v9.1/softconsole/sourcery-g++/bin/../lib/gcc/arm-none-eabi/4.4.1/../../../../arm-none-eabi/lib/thumb2\libc.a(lib_a-isattyr.o)
 .debug_frame   0x00001484       0x2c c:/actel/libero_v9.1/softconsole/sourcery-g++/bin/../lib/gcc/arm-none-eabi/4.4.1/../../../../arm-none-eabi/lib/thumb2\libc.a(lib_a-lseekr.o)
 .debug_frame   0x000014b0       0x2c c:/actel/libero_v9.1/softconsole/sourcery-g++/bin/../lib/gcc/arm-none-eabi/4.4.1/../../../../arm-none-eabi/lib/thumb2\libc.a(lib_a-readr.o)
 .debug_frame   0x000014dc       0x64 c:/actel/libero_v9.1/softconsole/sourcery-g++/bin/../lib/gcc/arm-none-eabi/4.4.1/../../../../arm-none-eabi/lib/thumb2\libc.a(lib_a-reent.o)
 .debug_frame   0x00001540       0x20 c:/actel/libero_v9.1/softconsole/sourcery-g++/bin/../lib/gcc/arm-none-eabi/4.4.1/thumb2\libgcc.a(_udivsi3.o)
 .debug_frame   0x00001560       0x50 c:/actel/libero_v9.1/softconsole/sourcery-g++/bin/../lib/gcc/arm-none-eabi/4.4.1/thumb2\libgcc.a(bpabi.o)
 .debug_frame   0x000015b0       0x3c c:/actel/libero_v9.1/softconsole/sourcery-g++/bin/../lib/gcc/arm-none-eabi/4.4.1/thumb2\libgcc.a(_divdi3.o)
 .debug_frame   0x000015ec       0x3c c:/actel/libero_v9.1/softconsole/sourcery-g++/bin/../lib/gcc/arm-none-eabi/4.4.1/thumb2\libgcc.a(_udivdi3.o)

.debug_str      0x00000000     0x2336
 *(.debug_str)
 .debug_str     0x00000000      0x128 ./lcd.o
                                0x161 (size before relaxing)
 .debug_str     0x00000128        0xa ./main.o
                                0x10a (size before relaxing)
 .debug_str     0x00000132      0x306 ./menu.o
                                0x450 (size before relaxing)
 .debug_str     0x00000438       0xf8 ./midi.o
                                0x20f (size before relaxing)
 .debug_str     0x00000530     0x1009 ./suit.o
                               0x1361 (size before relaxing)
 .debug_str     0x00001539      0x501 N:/EECS373/WubSuit/Libero/SoftConsole/wubsuit_base_MSS_MSS_CM3_0/wubsuit_base_MSS_MSS_CM3_0_hw_platform/Debug/CMSIS/startup_gcc/newlib_stubs.o
                               0x10ae (size before relaxing)
 .debug_str     0x00001a3a      0x5d5 N:\EECS373\WubSuit\Libero\SoftConsole\wubsuit_base_MSS_MSS_CM3_0\wubsuit_base_MSS_MSS_CM3_0_hw_platform\Debug\libwubsuit_base_MSS_MSS_CM3_0_hw_platform.a(mss_uart.o)
                               0x14bf (size before relaxing)
 .debug_str     0x0000200f      0x14f N:\EECS373\WubSuit\Libero\SoftConsole\wubsuit_base_MSS_MSS_CM3_0\wubsuit_base_MSS_MSS_CM3_0_hw_platform\Debug\libwubsuit_base_MSS_MSS_CM3_0_hw_platform.a(mss_gpio.o)
                               0x1297 (size before relaxing)
 .debug_str     0x0000215e       0x88 N:\EECS373\WubSuit\Libero\SoftConsole\wubsuit_base_MSS_MSS_CM3_0\wubsuit_base_MSS_MSS_CM3_0_hw_platform\Debug\libwubsuit_base_MSS_MSS_CM3_0_hw_platform.a(core_uart_apb.o)
                                0x286 (size before relaxing)
 .debug_str     0x000021e6       0xf7 N:\EECS373\WubSuit\Libero\SoftConsole\wubsuit_base_MSS_MSS_CM3_0\wubsuit_base_MSS_MSS_CM3_0_hw_platform\Debug\libwubsuit_base_MSS_MSS_CM3_0_hw_platform.a(system_a2fxxxm3.o)
                                0x462 (size before relaxing)
 .debug_str     0x000022dd       0x59 N:\EECS373\WubSuit\Libero\SoftConsole\wubsuit_base_MSS_MSS_CM3_0\wubsuit_base_MSS_MSS_CM3_0_hw_platform\Debug\libwubsuit_base_MSS_MSS_CM3_0_hw_platform.a(hal_assert.o)
                                0x17d (size before relaxing)

.debug_loc      0x00000000     0x1967
 *(.debug_loc)
 .debug_loc     0x00000000       0x99 ./lcd.o
 .debug_loc     0x00000099       0x2b ./main.o
 .debug_loc     0x000000c4      0x1d7 ./menu.o
 .debug_loc     0x0000029b      0x181 ./midi.o
 .debug_loc     0x0000041c      0x3dd ./suit.o
 .debug_loc     0x000007f9      0x30d N:/EECS373/WubSuit/Libero/SoftConsole/wubsuit_base_MSS_MSS_CM3_0/wubsuit_base_MSS_MSS_CM3_0_hw_platform/Debug/CMSIS/startup_gcc/newlib_stubs.o
 .debug_loc     0x00000b06      0x894 N:\EECS373\WubSuit\Libero\SoftConsole\wubsuit_base_MSS_MSS_CM3_0\wubsuit_base_MSS_MSS_CM3_0_hw_platform\Debug\libwubsuit_base_MSS_MSS_CM3_0_hw_platform.a(mss_uart.o)
 .debug_loc     0x0000139a       0xf1 N:\EECS373\WubSuit\Libero\SoftConsole\wubsuit_base_MSS_MSS_CM3_0\wubsuit_base_MSS_MSS_CM3_0_hw_platform\Debug\libwubsuit_base_MSS_MSS_CM3_0_hw_platform.a(mss_gpio.o)
 .debug_loc     0x0000148b      0x3c1 N:\EECS373\WubSuit\Libero\SoftConsole\wubsuit_base_MSS_MSS_CM3_0\wubsuit_base_MSS_MSS_CM3_0_hw_platform\Debug\libwubsuit_base_MSS_MSS_CM3_0_hw_platform.a(core_uart_apb.o)
 .debug_loc     0x0000184c       0xb3 N:\EECS373\WubSuit\Libero\SoftConsole\wubsuit_base_MSS_MSS_CM3_0\wubsuit_base_MSS_MSS_CM3_0_hw_platform\Debug\libwubsuit_base_MSS_MSS_CM3_0_hw_platform.a(system_a2fxxxm3.o)
 .debug_loc     0x000018ff       0x68 N:\EECS373\WubSuit\Libero\SoftConsole\wubsuit_base_MSS_MSS_CM3_0\wubsuit_base_MSS_MSS_CM3_0_hw_platform\Debug\libwubsuit_base_MSS_MSS_CM3_0_hw_platform.a(hal_assert.o)

.debug_macinfo  0x00000000    0x39ad8
 *(.debug_macinfo)
 .debug_macinfo
                0x00000000     0x4ef6 ./lcd.o
 .debug_macinfo
                0x00004ef6     0x5049 ./main.o
 .debug_macinfo
                0x00009f3f     0x50db ./menu.o
 .debug_macinfo
                0x0000f01a     0x1a9c ./midi.o
 .debug_macinfo
                0x00010ab6     0x99fe ./suit.o
 .debug_macinfo
                0x0001a4b4     0x9964 N:/EECS373/WubSuit/Libero/SoftConsole/wubsuit_base_MSS_MSS_CM3_0/wubsuit_base_MSS_MSS_CM3_0_hw_platform/Debug/CMSIS/startup_gcc/newlib_stubs.o
 .debug_macinfo
                0x00023e18     0x63e3 N:\EECS373\WubSuit\Libero\SoftConsole\wubsuit_base_MSS_MSS_CM3_0\wubsuit_base_MSS_MSS_CM3_0_hw_platform\Debug\libwubsuit_base_MSS_MSS_CM3_0_hw_platform.a(mss_uart.o)
 .debug_macinfo
                0x0002a1fb     0x5cfa N:\EECS373\WubSuit\Libero\SoftConsole\wubsuit_base_MSS_MSS_CM3_0\wubsuit_base_MSS_MSS_CM3_0_hw_platform\Debug\libwubsuit_base_MSS_MSS_CM3_0_hw_platform.a(mss_gpio.o)
 .debug_macinfo
                0x0002fef5     0x2450 N:\EECS373\WubSuit\Libero\SoftConsole\wubsuit_base_MSS_MSS_CM3_0\wubsuit_base_MSS_MSS_CM3_0_hw_platform\Debug\libwubsuit_base_MSS_MSS_CM3_0_hw_platform.a(core_uart_apb.o)
 .debug_macinfo
                0x00032345     0x5a98 N:\EECS373\WubSuit\Libero\SoftConsole\wubsuit_base_MSS_MSS_CM3_0\wubsuit_base_MSS_MSS_CM3_0_hw_platform\Debug\libwubsuit_base_MSS_MSS_CM3_0_hw_platform.a(system_a2fxxxm3.o)
 .debug_macinfo
                0x00037ddd     0x1cfb N:\EECS373\WubSuit\Libero\SoftConsole\wubsuit_base_MSS_MSS_CM3_0\wubsuit_base_MSS_MSS_CM3_0_hw_platform\Debug\libwubsuit_base_MSS_MSS_CM3_0_hw_platform.a(hal_assert.o)

.debug_weaknames
 *(.debug_weaknames)

.debug_funcnames
 *(.debug_funcnames)

.debug_typenames
 *(.debug_typenames)

.debug_varnames
 *(.debug_varnames)

.note.gnu.arm.ident
 *(.note.gnu.arm.ident)

.ARM.attributes
                0x00000000       0x25
 *(.ARM.attributes)
 .ARM.attributes
                0x00000000       0x19 c:/actel/libero_v9.1/softconsole/sourcery-g++/bin/../lib/gcc/arm-none-eabi/4.4.1/thumb2/crti.o
 .ARM.attributes
                0x00000019       0x29 c:/actel/libero_v9.1/softconsole/sourcery-g++/bin/../lib/gcc/arm-none-eabi/4.4.1/thumb2/crtbegin.o
 .ARM.attributes
                0x00000042       0x31 ./lcd.o
 .ARM.attributes
                0x00000073       0x31 ./main.o
 .ARM.attributes
                0x000000a4       0x31 ./menu.o
 .ARM.attributes
                0x000000d5       0x31 ./midi.o
 .ARM.attributes
                0x00000106       0x31 ./suit.o
 .ARM.attributes
                0x00000137       0x21 N:/EECS373/WubSuit/Libero/SoftConsole/wubsuit_base_MSS_MSS_CM3_0/wubsuit_base_MSS_MSS_CM3_0_hw_platform/Debug/CMSIS/startup_gcc/startup_a2fxxxm3.o
 .ARM.attributes
                0x00000158       0x31 N:/EECS373/WubSuit/Libero/SoftConsole/wubsuit_base_MSS_MSS_CM3_0/wubsuit_base_MSS_MSS_CM3_0_hw_platform/Debug/CMSIS/startup_gcc/newlib_stubs.o
 .ARM.attributes
                0x00000189       0x31 N:\EECS373\WubSuit\Libero\SoftConsole\wubsuit_base_MSS_MSS_CM3_0\wubsuit_base_MSS_MSS_CM3_0_hw_platform\Debug\libwubsuit_base_MSS_MSS_CM3_0_hw_platform.a(mss_uart.o)
 .ARM.attributes
                0x000001ba       0x31 N:\EECS373\WubSuit\Libero\SoftConsole\wubsuit_base_MSS_MSS_CM3_0\wubsuit_base_MSS_MSS_CM3_0_hw_platform\Debug\libwubsuit_base_MSS_MSS_CM3_0_hw_platform.a(mss_gpio.o)
 .ARM.attributes
                0x000001eb       0x31 N:\EECS373\WubSuit\Libero\SoftConsole\wubsuit_base_MSS_MSS_CM3_0\wubsuit_base_MSS_MSS_CM3_0_hw_platform\Debug\libwubsuit_base_MSS_MSS_CM3_0_hw_platform.a(core_uart_apb.o)
 .ARM.attributes
                0x0000021c       0x31 N:\EECS373\WubSuit\Libero\SoftConsole\wubsuit_base_MSS_MSS_CM3_0\wubsuit_base_MSS_MSS_CM3_0_hw_platform\Debug\libwubsuit_base_MSS_MSS_CM3_0_hw_platform.a(system_a2fxxxm3.o)
 .ARM.attributes
                0x0000024d       0x31 N:\EECS373\WubSuit\Libero\SoftConsole\wubsuit_base_MSS_MSS_CM3_0\wubsuit_base_MSS_MSS_CM3_0_hw_platform\Debug\libwubsuit_base_MSS_MSS_CM3_0_hw_platform.a(hal_assert.o)
 .ARM.attributes
                0x0000027e       0x21 N:\EECS373\WubSuit\Libero\SoftConsole\wubsuit_base_MSS_MSS_CM3_0\wubsuit_base_MSS_MSS_CM3_0_hw_platform\Debug\libwubsuit_base_MSS_MSS_CM3_0_hw_platform.a(hw_reg_access.o)
 .ARM.attributes
                0x0000029f       0x29 c:/actel/libero_v9.1/softconsole/sourcery-g++/bin/../lib/gcc/arm-none-eabi/4.4.1/../../../../arm-none-eabi/lib/thumb2\libc.a(lib_a-errno.o)
 .ARM.attributes
                0x000002c8       0x29 c:/actel/libero_v9.1/softconsole/sourcery-g++/bin/../lib/gcc/arm-none-eabi/4.4.1/../../../../arm-none-eabi/lib/thumb2\libc.a(lib_a-impure.o)
 .ARM.attributes
                0x000002f1       0x29 c:/actel/libero_v9.1/softconsole/sourcery-g++/bin/../lib/gcc/arm-none-eabi/4.4.1/../../../../arm-none-eabi/lib/thumb2\libc.a(lib_a-init.o)
 .ARM.attributes
                0x0000031a       0x29 c:/actel/libero_v9.1/softconsole/sourcery-g++/bin/../lib/gcc/arm-none-eabi/4.4.1/../../../../arm-none-eabi/lib/thumb2\libc.a(lib_a-printf.o)
 .ARM.attributes
                0x00000343       0x29 c:/actel/libero_v9.1/softconsole/sourcery-g++/bin/../lib/gcc/arm-none-eabi/4.4.1/../../../../arm-none-eabi/lib/thumb2\libc.a(lib_a-vfprintf.o)
 .ARM.attributes
                0x0000036c       0x29 c:/actel/libero_v9.1/softconsole/sourcery-g++/bin/../lib/gcc/arm-none-eabi/4.4.1/../../../../arm-none-eabi/lib/thumb2\libc.a(lib_a-wsetup.o)
 .ARM.attributes
                0x00000395       0x29 c:/actel/libero_v9.1/softconsole/sourcery-g++/bin/../lib/gcc/arm-none-eabi/4.4.1/../../../../arm-none-eabi/lib/thumb2\libc.a(lib_a-dtoa.o)
 .ARM.attributes
                0x000003be       0x29 c:/actel/libero_v9.1/softconsole/sourcery-g++/bin/../lib/gcc/arm-none-eabi/4.4.1/../../../../arm-none-eabi/lib/thumb2\libc.a(lib_a-fflush.o)
 .ARM.attributes
                0x000003e7       0x29 c:/actel/libero_v9.1/softconsole/sourcery-g++/bin/../lib/gcc/arm-none-eabi/4.4.1/../../../../arm-none-eabi/lib/thumb2\libc.a(lib_a-findfp.o)
 .ARM.attributes
                0x00000410       0x29 c:/actel/libero_v9.1/softconsole/sourcery-g++/bin/../lib/gcc/arm-none-eabi/4.4.1/../../../../arm-none-eabi/lib/thumb2\libc.a(lib_a-freer.o)
 .ARM.attributes
                0x00000439       0x29 c:/actel/libero_v9.1/softconsole/sourcery-g++/bin/../lib/gcc/arm-none-eabi/4.4.1/../../../../arm-none-eabi/lib/thumb2\libc.a(lib_a-fvwrite.o)
 .ARM.attributes
                0x00000462       0x29 c:/actel/libero_v9.1/softconsole/sourcery-g++/bin/../lib/gcc/arm-none-eabi/4.4.1/../../../../arm-none-eabi/lib/thumb2\libc.a(lib_a-fwalk.o)
 .ARM.attributes
                0x0000048b       0x29 c:/actel/libero_v9.1/softconsole/sourcery-g++/bin/../lib/gcc/arm-none-eabi/4.4.1/../../../../arm-none-eabi/lib/thumb2\libc.a(lib_a-locale.o)
 .ARM.attributes
                0x000004b4       0x29 c:/actel/libero_v9.1/softconsole/sourcery-g++/bin/../lib/gcc/arm-none-eabi/4.4.1/../../../../arm-none-eabi/lib/thumb2\libc.a(lib_a-makebuf.o)
 .ARM.attributes
                0x000004dd       0x29 c:/actel/libero_v9.1/softconsole/sourcery-g++/bin/../lib/gcc/arm-none-eabi/4.4.1/../../../../arm-none-eabi/lib/thumb2\libc.a(lib_a-malloc.o)
 .ARM.attributes
                0x00000506       0x29 c:/actel/libero_v9.1/softconsole/sourcery-g++/bin/../lib/gcc/arm-none-eabi/4.4.1/../../../../arm-none-eabi/lib/thumb2\libc.a(lib_a-mallocr.o)
 .ARM.attributes
                0x0000052f       0x29 c:/actel/libero_v9.1/softconsole/sourcery-g++/bin/../lib/gcc/arm-none-eabi/4.4.1/../../../../arm-none-eabi/lib/thumb2\libc.a(lib_a-memchr.o)
 .ARM.attributes
                0x00000558       0x29 c:/actel/libero_v9.1/softconsole/sourcery-g++/bin/../lib/gcc/arm-none-eabi/4.4.1/../../../../arm-none-eabi/lib/thumb2\libc.a(lib_a-memcpy.o)
 .ARM.attributes
                0x00000581       0x29 c:/actel/libero_v9.1/softconsole/sourcery-g++/bin/../lib/gcc/arm-none-eabi/4.4.1/../../../../arm-none-eabi/lib/thumb2\libc.a(lib_a-memmove.o)
 .ARM.attributes
                0x000005aa       0x29 c:/actel/libero_v9.1/softconsole/sourcery-g++/bin/../lib/gcc/arm-none-eabi/4.4.1/../../../../arm-none-eabi/lib/thumb2\libc.a(lib_a-memset.o)
 .ARM.attributes
                0x000005d3       0x29 c:/actel/libero_v9.1/softconsole/sourcery-g++/bin/../lib/gcc/arm-none-eabi/4.4.1/../../../../arm-none-eabi/lib/thumb2\libc.a(lib_a-mlock.o)
 .ARM.attributes
                0x000005fc       0x29 c:/actel/libero_v9.1/softconsole/sourcery-g++/bin/../lib/gcc/arm-none-eabi/4.4.1/../../../../arm-none-eabi/lib/thumb2\libc.a(lib_a-mprec.o)
 .ARM.attributes
                0x00000625       0x29 c:/actel/libero_v9.1/softconsole/sourcery-g++/bin/../lib/gcc/arm-none-eabi/4.4.1/../../../../arm-none-eabi/lib/thumb2\libc.a(lib_a-reallocr.o)
 .ARM.attributes
                0x0000064e       0x29 c:/actel/libero_v9.1/softconsole/sourcery-g++/bin/../lib/gcc/arm-none-eabi/4.4.1/../../../../arm-none-eabi/lib/thumb2\libc.a(lib_a-s_isinfd.o)
 .ARM.attributes
                0x00000677       0x29 c:/actel/libero_v9.1/softconsole/sourcery-g++/bin/../lib/gcc/arm-none-eabi/4.4.1/../../../../arm-none-eabi/lib/thumb2\libc.a(lib_a-s_isnand.o)
 .ARM.attributes
                0x000006a0       0x29 c:/actel/libero_v9.1/softconsole/sourcery-g++/bin/../lib/gcc/arm-none-eabi/4.4.1/../../../../arm-none-eabi/lib/thumb2\libc.a(lib_a-sbrkr.o)
 .ARM.attributes
                0x000006c9       0x29 c:/actel/libero_v9.1/softconsole/sourcery-g++/bin/../lib/gcc/arm-none-eabi/4.4.1/../../../../arm-none-eabi/lib/thumb2\libc.a(lib_a-stdio.o)
 .ARM.attributes
                0x000006f2       0x29 c:/actel/libero_v9.1/softconsole/sourcery-g++/bin/../lib/gcc/arm-none-eabi/4.4.1/../../../../arm-none-eabi/lib/thumb2\libc.a(lib_a-strcmp.o)
 .ARM.attributes
                0x0000071b       0x29 c:/actel/libero_v9.1/softconsole/sourcery-g++/bin/../lib/gcc/arm-none-eabi/4.4.1/../../../../arm-none-eabi/lib/thumb2\libc.a(lib_a-strlen.o)
 .ARM.attributes
                0x00000744       0x29 c:/actel/libero_v9.1/softconsole/sourcery-g++/bin/../lib/gcc/arm-none-eabi/4.4.1/../../../../arm-none-eabi/lib/thumb2\libc.a(lib_a-callocr.o)
 .ARM.attributes
                0x0000076d       0x29 c:/actel/libero_v9.1/softconsole/sourcery-g++/bin/../lib/gcc/arm-none-eabi/4.4.1/../../../../arm-none-eabi/lib/thumb2\libc.a(lib_a-closer.o)
 .ARM.attributes
                0x00000796       0x29 c:/actel/libero_v9.1/softconsole/sourcery-g++/bin/../lib/gcc/arm-none-eabi/4.4.1/../../../../arm-none-eabi/lib/thumb2\libc.a(lib_a-fclose.o)
 .ARM.attributes
                0x000007bf       0x29 c:/actel/libero_v9.1/softconsole/sourcery-g++/bin/../lib/gcc/arm-none-eabi/4.4.1/../../../../arm-none-eabi/lib/thumb2\libc.a(lib_a-fstatr.o)
 .ARM.attributes
                0x000007e8       0x29 c:/actel/libero_v9.1/softconsole/sourcery-g++/bin/../lib/gcc/arm-none-eabi/4.4.1/../../../../arm-none-eabi/lib/thumb2\libc.a(lib_a-isattyr.o)
 .ARM.attributes
                0x00000811       0x29 c:/actel/libero_v9.1/softconsole/sourcery-g++/bin/../lib/gcc/arm-none-eabi/4.4.1/../../../../arm-none-eabi/lib/thumb2\libc.a(lib_a-lseekr.o)
 .ARM.attributes
                0x0000083a       0x29 c:/actel/libero_v9.1/softconsole/sourcery-g++/bin/../lib/gcc/arm-none-eabi/4.4.1/../../../../arm-none-eabi/lib/thumb2\libc.a(lib_a-readr.o)
 .ARM.attributes
                0x00000863       0x29 c:/actel/libero_v9.1/softconsole/sourcery-g++/bin/../lib/gcc/arm-none-eabi/4.4.1/../../../../arm-none-eabi/lib/thumb2\libc.a(lib_a-reent.o)
 .ARM.attributes
                0x0000088c       0x1b c:/actel/libero_v9.1/softconsole/sourcery-g++/bin/../lib/gcc/arm-none-eabi/4.4.1/thumb2\libgcc.a(_udivsi3.o)
 .ARM.attributes
                0x000008a7       0x1b c:/actel/libero_v9.1/softconsole/sourcery-g++/bin/../lib/gcc/arm-none-eabi/4.4.1/thumb2\libgcc.a(_dvmd_tls.o)
 .ARM.attributes
                0x000008c2       0x1b c:/actel/libero_v9.1/softconsole/sourcery-g++/bin/../lib/gcc/arm-none-eabi/4.4.1/thumb2\libgcc.a(_arm_addsubdf3.o)
 .ARM.attributes
                0x000008dd       0x1b c:/actel/libero_v9.1/softconsole/sourcery-g++/bin/../lib/gcc/arm-none-eabi/4.4.1/thumb2\libgcc.a(_arm_muldivdf3.o)
 .ARM.attributes
                0x000008f8       0x1b c:/actel/libero_v9.1/softconsole/sourcery-g++/bin/../lib/gcc/arm-none-eabi/4.4.1/thumb2\libgcc.a(_arm_cmpdf2.o)
 .ARM.attributes
                0x00000913       0x1b c:/actel/libero_v9.1/softconsole/sourcery-g++/bin/../lib/gcc/arm-none-eabi/4.4.1/thumb2\libgcc.a(_arm_fixdfsi.o)
 .ARM.attributes
                0x0000092e       0x1b c:/actel/libero_v9.1/softconsole/sourcery-g++/bin/../lib/gcc/arm-none-eabi/4.4.1/thumb2\libgcc.a(_aeabi_uldivmod.o)
 .ARM.attributes
                0x00000949       0x29 c:/actel/libero_v9.1/softconsole/sourcery-g++/bin/../lib/gcc/arm-none-eabi/4.4.1/thumb2\libgcc.a(bpabi.o)
 .ARM.attributes
                0x00000972       0x29 c:/actel/libero_v9.1/softconsole/sourcery-g++/bin/../lib/gcc/arm-none-eabi/4.4.1/thumb2\libgcc.a(_divdi3.o)
 .ARM.attributes
                0x0000099b       0x29 c:/actel/libero_v9.1/softconsole/sourcery-g++/bin/../lib/gcc/arm-none-eabi/4.4.1/thumb2\libgcc.a(_udivdi3.o)
 .ARM.attributes
                0x000009c4       0x29 c:/actel/libero_v9.1/softconsole/sourcery-g++/bin/../lib/gcc/arm-none-eabi/4.4.1/thumb2/crtend.o
 .ARM.attributes
                0x000009ed       0x19 c:/actel/libero_v9.1/softconsole/sourcery-g++/bin/../lib/gcc/arm-none-eabi/4.4.1/thumb2/crtn.o

/DISCARD/
 *(.note.GNU-stack)
 *(.isr_vector)
OUTPUT(wubsuit_base_MSS_MSS_CM3_0_app elf32-littlearm)

.debug_ranges   0x00000000      0x3d0
 .debug_ranges  0x00000000       0x28 ./lcd.o
 .debug_ranges  0x00000028       0x18 ./main.o
 .debug_ranges  0x00000040       0x58 ./menu.o
 .debug_ranges  0x00000098       0x48 ./midi.o
 .debug_ranges  0x000000e0       0xa8 ./suit.o
 .debug_ranges  0x00000188       0xa0 N:/EECS373/WubSuit/Libero/SoftConsole/wubsuit_base_MSS_MSS_CM3_0/wubsuit_base_MSS_MSS_CM3_0_hw_platform/Debug/CMSIS/startup_gcc/newlib_stubs.o
 .debug_ranges  0x00000228       0xd0 N:\EECS373\WubSuit\Libero\SoftConsole\wubsuit_base_MSS_MSS_CM3_0\wubsuit_base_MSS_MSS_CM3_0_hw_platform\Debug\libwubsuit_base_MSS_MSS_CM3_0_hw_platform.a(mss_uart.o)
 .debug_ranges  0x000002f8       0x60 N:\EECS373\WubSuit\Libero\SoftConsole\wubsuit_base_MSS_MSS_CM3_0\wubsuit_base_MSS_MSS_CM3_0_hw_platform\Debug\libwubsuit_base_MSS_MSS_CM3_0_hw_platform.a(mss_gpio.o)
 .debug_ranges  0x00000358       0x40 N:\EECS373\WubSuit\Libero\SoftConsole\wubsuit_base_MSS_MSS_CM3_0\wubsuit_base_MSS_MSS_CM3_0_hw_platform\Debug\libwubsuit_base_MSS_MSS_CM3_0_hw_platform.a(core_uart_apb.o)
 .debug_ranges  0x00000398       0x20 N:\EECS373\WubSuit\Libero\SoftConsole\wubsuit_base_MSS_MSS_CM3_0\wubsuit_base_MSS_MSS_CM3_0_hw_platform\Debug\libwubsuit_base_MSS_MSS_CM3_0_hw_platform.a(system_a2fxxxm3.o)
 .debug_ranges  0x000003b8       0x18 N:\EECS373\WubSuit\Libero\SoftConsole\wubsuit_base_MSS_MSS_CM3_0\wubsuit_base_MSS_MSS_CM3_0_hw_platform\Debug\libwubsuit_base_MSS_MSS_CM3_0_hw_platform.a(hal_assert.o)
