Archive member included because of file (symbol)

N:\EECS373\WubSuit\Libero\SoftConsole\wubsuit_base_MSS_MSS_CM3_0\wubsuit_base_MSS_MSS_CM3_0_hw_platform\Debug\libwubsuit_base_MSS_MSS_CM3_0_hw_platform.a(mss_uart.o)
                              N:/EECS373/WubSuit/Libero/SoftConsole/wubsuit_base_MSS_MSS_CM3_0/wubsuit_base_MSS_MSS_CM3_0_hw_platform/Debug/CMSIS/startup_gcc/newlib_stubs.o (MSS_UART_polled_tx)
N:\EECS373\WubSuit\Libero\SoftConsole\wubsuit_base_MSS_MSS_CM3_0\wubsuit_base_MSS_MSS_CM3_0_hw_platform\Debug\libwubsuit_base_MSS_MSS_CM3_0_hw_platform.a(mss_gpio.o)
                              ./suit.o (MSS_GPIO_init)
N:\EECS373\WubSuit\Libero\SoftConsole\wubsuit_base_MSS_MSS_CM3_0\wubsuit_base_MSS_MSS_CM3_0_hw_platform\Debug\libwubsuit_base_MSS_MSS_CM3_0_hw_platform.a(core_uart_apb.o)
                              ./suit.o (UART_get_rx_status)
N:\EECS373\WubSuit\Libero\SoftConsole\wubsuit_base_MSS_MSS_CM3_0\wubsuit_base_MSS_MSS_CM3_0_hw_platform\Debug\libwubsuit_base_MSS_MSS_CM3_0_hw_platform.a(system_a2fxxxm3.o)
                              N:/EECS373/WubSuit/Libero/SoftConsole/wubsuit_base_MSS_MSS_CM3_0/wubsuit_base_MSS_MSS_CM3_0_hw_platform/Debug/CMSIS/startup_gcc/startup_a2fxxxm3.o (SystemInit)
N:\EECS373\WubSuit\Libero\SoftConsole\wubsuit_base_MSS_MSS_CM3_0\wubsuit_base_MSS_MSS_CM3_0_hw_platform\Debug\libwubsuit_base_MSS_MSS_CM3_0_hw_platform.a(hal_assert.o)
                              N:\EECS373\WubSuit\Libero\SoftConsole\wubsuit_base_MSS_MSS_CM3_0\wubsuit_base_MSS_MSS_CM3_0_hw_platform\Debug\libwubsuit_base_MSS_MSS_CM3_0_hw_platform.a(core_uart_apb.o) (HAL_assert_fail)
N:\EECS373\WubSuit\Libero\SoftConsole\wubsuit_base_MSS_MSS_CM3_0\wubsuit_base_MSS_MSS_CM3_0_hw_platform\Debug\libwubsuit_base_MSS_MSS_CM3_0_hw_platform.a(hw_reg_access.o)
                              N:\EECS373\WubSuit\Libero\SoftConsole\wubsuit_base_MSS_MSS_CM3_0\wubsuit_base_MSS_MSS_CM3_0_hw_platform\Debug\libwubsuit_base_MSS_MSS_CM3_0_hw_platform.a(core_uart_apb.o) (HW_set_8bit_reg)
c:/actel/libero_v9.1/softconsole/sourcery-g++/bin/../lib/gcc/arm-none-eabi/4.4.1/../../../../arm-none-eabi/lib/thumb2\libc.a(lib_a-errno.o)
                              N:/EECS373/WubSuit/Libero/SoftConsole/wubsuit_base_MSS_MSS_CM3_0/wubsuit_base_MSS_MSS_CM3_0_hw_platform/Debug/CMSIS/startup_gcc/newlib_stubs.o (__errno)
c:/actel/libero_v9.1/softconsole/sourcery-g++/bin/../lib/gcc/arm-none-eabi/4.4.1/../../../../arm-none-eabi/lib/thumb2\libc.a(lib_a-impure.o)
                              c:/actel/libero_v9.1/softconsole/sourcery-g++/bin/../lib/gcc/arm-none-eabi/4.4.1/../../../../arm-none-eabi/lib/thumb2\libc.a(lib_a-errno.o) (_impure_ptr)
c:/actel/libero_v9.1/softconsole/sourcery-g++/bin/../lib/gcc/arm-none-eabi/4.4.1/../../../../arm-none-eabi/lib/thumb2\libc.a(lib_a-init.o)
                              N:/EECS373/WubSuit/Libero/SoftConsole/wubsuit_base_MSS_MSS_CM3_0/wubsuit_base_MSS_MSS_CM3_0_hw_platform/Debug/CMSIS/startup_gcc/startup_a2fxxxm3.o (__libc_init_array)
c:/actel/libero_v9.1/softconsole/sourcery-g++/bin/../lib/gcc/arm-none-eabi/4.4.1/../../../../arm-none-eabi/lib/thumb2\libc.a(lib_a-printf.o)
                              ./lcd.o (printf)
c:/actel/libero_v9.1/softconsole/sourcery-g++/bin/../lib/gcc/arm-none-eabi/4.4.1/../../../../arm-none-eabi/lib/thumb2\libc.a(lib_a-vfprintf.o)
                              c:/actel/libero_v9.1/softconsole/sourcery-g++/bin/../lib/gcc/arm-none-eabi/4.4.1/../../../../arm-none-eabi/lib/thumb2\libc.a(lib_a-printf.o) (_vfprintf_r)
c:/actel/libero_v9.1/softconsole/sourcery-g++/bin/../lib/gcc/arm-none-eabi/4.4.1/../../../../arm-none-eabi/lib/thumb2\libc.a(lib_a-wsetup.o)
                              c:/actel/libero_v9.1/softconsole/sourcery-g++/bin/../lib/gcc/arm-none-eabi/4.4.1/../../../../arm-none-eabi/lib/thumb2\libc.a(lib_a-vfprintf.o) (__swsetup_r)
c:/actel/libero_v9.1/softconsole/sourcery-g++/bin/../lib/gcc/arm-none-eabi/4.4.1/../../../../arm-none-eabi/lib/thumb2\libc.a(lib_a-dtoa.o)
                              c:/actel/libero_v9.1/softconsole/sourcery-g++/bin/../lib/gcc/arm-none-eabi/4.4.1/../../../../arm-none-eabi/lib/thumb2\libc.a(lib_a-vfprintf.o) (_dtoa_r)
c:/actel/libero_v9.1/softconsole/sourcery-g++/bin/../lib/gcc/arm-none-eabi/4.4.1/../../../../arm-none-eabi/lib/thumb2\libc.a(lib_a-fflush.o)
                              c:/actel/libero_v9.1/softconsole/sourcery-g++/bin/../lib/gcc/arm-none-eabi/4.4.1/../../../../arm-none-eabi/lib/thumb2\libc.a(lib_a-vfprintf.o) (_fflush_r)
c:/actel/libero_v9.1/softconsole/sourcery-g++/bin/../lib/gcc/arm-none-eabi/4.4.1/../../../../arm-none-eabi/lib/thumb2\libc.a(lib_a-findfp.o)
                              c:/actel/libero_v9.1/softconsole/sourcery-g++/bin/../lib/gcc/arm-none-eabi/4.4.1/../../../../arm-none-eabi/lib/thumb2\libc.a(lib_a-printf.o) (__sinit)
c:/actel/libero_v9.1/softconsole/sourcery-g++/bin/../lib/gcc/arm-none-eabi/4.4.1/../../../../arm-none-eabi/lib/thumb2\libc.a(lib_a-freer.o)
[...]
Memory Configuration

Name             Origin             Length             Attributes
ram              0x20000000         0x00010000         xrw
*default*        0x00000000         0xffffffff

Linker script and memory map

LOAD c:/actel/libero_v9.1/softconsole/sourcery-g++/bin/../lib/gcc/arm-none-eabi/4.4.1/thumb2/crti.o
LOAD c:/actel/libero_v9.1/softconsole/sourcery-g++/bin/../lib/gcc/arm-none-eabi/4.4.1/thumb2/crtbegin.o
LOAD ./lcd.o
LOAD ./main.o
LOAD ./menu.o
LOAD ./midi.o
LOAD ./suit.o
LOAD N:/EECS373/WubSuit/Libero/SoftConsole/wubsuit_base_MSS_MSS_CM3_0/wubsuit_base_MSS_MSS_CM3_0_hw_platform/Debug/CMSIS/startup_gcc/startup_a2fxxxm3.o
LOAD N:/EECS373/WubSuit/Libero/SoftConsole/wubsuit_base_MSS_MSS_CM3_0/wubsuit_base_MSS_MSS_CM3_0_hw_platform/Debug/CMSIS/startup_gcc/newlib_stubs.o
LOAD N:\EECS373\WubSuit\Libero\SoftConsole\wubsuit_base_MSS_MSS_CM3_0\wubsuit_base_MSS_MSS_CM3_0_hw_platform\Debug\libwubsuit_base_MSS_MSS_CM3_0_hw_platform.a
START GROUP
LOAD c:/actel/libero_v9.1/softconsole/sourcery-g++/bin/../lib/gcc/arm-none-eabi/4.4.1/thumb2\libgcc.a
LOAD c:/actel/libero_v9.1/softconsole/sourcery-g++/bin/../lib/gcc/arm-none-eabi/4.4.1/../../../../arm-none-eabi/lib/thumb2\libc.a
END GROUP
LOAD c:/actel/libero_v9.1/softconsole/sourcery-g++/bin/../lib/gcc/arm-none-eabi/4.4.1/thumb2/crtend.o
LOAD c:/actel/libero_v9.1/softconsole/sourcery-g++/bin/../lib/gcc/arm-none-eabi/4.4.1/thumb2/crtn.o
START GROUP
LOAD c:/actel/libero_v9.1/softconsole/sourcery-g++/bin/../lib/gcc/arm-none-eabi/4.4.1/../../../../arm-none-eabi/lib/thumb2\libc.a
LOAD c:/actel/libero_v9.1/softconsole/sourcery-g++/bin/../lib/gcc/arm-none-eabi/4.4.1/thumb2\libgcc.a
LOAD c:/actel/libero_v9.1/softconsole/sourcery-g++/bin/../lib/gcc/arm-none-eabi/4.4.1/../../../../arm-none-eabi/lib/thumb2\libm.a
END GROUP
                0x00000000                __DYNAMIC = 0x0
                0x20000000                RAM_START_ADDRESS = 0x20000000
                0x00010000                RAM_SIZE = 0x10000
                0x00002000                MAIN_STACK_SIZE = 0x2000
                0x00001000                PROCESS_STACK_SIZE = 0x1000
                0x20010000                PROVIDE (__main_stack_start, (RAM_START_ADDRESS + RAM_SIZE))
                0x2000e000                PROVIDE (__process_stack_start, (__main_stack_start - MAIN_STACK_SIZE))
                0x20010000                PROVIDE (_estack, __main_stack_start)
                0x00000000                PROVIDE (__mirrored_nvm, 0x0)

.text           0x20000000     0x8bb0
 CREATE_OBJECT_SYMBOLS
                0x20000000                __text_load = LOADADDR (.text)
                0x20000000                __text_start = .
 *(.isr_vector)
 .isr_vector    0x20000000      0x470 N:/EECS373/WubSuit/Libero/SoftConsole/wubsuit_base_MSS_MSS_CM3_0/wubsuit_base_MSS_MSS_CM3_0_hw_platform/Debug/CMSIS/startup_gcc/startup_a2fxxxm3.o
                0x20000000                g_pfnVectors
                0x20000298                Reset_Handler
                0x20000308                NMI_Handler
                0x2000030a                HardFault_Handler
                0x2000030c                MemManage_Handler
                0x2000030e                BusFault_Handler
                0x20000310                UsageFault_Handler
                0x20000312                SVC_Handler
                0x20000314                DebugMon_Handler
                0x20000316                PendSV_Handler
                0x20000318                SysTick_Handler
                0x2000031a                WdogWakeup_IRQHandler
                0x2000031c                BrownOut_1_5V_IRQHandler
                0x2000031e                BrownOut_3_3V_IRQHandler
                0x20000320                RTC_Match_IRQHandler
                0x20000322                RTCIF_Pub_IRQHandler
                0x20000324                EthernetMAC_IRQHandler
                0x20000326                IAP_IRQHandler
                0x20000328                ENVM0_IRQHandler
                0x2000032a                ENVM1_IRQHandler
                0x2000032c                DMA_IRQHandler
                0x20000332                SPI0_IRQHandler
                0x20000334                SPI1_IRQHandler
                0x20000336                I2C0_IRQHandler
                0x20000338                I2C0_SMBAlert_IRQHandler
                0x2000033a                I2C0_SMBus_IRQHandler
                0x2000033c                I2C1_IRQHandler
                0x2000033e                I2C1_SMBAlert_IRQHandler
                0x20000340                I2C1_SMBus_IRQHandler
                0x20000342                Timer1_IRQHandler
                0x20000344                Timer2_IRQHandler
                0x20000346                PLL_Lock_IRQHandler
                0x20000348                PLL_LockLost_IRQHandler
                0x2000034a                CommError_IRQHandler
                0x2000034c                Fabric_IRQHandler
                0x20000356                GPIO4_IRQHandler
                0x20000358                GPIO5_IRQHandler
                0x2000035a                GPIO6_IRQHandler
                0x2000035c                GPIO7_IRQHandler
                0x2000035e                GPIO8_IRQHandler
                0x20000360                GPIO9_IRQHandler
                0x20000362                GPIO10_IRQHandler
                0x20000364                GPIO11_IRQHandler
                0x20000366                GPIO12_IRQHandler
                0x20000368                GPIO13_IRQHandler
                0x2000036a                GPIO14_IRQHandler
                0x2000036c                GPIO15_IRQHandler
                0x2000036e                GPIO16_IRQHandler
                0x20000370                GPIO17_IRQHandler
                0x20000372                GPIO18_IRQHandler
                0x20000374                GPIO19_IRQHandler
                0x20000376                GPIO20_IRQHandler
                0x20000378                GPIO21_IRQHandler
                0x2000037a                GPIO22_IRQHandler
                0x2000037c                GPIO23_IRQHandler
                0x2000037e                GPIO24_IRQHandler
                0x20000380                GPIO25_IRQHandler
                0x20000382                GPIO26_IRQHandler
                0x20000384                GPIO27_IRQHandler
                0x20000386                GPIO28_IRQHandler
                0x20000388                GPIO29_IRQHandler
                0x2000038a                GPIO30_IRQHandler
                0x2000038c                GPIO31_IRQHandler
                0x2000038e                ACE_PC0_Flag0_IRQHandler
                0x20000390                ACE_PC0_Flag1_IRQHandler
                0x20000392                ACE_PC0_Flag2_IRQHandler
                0x20000394                ACE_PC0_Flag3_IRQHandler
                0x20000396                ACE_PC1_Flag0_IRQHandler
                0x20000398                ACE_PC1_Flag1_IRQHandler
                0x2000039a                ACE_PC1_Flag2_IRQHandler
                0x2000039c                ACE_PC1_Flag3_IRQHandler
                0x2000039e                ACE_PC2_Flag0_IRQHandler
                0x200003a0                ACE_PC2_Flag1_IRQHandler
                0x200003a2                ACE_PC2_Flag2_IRQHandler
                0x200003a4                ACE_PC2_Flag3_IRQHandler
                0x200003a6                ACE_ADC0_DataValid_IRQHandler
                0x200003a8                ACE_ADC1_DataValid_IRQHandler
                0x200003aa                ACE_ADC2_DataValid_IRQHandler
                0x200003ac                ACE_ADC0_CalDone_IRQHandler
                0x200003ae                ACE_ADC1_CalDone_IRQHandler
                0x200003b0                ACE_ADC2_CalDone_IRQHandler
                0x200003b2                ACE_ADC0_CalStart_IRQHandler
                0x200003b4                ACE_ADC1_CalStart_IRQHandler
                0x200003b6                ACE_ADC2_CalStart_IRQHandler
                0x200003b8                ACE_Comp0_Fall_IRQHandler
                0x200003ba                ACE_Comp1_Fall_IRQHandler
                0x200003bc                ACE_Comp2_Fall_IRQHandler
                0x200003be                ACE_Comp3_Fall_IRQHandler
                0x200003c0                ACE_Comp4_Fall_IRQHandler
                0x200003c2                ACE_Comp5_Fall_IRQHandler
                0x200003c4                ACE_Comp6_Fall_IRQHandler
                0x200003c6                ACE_Comp7_Fall_IRQHandler
                0x200003c8                ACE_Comp8_Fall_IRQHandler
                0x200003ca                ACE_Comp9_Fall_IRQHandler
                0x200003cc                ACE_Comp10_Fall_IRQHandler
                0x200003ce                ACE_Comp11_Fall_IRQHandler
                0x200003d0                ACE_Comp0_Rise_IRQHandler
                0x200003d2                ACE_Comp1_Rise_IRQHandler
                0x200003d4                ACE_Comp2_Rise_IRQHandler
                0x200003d6                ACE_Comp3_Rise_IRQHandler
                0x200003d8                ACE_Comp4_Rise_IRQHandler
                0x200003da                ACE_Comp5_Rise_IRQHandler
                0x200003dc                ACE_Comp6_Rise_IRQHandler
                0x200003de                ACE_Comp7_Rise_IRQHandler
                0x200003e0                ACE_Comp8_Rise_IRQHandler
                0x200003e2                ACE_Comp9_Rise_IRQHandler
                0x200003e4                ACE_Comp10_Rise_IRQHandler
                0x200003e6                ACE_Comp11_Rise_IRQHandler
                0x200003e8                ACE_ADC0_FifoFull_IRQHandler
                0x200003ea                ACE_ADC0_FifoAFull_IRQHandler
                0x200003ec                ACE_ADC0_FifoEmpty_IRQHandler
                0x200003ee                ACE_ADC1_FifoFull_IRQHandler
                0x200003f0                ACE_ADC1_FifoAFull_IRQHandler
                0x200003f2                ACE_ADC1_FifoEmpty_IRQHandler
                0x200003f4                ACE_ADC2_FifoFull_IRQHandler
                0x200003f6                ACE_ADC2_FifoAFull_IRQHandler
                0x200003f8                ACE_ADC2_FifoEmpty_IRQHandler
                0x200003fa                ACE_PPE_Flag0_IRQHandler
                0x200003fc                ACE_PPE_Flag1_IRQHandler
                0x200003fe                ACE_PPE_Flag2_IRQHandler
                0x20000400                ACE_PPE_Flag3_IRQHandler
                0x20000402                ACE_PPE_Flag4_IRQHandler
                0x20000404                ACE_PPE_Flag5_IRQHandler
                0x20000406                ACE_PPE_Flag6_IRQHandler
                0x20000408                ACE_PPE_Flag7_IRQHandler
                0x2000040a                ACE_PPE_Flag8_IRQHandler
                0x2000040c                ACE_PPE_Flag9_IRQHandler
                0x2000040e                ACE_PPE_Flag10_IRQHandler
                0x20000410                ACE_PPE_Flag11_IRQHandler
                0x20000412                ACE_PPE_Flag12_IRQHandler
                0x20000414                ACE_PPE_Flag13_IRQHandler
                0x20000416                ACE_PPE_Flag14_IRQHandler
                0x20000418                ACE_PPE_Flag15_IRQHandler
                0x2000041a                ACE_PPE_Flag16_IRQHandler
                0x2000041c                ACE_PPE_Flag17_IRQHandler
                0x2000041e                ACE_PPE_Flag18_IRQHandler
                0x20000420                ACE_PPE_Flag19_IRQHandler
                0x20000422                ACE_PPE_Flag20_IRQHandler
                0x20000424                ACE_PPE_Flag21_IRQHandler
                0x20000426                ACE_PPE_Flag22_IRQHandler
                0x20000428                ACE_PPE_Flag23_IRQHandler
                0x2000042a                ACE_PPE_Flag24_IRQHandler
                0x2000042c                ACE_PPE_Flag25_IRQHandler
                0x2000042e                ACE_PPE_Flag26_IRQHandler
                0x20000430                ACE_PPE_Flag27_IRQHandler
                0x20000432                ACE_PPE_Flag28_IRQHandler
                0x20000434                ACE_PPE_Flag29_IRQHandler
                0x20000436                ACE_PPE_Flag30_IRQHandler
                0x20000438                ACE_PPE_Flag31_IRQHandler
 *(.text .text.* .gnu.linkonce.t.*)
 .text          0x20000470       0x30 c:/actel/libero_v9.1/softconsole/sourcery-g++/bin/../lib/gcc/arm-none-eabi/4.4.1/thumb2/crtbegin.o
 .text.LCD_setSelectorPosition
                0x200004a0       0x3c ./lcd.o
                0x200004a0                LCD_setSelectorPosition
 .text.LCD_drawString
                0x200004dc       0x2c ./lcd.o
                0x200004dc                LCD_drawString
 .text.LCD_clearScreen
                0x20000508       0x14 ./lcd.o
                0x20000508                LCD_clearScreen
 .text.main     0x2000051c        0xc ./main.o
                0x2000051c                main
 .text.Menu_setKeySignature
                0x20000528       0x48 ./menu.o
                0x20000528                Menu_setKeySignature
 .text.Menu_init
                0x20000570      0x294 ./menu.o
                0x20000570                Menu_init
 .text.Menu_displayCurrentMenu
                0x20000804       0x98 ./menu.o
                0x20000804                Menu_displayCurrentMenu
 .text.Menu_setMenu
                0x2000089c       0x3c ./menu.o
                0x2000089c                Menu_setMenu
 .text.Menu_moveDown
                0x200008d8       0x50 ./menu.o
                0x200008d8                Menu_moveDown
 .text.Menu_select
                0x20000928       0x48 ./menu.o
                0x20000928                Menu_select
 .text.MIDI_init
                0x20000970       0x20 ./midi.o
                0x20000970                MIDI_init
 .text.MIDI_sendMessage
                0x20000990       0x28 ./midi.o
                0x20000990                MIDI_sendMessage
 .text.MIDI_noteOn
                0x200009b8       0x4c ./midi.o
                0x200009b8                MIDI_noteOn
 .text.MIDI_noteOff
                0x20000a04       0x48 ./midi.o
                0x20000a04                MIDI_noteOff
 .text.MIDI_pitchWheelChange
                0x20000a4c       0x50 ./midi.o
                0x20000a4c                MIDI_pitchWheelChange
 .text.NVIC_EnableIRQ
                0x20000a9c       0x38 ./suit.o
 .text.NVIC_ClearPendingIRQ
                0x20000ad4       0x3c ./suit.o
 .text.MSS_GPIO_get_inputs
                0x20000b10       0x18 ./suit.o
 .text.GPIO0_IRQHandler
                0x20000b28      0x1e0 ./suit.o
                0x20000b28                GPIO0_IRQHandler
 .text.GPIO1_IRQHandler
                0x20000d08      0x1d0 ./suit.o
                0x20000d08                GPIO1_IRQHandler
 .text.GPIO2_IRQHandler
                0x20000ed8       0x50 ./suit.o
                0x20000ed8                GPIO2_IRQHandler
 .text.GPIO3_IRQHandler
                0x20000f28       0x2c ./suit.o
                0x20000f28                GPIO3_IRQHandler
 .text.Suit_init
                0x20000f54      0x324 ./suit.o
                0x20000f54                Suit_init
 .text.Suit_handleMIDIMessage
                0x20001278       0x5c ./suit.o
                0x20001278                Suit_handleMIDIMessage
 .text.Suit_turnOnLightChannel
                0x200012d4       0x40 ./suit.o
                0x200012d4                Suit_turnOnLightChannel
 .text.Suit_turnOffLightChannel
                0x20001314       0x44 ./suit.o
                0x20001314                Suit_turnOffLightChannel
 .text.Suit_MIDIToLightChannel
                0x20001358       0x48 ./suit.o
                0x20001358                Suit_MIDIToLightChannel
 .text.Suit_newSensorValues
                0x200013a0       0x70 ./suit.o
                0x200013a0                Suit_newSensorValues
 .text.Suit_capButtonPressed
                0x20001410       0xc4 ./suit.o
                0x20001410                Suit_capButtonPressed
 .text.Suit_capButtonReleased
                0x200014d4       0x50 ./suit.o
                0x200014d4                Suit_capButtonReleased
 .text.Suit_LPiezoPressed
                0x20001524       0x5c ./suit.o
                0x20001524                Suit_LPiezoPressed
 .text.Suit_mapValue
                0x20001580       0x44 ./suit.o
                0x20001580                Suit_mapValue
 .text.Suit_setMode
                0x200015c4       0x28 ./suit.o
                0x200015c4                Suit_setMode
 .text._close   0x200015ec        0x8 N:/EECS373/WubSuit/Libero/SoftConsole/wubsuit_base_MSS_MSS_CM3_0/wubsuit_base_MSS_MSS_CM3_0_hw_platform/Debug/CMSIS/startup_gcc/newlib_stubs.o
                0x200015ec                _close
 .text._exit    0x200015f4        0x4 N:/EECS373/WubSuit/Libero/SoftConsole/wubsuit_base_MSS_MSS_CM3_0/wubsuit_base_MSS_MSS_CM3_0_hw_platform/Debug/CMSIS/startup_gcc/newlib_stubs.o
                0x200015f4                _exit
 .text._fstat   0x200015f8        0xc N:/EECS373/WubSuit/Libero/SoftConsole/wubsuit_base_MSS_MSS_CM3_0/wubsuit_base_MSS_MSS_CM3_0_hw_platform/Debug/CMSIS/startup_gcc/newlib_stubs.o
                0x200015f8                _fstat
 .text._isatty  0x20001604        0x8 N:/EECS373/WubSuit/Libero/SoftConsole/wubsuit_base_MSS_MSS_CM3_0/wubsuit_base_MSS_MSS_CM3_0_hw_platform/Debug/CMSIS/startup_gcc/newlib_stubs.o
                0x20001604                _isatty
 .text._lseek   0x2000160c        0x8 N:/EECS373/WubSuit/Libero/SoftConsole/wubsuit_base_MSS_MSS_CM3_0/wubsuit_base_MSS_MSS_CM3_0_hw_platform/Debug/CMSIS/startup_gcc/newlib_stubs.o
                0x2000160c                _lseek
 .text._read    0x20001614        0x8 N:/EECS373/WubSuit/Libero/SoftConsole/wubsuit_base_MSS_MSS_CM3_0/wubsuit_base_MSS_MSS_CM3_0_hw_platform/Debug/CMSIS/startup_gcc/newlib_stubs.o
                0x20001614                _read
 .text._write_r
                0x2000161c       0x48 N:/EECS373/WubSuit/Libero/SoftConsole/wubsuit_base_MSS_MSS_CM3_0/wubsuit_base_MSS_MSS_CM3_0_hw_platform/Debug/CMSIS/startup_gcc/newlib_stubs.o
                0x2000161c                _write_r
 .text._sbrk    0x20001664       0x64 N:/EECS373/WubSuit/Libero/SoftConsole/wubsuit_base_MSS_MSS_CM3_0/wubsuit_base_MSS_MSS_CM3_0_hw_platform/Debug/CMSIS/startup_gcc/newlib_stubs.o
                0x20001664                _sbrk
 .text.MSS_UART_polled_tx
                0x200016c8       0xac N:\EECS373\WubSuit\Libero\SoftConsole\wubsuit_base_MSS_MSS_CM3_0\wubsuit_base_MSS_MSS_CM3_0_hw_platform\Debug\libwubsuit_base_MSS_MSS_CM3_0_hw_platform.a(mss_uart.o)
                0x200016c8                MSS_UART_polled_tx
 .text.MSS_UART_isr
                0x20001774       0x70 N:\EECS373\WubSuit\Libero\SoftConsole\wubsuit_base_MSS_MSS_CM3_0\wubsuit_base_MSS_MSS_CM3_0_hw_platform\Debug\libwubsuit_base_MSS_MSS_CM3_0_hw_platform.a(mss_uart.o)
 .text.default_tx_handler
                0x200017e4       0xa8 N:\EECS373\WubSuit\Libero\SoftConsole\wubsuit_base_MSS_MSS_CM3_0\wubsuit_base_MSS_MSS_CM3_0_hw_platform\Debug\libwubsuit_base_MSS_MSS_CM3_0_hw_platform.a(mss_uart.o)
 .text.UART0_IRQHandler
                0x2000188c       0x30 N:\EECS373\WubSuit\Libero\SoftConsole\wubsuit_base_MSS_MSS_CM3_0\wubsuit_base_MSS_MSS_CM3_0_hw_platform\Debug\libwubsuit_base_MSS_MSS_CM3_0_hw_platform.a(mss_uart.o)
                0x2000188c                UART0_IRQHandler
 .text.UART1_IRQHandler
                0x200018bc       0x30 N:\EECS373\WubSuit\Libero\SoftConsole\wubsuit_base_MSS_MSS_CM3_0\wubsuit_base_MSS_MSS_CM3_0_hw_platform\Debug\libwubsuit_base_MSS_MSS_CM3_0_hw_platform.a(mss_uart.o)
                0x200018bc                UART1_IRQHandler
 .text.MSS_UART_init
                0x200018ec      0x150 N:\EECS373\WubSuit\Libero\SoftConsole\wubsuit_base_MSS_MSS_CM3_0\wubsuit_base_MSS_MSS_CM3_0_hw_platform\Debug\libwubsuit_base_MSS_MSS_CM3_0_hw_platform.a(mss_uart.o)
                0x200018ec                MSS_UART_init
 .text.MSS_GPIO_init
                0x20001a3c       0x60 N:\EECS373\WubSuit\Libero\SoftConsole\wubsuit_base_MSS_MSS_CM3_0\wubsuit_base_MSS_MSS_CM3_0_hw_platform\Debug\libwubsuit_base_MSS_MSS_CM3_0_hw_platform.a(mss_gpio.o)
                0x20001a3c                MSS_GPIO_init
 .text.MSS_GPIO_config
                0x20001a9c       0x18 N:\EECS373\WubSuit\Libero\SoftConsole\wubsuit_base_MSS_MSS_CM3_0\wubsuit_base_MSS_MSS_CM3_0_hw_platform\Debug\libwubsuit_base_MSS_MSS_CM3_0_hw_platform.a(mss_gpio.o)
                0x20001a9c                MSS_GPIO_config
 .text.MSS_GPIO_enable_irq
                0x20001ab4       0x48 N:\EECS373\WubSuit\Libero\SoftConsole\wubsuit_base_MSS_MSS_CM3_0\wubsuit_base_MSS_MSS_CM3_0_hw_platform\Debug\libwubsuit_base_MSS_MSS_CM3_0_hw_platform.a(mss_gpio.o)
                0x20001ab4                MSS_GPIO_enable_irq
 .text.MSS_GPIO_clear_irq
                0x20001afc       0x48 N:\EECS373\WubSuit\Libero\SoftConsole\wubsuit_base_MSS_MSS_CM3_0\wubsuit_base_MSS_MSS_CM3_0_hw_platform\Debug\libwubsuit_base_MSS_MSS_CM3_0_hw_platform.a(mss_gpio.o)
                0x20001afc                MSS_GPIO_clear_irq
 .text.UART_get_rx_status
                0x20001b44       0x50 N:\EECS373\WubSuit\Libero\SoftConsole\wubsuit_base_MSS_MSS_CM3_0\wubsuit_base_MSS_MSS_CM3_0_hw_platform\Debug\libwubsuit_base_MSS_MSS_CM3_0_hw_platform.a(core_uart_apb.o)
                0x20001b44                UART_get_rx_status
 .text.UART_get_rx
                0x20001b94      0x118 N:\EECS373\WubSuit\Libero\SoftConsole\wubsuit_base_MSS_MSS_CM3_0\wubsuit_base_MSS_MSS_CM3_0_hw_platform\Debug\libwubsuit_base_MSS_MSS_CM3_0_hw_platform.a(core_uart_apb.o)
                0x20001b94                UART_get_rx
 .text.UART_send
                0x20001cac       0xe4 N:\EECS373\WubSuit\Libero\SoftConsole\wubsuit_base_MSS_MSS_CM3_0\wubsuit_base_MSS_MSS_CM3_0_hw_platform\Debug\libwubsuit_base_MSS_MSS_CM3_0_hw_platform.a(core_uart_apb.o)
                0x20001cac                UART_send
 .text.UART_init
                0x20001d90      0x1cc N:\EECS373\WubSuit\Libero\SoftConsole\wubsuit_base_MSS_MSS_CM3_0\wubsuit_base_MSS_MSS_CM3_0_hw_platform\Debug\libwubsuit_base_MSS_MSS_CM3_0_hw_platform.a(core_uart_apb.o)
                0x20001d90                UART_init
 .text.SystemInit
                0x20001f5c        0x4 N:\EECS373\WubSuit\Libero\SoftConsole\wubsuit_base_MSS_MSS_CM3_0\wubsuit_base_MSS_MSS_CM3_0_hw_platform\Debug\libwubsuit_base_MSS_MSS_CM3_0_hw_platform.a(system_a2fxxxm3.o)
                0x20001f5c                SystemInit
 .text.SystemCoreClockUpdate
                0x20001f60      0x130 N:\EECS373\WubSuit\Libero\SoftConsole\wubsuit_base_MSS_MSS_CM3_0\wubsuit_base_MSS_MSS_CM3_0_hw_platform\Debug\libwubsuit_base_MSS_MSS_CM3_0_hw_platform.a(system_a2fxxxm3.o)
                0x20001f60                SystemCoreClockUpdate
 .text.HAL_assert_fail
                0x20002090       0x18 N:\EECS373\WubSuit\Libero\SoftConsole\wubsuit_base_MSS_MSS_CM3_0\wubsuit_base_MSS_MSS_CM3_0_hw_platform\Debug\libwubsuit_base_MSS_MSS_CM3_0_hw_platform.a(hal_assert.o)
                0x20002090                HAL_assert_fail
 .text          0x200020a8       0x90 N:\EECS373\WubSuit\Libero\SoftConsole\wubsuit_base_MSS_MSS_CM3_0\wubsuit_base_MSS_MSS_CM3_0_hw_platform\Debug\libwubsuit_base_MSS_MSS_CM3_0_hw_platform.a(hw_reg_access.o)
                0x200020a8                HW_set_32bit_reg
                0x200020ac                HW_get_32bit_reg
                0x200020b0                HW_set_32bit_reg_field
                0x200020cc                HW_get_32bit_reg_field
                0x200020d8                HW_set_16bit_reg
                0x200020dc                HW_get_16bit_reg
                0x200020e0                HW_set_16bit_reg_field
                0x200020fc                HW_get_16bit_reg_field
                0x20002108                HW_set_8bit_reg
                0x2000210c                HW_get_8bit_reg
                0x20002110                HW_set_8bit_reg_field
                0x2000212c                HW_get_8bit_reg_field
 .text          0x20002138       0x50 c:/actel/libero_v9.1/softconsole/sourcery-g++/bin/../lib/gcc/arm-none-eabi/4.4.1/../../../../arm-none-eabi/lib/thumb2\libc.a(lib_a-init.o)
                0x20002138                __libc_init_array
 .text          0x20002188       0x64 c:/actel/libero_v9.1/softconsole/sourcery-g++/bin/../lib/gcc/arm-none-eabi/4.4.1/../../../../arm-none-eabi/lib/thumb2\libc.a(lib_a-printf.o)
                0x20002188                printf
                0x200021c0                _printf_r
 .text          0x200021ec     0x1940 c:/actel/libero_v9.1/softconsole/sourcery-g++/bin/../lib/gcc/arm-none-eabi/4.4.1/../../../../arm-none-eabi/lib/thumb2\libc.a(lib_a-vfprintf.o)
                0x20002208                _vfprintf_r
                0x20003b10                vfprintf
 .text          0x20003b2c      0x104 c:/actel/libero_v9.1/softconsole/sourcery-g++/bin/../lib/gcc/arm-none-eabi/4.4.1/../../../../arm-none-eabi/lib/thumb2\libc.a(lib_a-wsetup.o)
                0x20003b2c                __swsetup_r
 .text          0x20003c30      0xfb8 c:/actel/libero_v9.1/softconsole/sourcery-g++/bin/../lib/gcc/arm-none-eabi/4.4.1/../../../../arm-none-eabi/lib/thumb2\libc.a(lib_a-dtoa.o)
                0x20003d50                _dtoa_r
 .text          0x20004be8      0x178 c:/actel/libero_v9.1/softconsole/sourcery-g++/bin/../lib/gcc/arm-none-eabi/4.4.1/../../../../arm-none-eabi/lib/thumb2\libc.a(lib_a-fflush.o)
                0x20004be8                _fflush_r
                0x20004d38                fflush
 .text          0x20004d60      0x1c8 c:/actel/libero_v9.1/softconsole/sourcery-g++/bin/../lib/gcc/arm-none-eabi/4.4.1/../../../../arm-none-eabi/lib/thumb2\libc.a(lib_a-findfp.o)
                0x20004d60                __sfp_lock_acquire
                0x20004d64                __sfp_lock_release
                0x20004d68                __sinit_lock_acquire
                0x20004d6c                __sinit_lock_release
                0x20004d78                __fp_unlock_all
                0x20004d90                __fp_lock_all
                0x20004da8                _cleanup_r
                0x20004db4                _cleanup
                0x20004e10                __sfmoreglue
                0x20004e40                __sfp
                0x20004ec8                __sinit
 .text          0x20004f28      0x268 c:/actel/libero_v9.1/softconsole/sourcery-g++/bin/../lib/gcc/arm-none-eabi/4.4.1/../../../../arm-none-eabi/lib/thumb2\libc.a(lib_a-freer.o)
                0x20004f28                _malloc_trim_r
                0x20004fd0                _free_r
 .text          0x20005190      0x334 c:/actel/libero_v9.1/softconsole/sourcery-g++/bin/../lib/gcc/arm-none-eabi/4.4.1/../../../../arm-none-eabi/lib/thumb2\libc.a(lib_a-fvwrite.o)
                0x20005190                __sfvwrite_r
 .text          0x200054c4       0xa0 c:/actel/libero_v9.1/softconsole/sourcery-g++/bin/../lib/gcc/arm-none-eabi/4.4.1/../../../../arm-none-eabi/lib/thumb2\libc.a(lib_a-fwalk.o)
                0x200054c4                _fwalk_reent
                0x20005518                _fwalk
 .text          0x20005564       0x74 c:/actel/libero_v9.1/softconsole/sourcery-g++/bin/../lib/gcc/arm-none-eabi/4.4.1/../../../../arm-none-eabi/lib/thumb2\libc.a(lib_a-locale.o)
                0x20005564                __locale_charset
                0x20005570                _localeconv_r
                0x20005578                localeconv
                0x20005580                _setlocale_r
                0x200055c8                setlocale
 .text          0x200055d8       0xdc c:/actel/libero_v9.1/softconsole/sourcery-g++/bin/../lib/gcc/arm-none-eabi/4.4.1/../../../../arm-none-eabi/lib/thumb2\libc.a(lib_a-makebuf.o)
                0x200055d8                __smakebuf_r
 .text          0x200056b4       0x20 c:/actel/libero_v9.1/softconsole/sourcery-g++/bin/../lib/gcc/arm-none-eabi/4.4.1/../../../../arm-none-eabi/lib/thumb2\libc.a(lib_a-malloc.o)
                0x200056b4                free
                0x200056c4                malloc
 .text          0x200056d4      0x5a4 c:/actel/libero_v9.1/softconsole/sourcery-g++/bin/../lib/gcc/arm-none-eabi/4.4.1/../../../../arm-none-eabi/lib/thumb2\libc.a(lib_a-mallocr.o)
                0x200056d4                _malloc_r
 .text          0x20005c78       0x74 c:/actel/libero_v9.1/softconsole/sourcery-g++/bin/../lib/gcc/arm-none-eabi/4.4.1/../../../../arm-none-eabi/lib/thumb2\libc.a(lib_a-memchr.o)
                0x20005c78                memchr
 .text          0x20005cec      0x190 c:/actel/libero_v9.1/softconsole/sourcery-g++/bin/../lib/gcc/arm-none-eabi/4.4.1/../../../../arm-none-eabi/lib/thumb2\libc.a(lib_a-memcpy.o)
                0x20005cec                memcpy
 .text          0x20005e7c       0xb8 c:/actel/libero_v9.1/softconsole/sourcery-g++/bin/../lib/gcc/arm-none-eabi/4.4.1/../../../../arm-none-eabi/lib/thumb2\libc.a(lib_a-memmove.o)
                0x20005e7c                memmove
 .text          0x20005f34       0xd4 c:/actel/libero_v9.1/softconsole/sourcery-g++/bin/../lib/gcc/arm-none-eabi/4.4.1/../../../../arm-none-eabi/lib/thumb2\libc.a(lib_a-memset.o)
                0x20005f34                memset
 .text          0x20006008        0x8 c:/actel/libero_v9.1/softconsole/sourcery-g++/bin/../lib/gcc/arm-none-eabi/4.4.1/../../../../arm-none-eabi/lib/thumb2\libc.a(lib_a-mlock.o)
                0x20006008                __malloc_lock
                0x2000600c                __malloc_unlock
 .text          0x20006010      0x958 c:/actel/libero_v9.1/softconsole/sourcery-g++/bin/../lib/gcc/arm-none-eabi/4.4.1/../../../../arm-none-eabi/lib/thumb2\libc.a(lib_a-mprec.o)
                0x20006010                __hi0bits
                0x20006050                __lo0bits
                0x200060b4                __mcmp
                0x200060f4                __ulp
                0x20006140                __b2d
                0x200061e8                __ratio
                0x20006248                _mprec_log10
                0x20006280                __copybits
                0x200062d0                __any_on
                0x20006328                _Bfree
                0x20006360                _Balloc
                0x200063cc                __d2b
                0x2000649c                __mdiff
                0x20006594                __lshift
                0x20006650                __multiply
                0x20006784                __i2b
                0x20006798                __multadd
                0x20006820                __pow5mult
                0x200068cc                __s2b
 .text          0x20006968      0x3b4 c:/actel/libero_v9.1/softconsole/sourcery-g++/bin/../lib/gcc/arm-none-eabi/4.4.1/../../../../arm-none-eabi/lib/thumb2\libc.a(lib_a-reallocr.o)
                0x20006968                _realloc_r
 .text          0x20006d1c       0x24 c:/actel/libero_v9.1/softconsole/sourcery-g++/bin/../lib/gcc/arm-none-eabi/4.4.1/../../../../arm-none-eabi/lib/thumb2\libc.a(lib_a-s_isinfd.o)
                0x20006d1c                __isinfd
 .text          0x20006d40       0x1c c:/actel/libero_v9.1/softconsole/sourcery-g++/bin/../lib/gcc/arm-none-eabi/4.4.1/../../../../arm-none-eabi/lib/thumb2\libc.a(lib_a-s_isnand.o)
                0x20006d40                __isnand
 .text          0x20006d5c       0x28 c:/actel/libero_v9.1/softconsole/sourcery-g++/bin/../lib/gcc/arm-none-eabi/4.4.1/../../../../arm-none-eabi/lib/thumb2\libc.a(lib_a-sbrkr.o)
                0x20006d5c                _sbrk_r
 .text          0x20006d84       0x90 c:/actel/libero_v9.1/softconsole/sourcery-g++/bin/../lib/gcc/arm-none-eabi/4.4.1/../../../../arm-none-eabi/lib/thumb2\libc.a(lib_a-stdio.o)
                0x20006d84                __sclose
                0x20006d8c                __sseek
                0x20006db4                __swrite
                0x20006df0                __sread
 .text          0x20006e14      0x1dc c:/actel/libero_v9.1/softconsole/sourcery-g++/bin/../lib/gcc/arm-none-eabi/4.4.1/../../../../arm-none-eabi/lib/thumb2\libc.a(lib_a-strcmp.o)
                0x20006e14                strcmp
 .text          0x20006ff0       0x60 c:/actel/libero_v9.1/softconsole/sourcery-g++/bin/../lib/gcc/arm-none-eabi/4.4.1/../../../../arm-none-eabi/lib/thumb2\libc.a(lib_a-strlen.o)
                0x20006ff0                strlen
 .text          0x20007050       0x5c c:/actel/libero_v9.1/softconsole/sourcery-g++/bin/../lib/gcc/arm-none-eabi/4.4.1/../../../../arm-none-eabi/lib/thumb2\libc.a(lib_a-callocr.o)
                0x20007050                _calloc_r
 .text          0x200070ac       0x28 c:/actel/libero_v9.1/softconsole/sourcery-g++/bin/../lib/gcc/arm-none-eabi/4.4.1/../../../../arm-none-eabi/lib/thumb2\libc.a(lib_a-closer.o)
                0x200070ac                _close_r
 .text          0x200070d4       0xcc c:/actel/libero_v9.1/softconsole/sourcery-g++/bin/../lib/gcc/arm-none-eabi/4.4.1/../../../../arm-none-eabi/lib/thumb2\libc.a(lib_a-fclose.o)
                0x200070d4                _fclose_r
                0x20007190                fclose
 .text          0x200071a0       0x2c c:/actel/libero_v9.1/softconsole/sourcery-g++/bin/../lib/gcc/arm-none-eabi/4.4.1/../../../../arm-none-eabi/lib/thumb2\libc.a(lib_a-fstatr.o)
                0x200071a0                _fstat_r
 .text          0x200071cc       0x28 c:/actel/libero_v9.1/softconsole/sourcery-g++/bin/../lib/gcc/arm-none-eabi/4.4.1/../../../../arm-none-eabi/lib/thumb2\libc.a(lib_a-isattyr.o)
                0x200071cc                _isatty_r
 .text          0x200071f4       0x2c c:/actel/libero_v9.1/softconsole/sourcery-g++/bin/../lib/gcc/arm-none-eabi/4.4.1/../../../../arm-none-eabi/lib/thumb2\libc.a(lib_a-lseekr.o)
                0x200071f4                _lseek_r
 .text          0x20007220       0x2c c:/actel/libero_v9.1/softconsole/sourcery-g++/bin/../lib/gcc/arm-none-eabi/4.4.1/../../../../arm-none-eabi/lib/thumb2\libc.a(lib_a-readr.o)
                0x20007220                _read_r
 *fill*         0x2000724c        0x4 00
 .text          0x20007250      0x278 c:/actel/libero_v9.1/softconsole/sourcery-g++/bin/../lib/gcc/arm-none-eabi/4.4.1/thumb2\libgcc.a(_udivsi3.o)
                0x20007250                __aeabi_uidiv
                0x20007250                __udivsi3
                0x200074ac                __aeabi_uidivmod
 .text          0x200074c8        0x4 c:/actel/libero_v9.1/softconsole/sourcery-g++/bin/../lib/gcc/arm-none-eabi/4.4.1/thumb2\libgcc.a(_dvmd_tls.o)
                0x200074c8                __aeabi_idiv0
                0x200074c8                __aeabi_ldiv0
 .text          0x200074cc      0x370 c:/actel/libero_v9.1/softconsole/sourcery-g++/bin/../lib/gcc/arm-none-eabi/4.4.1/thumb2\libgcc.a(_arm_addsubdf3.o)
                0x200074cc                __aeabi_drsub
                0x200074d4                __aeabi_dsub
                0x200074d4                __subdf3
                0x200074d8                __aeabi_dadd
                0x200074d8                __adddf3
                0x20007750                __floatunsidf
                0x20007750                __aeabi_ui2d
                0x20007770                __floatsidf
                0x20007770                __aeabi_i2d
                0x20007794                __aeabi_f2d
                0x20007794                __extendsfdf2
                0x200077d0                __floatundidf
                0x200077d0                __aeabi_ul2d
                0x200077e0                __floatdidf
                0x200077e0                __aeabi_l2d
 .text          0x2000783c      0x424 c:/actel/libero_v9.1/softconsole/sourcery-g++/bin/../lib/gcc/arm-none-eabi/4.4.1/thumb2\libgcc.a(_arm_muldivdf3.o)
                0x2000783c                __aeabi_dmul
                0x2000783c                __muldf3
                0x20007a90                __divdf3
                0x20007a90                __aeabi_ddiv
 .text          0x20007c60      0x110 c:/actel/libero_v9.1/softconsole/sourcery-g++/bin/../lib/gcc/arm-none-eabi/4.4.1/thumb2\libgcc.a(_arm_cmpdf2.o)
                0x20007c60                __gtdf2
                0x20007c60                __gedf2
                0x20007c68                __ltdf2
                0x20007c68                __ledf2
                0x20007c70                __nedf2
                0x20007c70                __eqdf2
                0x20007c70                __cmpdf2
                0x20007cec                __aeabi_cdrcmple
                0x20007cfc                __aeabi_cdcmpeq
                0x20007cfc                __aeabi_cdcmple
                0x20007d0c                __aeabi_dcmpeq
                0x20007d20                __aeabi_dcmplt
                0x20007d34                __aeabi_dcmple
                0x20007d48                __aeabi_dcmpge
                0x20007d5c                __aeabi_dcmpgt
 .text          0x20007d70       0x50 c:/actel/libero_v9.1/softconsole/sourcery-g++/bin/../lib/gcc/arm-none-eabi/4.4.1/thumb2\libgcc.a(_arm_fixdfsi.o)
                0x20007d70                __aeabi_d2iz
                0x20007d70                __fixdfsi
 .text          0x20007dc0       0x2c c:/actel/libero_v9.1/softconsole/sourcery-g++/bin/../lib/gcc/arm-none-eabi/4.4.1/thumb2\libgcc.a(_aeabi_uldivmod.o)
                0x20007dc0                __aeabi_uldivmod
 .text          0x20007dec       0x58 c:/actel/libero_v9.1/softconsole/sourcery-g++/bin/../lib/gcc/arm-none-eabi/4.4.1/thumb2\libgcc.a(bpabi.o)
                0x20007dec                __gnu_uldivmod_helper
                0x20007e18                __gnu_ldivmod_helper
 .text          0x20007e44      0x364 c:/actel/libero_v9.1/softconsole/sourcery-g++/bin/../lib/gcc/arm-none-eabi/4.4.1/thumb2\libgcc.a(_divdi3.o)
                0x20007e44                __divdi3
 .text          0x200081a8      0x300 c:/actel/libero_v9.1/softconsole/sourcery-g++/bin/../lib/gcc/arm-none-eabi/4.4.1/thumb2\libgcc.a(_udivdi3.o)
                0x200081a8                __udivdi3
 *(.plt)
 *(.gnu.warning)
 *(.glue_7t)
 .glue_7t       0x00000000        0x0 linker stubs
 *(.glue_7)
 .glue_7        0x00000000        0x0 linker stubs
 *(.vfp11_veneer)
 .vfp11_veneer  0x00000000        0x0 linker stubs
                0x200084a8                . = ALIGN (0x4)
 *crtbegin.o(.ctors)
 *(EXCLUDE_FILE(*crtend.o) .ctors)
 *(SORT(.ctors.*))
 *crtend.o(.ctors)
 *crtbegin.o(.dtors)
 *(EXCLUDE_FILE(*crtend.o) .dtors)
 *(SORT(.dtors.*))
 *crtend.o(.dtors)
 *(.rodata .rodata.* .gnu.linkonce.r.*)
 .rodata        0x200084a8       0x50 ./lcd.o
 .rodata        0x200084f8      0x288 ./menu.o
 .rodata        0x20008780       0xb0 ./suit.o
 .rodata.str1.4
                0x20008830       0x1a N:/EECS373/WubSuit/Libero/SoftConsole/wubsuit_base_MSS_MSS_CM3_0/wubsuit_base_MSS_MSS_CM3_0_hw_platform/Debug/CMSIS/startup_gcc/newlib_stubs.o
                                 0x1c (size before relaxing)
 *fill*         0x2000884a        0x2 00
 .rodata.g_gpio_irqn_lut
                0x2000884c       0x40 N:\EECS373\WubSuit\Libero\SoftConsole\wubsuit_base_MSS_MSS_CM3_0\wubsuit_base_MSS_MSS_CM3_0_hw_platform\Debug\libwubsuit_base_MSS_MSS_CM3_0_hw_platform.a(mss_gpio.o)
 .rodata.g_config_reg_lut
                0x2000888c       0x80 N:\EECS373\WubSuit\Libero\SoftConsole\wubsuit_base_MSS_MSS_CM3_0\wubsuit_base_MSS_MSS_CM3_0_hw_platform\Debug\libwubsuit_base_MSS_MSS_CM3_0_hw_platform.a(mss_gpio.o)
 .rodata.str1.4
                0x2000890c       0x27 N:\EECS373\WubSuit\Libero\SoftConsole\wubsuit_base_MSS_MSS_CM3_0\wubsuit_base_MSS_MSS_CM3_0_hw_platform\Debug\libwubsuit_base_MSS_MSS_CM3_0_hw_platform.a(core_uart_apb.o)
                                 0x28 (size before relaxing)
 *fill*         0x20008933        0x1 00
 .rodata.C.16.2565
                0x20008934       0x10 N:\EECS373\WubSuit\Libero\SoftConsole\wubsuit_base_MSS_MSS_CM3_0\wubsuit_base_MSS_MSS_CM3_0_hw_platform\Debug\libwubsuit_base_MSS_MSS_CM3_0_hw_platform.a(system_a2fxxxm3.o)
 .rodata        0x20008944        0x4 c:/actel/libero_v9.1/softconsole/sourcery-g++/bin/../lib/gcc/arm-none-eabi/4.4.1/../../../../arm-none-eabi/lib/thumb2\libc.a(lib_a-impure.o)
                0x20008944                _global_impure_ptr
 .rodata.str1.4
                0x20008948        0x2 c:/actel/libero_v9.1/softconsole/sourcery-g++/bin/../lib/gcc/arm-none-eabi/4.4.1/../../../../arm-none-eabi/lib/thumb2\libc.a(lib_a-impure.o)
                                  0x4 (size before relaxing)
 *fill*         0x2000894a        0x2 00
 .rodata        0x2000894c       0x20 c:/actel/libero_v9.1/softconsole/sourcery-g++/bin/../lib/gcc/arm-none-eabi/4.4.1/../../../../arm-none-eabi/lib/thumb2\libc.a(lib_a-vfprintf.o)
 .rodata.str1.4
                0x2000896c       0x42 c:/actel/libero_v9.1/softconsole/sourcery-g++/bin/../lib/gcc/arm-none-eabi/4.4.1/../../../../arm-none-eabi/lib/thumb2\libc.a(lib_a-vfprintf.o)
                                 0x44 (size before relaxing)
 *fill*         0x200089ae        0x2 00
 .rodata.str1.4
                0x200089b0       0x10 c:/actel/libero_v9.1/softconsole/sourcery-g++/bin/../lib/gcc/arm-none-eabi/4.4.1/../../../../arm-none-eabi/lib/thumb2\libc.a(lib_a-dtoa.o)
                                 0x14 (size before relaxing)
 .rodata        0x200089c0       0x60 c:/actel/libero_v9.1/softconsole/sourcery-g++/bin/../lib/gcc/arm-none-eabi/4.4.1/../../../../arm-none-eabi/lib/thumb2\libc.a(lib_a-findfp.o)
                0x200089c0                __sf_fake_stdin
                0x200089e0                __sf_fake_stdout
                0x20008a00                __sf_fake_stderr
 .rodata        0x20008a20       0x34 c:/actel/libero_v9.1/softconsole/sourcery-g++/bin/../lib/gcc/arm-none-eabi/4.4.1/../../../../arm-none-eabi/lib/thumb2\libc.a(lib_a-locale.o)
 .rodata.str1.4
                0x20008a54       0x10 c:/actel/libero_v9.1/softconsole/sourcery-g++/bin/../lib/gcc/arm-none-eabi/4.4.1/../../../../arm-none-eabi/lib/thumb2\libc.a(lib_a-locale.o)
                                 0x18 (size before relaxing)
 *fill*         0x20008a64        0x4 00
 .rodata        0x20008a68      0x128 c:/actel/libero_v9.1/softconsole/sourcery-g++/bin/../lib/gcc/arm-none-eabi/4.4.1/../../../../arm-none-eabi/lib/thumb2\libc.a(lib_a-mprec.o)
                0x20008a68                __mprec_tens
                0x20008b40                __mprec_bigtens
                0x20008b68                __mprec_tinytens
 *(.ARM.extab* .gnu.linkonce.armextab.*)
 *(.gcc_except_table)
 *(.eh_frame_hdr)
 *(.eh_frame)
 *(.init)
 .init          0x20008b90        0x4 c:/actel/libero_v9.1/softconsole/sourcery-g++/bin/../lib/gcc/arm-none-eabi/4.4.1/thumb2/crti.o
                0x20008b90                _init
 .init          0x20008b94        0x8 c:/actel/libero_v9.1/softconsole/sourcery-g++/bin/../lib/gcc/arm-none-eabi/4.4.1/thumb2/crtn.o
 *(.fini)
 .fini          0x20008b9c        0x4 c:/actel/libero_v9.1/softconsole/sourcery-g++/bin/../lib/gcc/arm-none-eabi/4.4.1/thumb2/crti.o
                0x20008b9c                _fini
 .fini          0x20008ba0        0x8 c:/actel/libero_v9.1/softconsole/sourcery-g++/bin/../lib/gcc/arm-none-eabi/4.4.1/thumb2/crtn.o
                0x20008ba8                PROVIDE (__preinit_array_start, .)
 *(.preinit_array)
                0x20008ba8                PROVIDE (__preinit_array_end, .)
                0x20008ba8                PROVIDE (__init_array_start, .)
 *(SORT(.init_array.*))
 *(.init_array)
 .init_array    0x20008ba8        0x4 c:/actel/libero_v9.1/softconsole/sourcery-g++/bin/../lib/gcc/arm-none-eabi/4.4.1/thumb2/crtbegin.o
                0x20008bac                PROVIDE (__init_array_end, .)
                0x20008bac                PROVIDE (__fini_array_start, .)
 *(.fini_array)
 .fini_array    0x20008bac        0x4 c:/actel/libero_v9.1/softconsole/sourcery-g++/bin/../lib/gcc/arm-none-eabi/4.4.1/thumb2/crtbegin.o
 *(SORT(.fini_array.*))
                0x20008bb0                PROVIDE (__fini_array_end, .)
                0x20008bb0                __exidx_start = .

.v4_bx          0x20008bb0        0x0
 .v4_bx         0x00000000        0x0 linker stubs

.ARM.exidx      0x20008bb0        0x8
 *(.ARM.exidx* .gnu.linkonce.armexidx.*)
 .ARM.exidx     0x20008bb0        0x8 c:/actel/libero_v9.1/softconsole/sourcery-g++/bin/../lib/gcc/arm-none-eabi/4.4.1/thumb2\libgcc.a(_divdi3.o)
 .ARM.exidx     0x20008bb8        0x0 c:/actel/libero_v9.1/softconsole/sourcery-g++/bin/../lib/gcc/arm-none-eabi/4.4.1/thumb2\libgcc.a(_udivdi3.o)
                                  0x8 (size before relaxing)
                0x20008bb8                __exidx_end = .
                0x20008bb8                _etext = .
                0x20008bb8                PROVIDE (__text_end, .)

.data           0x20008bb8      0x72c
                0x20008bb8                __data_load = LOADADDR (.data)
                0x20008bb8                _sidata = LOADADDR (.data)
                0x20008bb8                __data_start = .
                0x20008bb8                _sdata = .
 *(.jcr)
 .jcr           0x20008bb8        0x0 c:/actel/libero_v9.1/softconsole/sourcery-g++/bin/../lib/gcc/arm-none-eabi/4.4.1/thumb2/crtbegin.o
 .jcr           0x20008bb8        0x4 c:/actel/libero_v9.1/softconsole/sourcery-g++/bin/../lib/gcc/arm-none-eabi/4.4.1/thumb2/crtend.o
 *(.got.plt)
 *(.got)
 *(.shdata)
 *(.data .data.* .gnu.linkonce.d.*)
 .data.NoteNames
                0x20008bbc      0x200 ./menu.o
                0x20008bbc                NoteNames
 .data.KeySignatureNames
                0x20008dbc        0xc ./menu.o
                0x20008dbc                KeySignatureNames
 .data.g_FrequencyACE
                0x20008dc8        0x4 N:\EECS373\WubSuit\Libero\SoftConsole\wubsuit_base_MSS_MSS_CM3_0\wubsuit_base_MSS_MSS_CM3_0_hw_platform\Debug\libwubsuit_base_MSS_MSS_CM3_0_hw_platform.a(system_a2fxxxm3.o)
                0x20008dc8                g_FrequencyACE
 .data.g_FrequencyFPGA
                0x20008dcc        0x4 N:\EECS373\WubSuit\Libero\SoftConsole\wubsuit_base_MSS_MSS_CM3_0\wubsuit_base_MSS_MSS_CM3_0_hw_platform\Debug\libwubsuit_base_MSS_MSS_CM3_0_hw_platform.a(system_a2fxxxm3.o)
                0x20008dcc                g_FrequencyFPGA
 .data.g_FrequencyPCLK0
                0x20008dd0        0x4 N:\EECS373\WubSuit\Libero\SoftConsole\wubsuit_base_MSS_MSS_CM3_0\wubsuit_base_MSS_MSS_CM3_0_hw_platform\Debug\libwubsuit_base_MSS_MSS_CM3_0_hw_platform.a(system_a2fxxxm3.o)
                0x20008dd0                g_FrequencyPCLK0
 .data.g_FrequencyPCLK1
                0x20008dd4        0x4 N:\EECS373\WubSuit\Libero\SoftConsole\wubsuit_base_MSS_MSS_CM3_0\wubsuit_base_MSS_MSS_CM3_0_hw_platform\Debug\libwubsuit_base_MSS_MSS_CM3_0_hw_platform.a(system_a2fxxxm3.o)
                0x20008dd4                g_FrequencyPCLK1
 .data.SystemCoreClock
                0x20008dd8        0x4 N:\EECS373\WubSuit\Libero\SoftConsole\wubsuit_base_MSS_MSS_CM3_0\wubsuit_base_MSS_MSS_CM3_0_hw_platform\Debug\libwubsuit_base_MSS_MSS_CM3_0_hw_platform.a(system_a2fxxxm3.o)
                0x20008dd8                SystemCoreClock
 .data.SystemFrequency
                0x20008ddc        0x4 N:\EECS373\WubSuit\Libero\SoftConsole\wubsuit_base_MSS_MSS_CM3_0\wubsuit_base_MSS_MSS_CM3_0_hw_platform\Debug\libwubsuit_base_MSS_MSS_CM3_0_hw_platform.a(system_a2fxxxm3.o)
                0x20008ddc                SystemFrequency
 .data          0x20008de0       0xf4 c:/actel/libero_v9.1/softconsole/sourcery-g++/bin/../lib/gcc/arm-none-eabi/4.4.1/../../../../arm-none-eabi/lib/thumb2\libc.a(lib_a-impure.o)
                0x20008de0                _impure_ptr
 .data          0x20008ed4      0x410 c:/actel/libero_v9.1/softconsole/sourcery-g++/bin/../lib/gcc/arm-none-eabi/4.4.1/../../../../arm-none-eabi/lib/thumb2\libc.a(lib_a-mallocr.o)
                0x20008ed4                __malloc_av_
                0x200092dc                __malloc_sbrk_base
                0x200092e0                __malloc_trim_threshold
                0x200092e4                . = ALIGN (0x4)
                0x200092e4                _edata = .

.bss            0x200092e4     0x16cc
                0x200092e4                __bss_start__ = .
                0x200092e4                _sbss = .
 *(.shbss)
 *(.bss .bss.* .gnu.linkonce.b.*)
 .bss           0x200092e4        0x1 c:/actel/libero_v9.1/softconsole/sourcery-g++/bin/../lib/gcc/arm-none-eabi/4.4.1/thumb2/crtbegin.o
 .bss.LCD_selectorPosition
                0x200092e5        0x1 ./lcd.o
                0x200092e5                LCD_selectorPosition
 *fill*         0x200092e6        0x2 00
 .bss.g_stdio_uart_init_done
                0x200092e8        0x4 N:/EECS373/WubSuit/Libero/SoftConsole/wubsuit_base_MSS_MSS_CM3_0/wubsuit_base_MSS_MSS_CM3_0_hw_platform/Debug/CMSIS/startup_gcc/newlib_stubs.o
 .bss.heap_end.3583
                0x200092ec        0x4 N:/EECS373/WubSuit/Libero/SoftConsole/wubsuit_base_MSS_MSS_CM3_0/wubsuit_base_MSS_MSS_CM3_0_hw_platform/Debug/CMSIS/startup_gcc/newlib_stubs.o
 .bss           0x200092f0       0x34 c:/actel/libero_v9.1/softconsole/sourcery-g++/bin/../lib/gcc/arm-none-eabi/4.4.1/../../../../arm-none-eabi/lib/thumb2\libc.a(lib_a-mallocr.o)
                0x200092f0                __malloc_top_pad
                0x200092f4                __malloc_current_mallinfo
                0x2000931c                __malloc_max_sbrked_mem
                0x20009320                __malloc_max_total_mem
 *(COMMON)
 COMMON         0x20009324     0x15e8 ./menu.o
                0x20009324                selectedMenu
                0x20009328                menus
                0x2000a908                currentMenu
 COMMON         0x2000a90c        0x4 ./midi.o
                0x2000a90c                uartInstance
 COMMON         0x2000a910       0x4c ./suit.o
                0x2000a910                midiState
                0x2000a918                settings
                0x2000a934                XBee_uart
                0x2000a93c                suitState
                0x2000a948                xbeeState
                0x2000a954                MIDI_uart
 COMMON         0x2000a95c       0x50 N:\EECS373\WubSuit\Libero\SoftConsole\wubsuit_base_MSS_MSS_CM3_0\wubsuit_base_MSS_MSS_CM3_0_hw_platform\Debug\libwubsuit_base_MSS_MSS_CM3_0_hw_platform.a(mss_uart.o)
                0x2000a95c                g_mss_uart1
                0x2000a984                g_mss_uart0
 COMMON         0x2000a9ac        0x4 c:/actel/libero_v9.1/softconsole/sourcery-g++/bin/../lib/gcc/arm-none-eabi/4.4.1/../../../../arm-none-eabi/lib/thumb2\libc.a(lib_a-reent.o)
                0x2000a9ac                errno
                0x2000a9b0                . = ALIGN (0x8)
                0x2000a9b0                __bss_end__ = .
                0x2000a9b0                _end = .
                0x2000a9b0                __end = _end
                0x2000a9b0                _ebss = .
                0x2000a9b0                PROVIDE (end, .)

.stack          0x2000a9b0     0x3000
                0x2000a9b0                . = ALIGN (0x4)
                0x2000b9b0                . = (. + PROCESS_STACK_SIZE)
 *fill*         0x2000a9b0     0x1000 00
                0x2000b9b0                . = ALIGN (0x4)
                0x2000d9b0                . = (. + MAIN_STACK_SIZE)
 *fill*         0x2000b9b0     0x2000 00
                0x2000d9b0                . = ALIGN (0x4)

.stab
 *(.stab)

.stabstr
 *(.stabstr)

.debug
 *(.debug)

.line
 *(.line)

.debug_srcinfo
 *(.debug_srcinfo)

.debug_sfnames
 *(.debug_sfnames)

.comment        0x00000000      0x1d9
 .comment       0x00000000       0x2b ./lcd.o
 .comment       0x0000002b       0x2b ./main.o
 .comment       0x00000056       0x2b ./menu.o
 .comment       0x00000081       0x2b ./midi.o
 .comment       0x000000ac       0x2b ./suit.o
 .comment       0x000000d7       0x2b N:/EECS373/WubSuit/Libero/SoftConsole/wubsuit_base_MSS_MSS_CM3_0/wubsuit_base_MSS_MSS_CM3_0_hw_platform/Debug/CMSIS/startup_gcc/newlib_stubs.o
 .comment       0x00000102       0x2b N:\EECS373\WubSuit\Libero\SoftConsole\wubsuit_base_MSS_MSS_CM3_0\wubsuit_base_MSS_MSS_CM3_0_hw_platform\Debug\libwubsuit_base_MSS_MSS_CM3_0_hw_platform.a(mss_uart.o)
 .comment       0x0000012d       0x2b N:\EECS373\WubSuit\Libero\SoftConsole\wubsuit_base_MSS_MSS_CM3_0\wubsuit_base_MSS_MSS_CM3_0_hw_platform\Debug\libwubsuit_base_MSS_MSS_CM3_0_hw_platform.a(mss_gpio.o)
 .comment       0x00000158       0x2b N:\EECS373\WubSuit\Libero\SoftConsole\wubsuit_base_MSS_MSS_CM3_0\wubsuit_base_MSS_MSS_CM3_0_hw_platform\Debug\libwubsuit_base_MSS_MSS_CM3_0_hw_platform.a(core_uart_apb.o)
 .comment       0x00000183       0x2b N:\EECS373\WubSuit\Libero\SoftConsole\wubsuit_base_MSS_MSS_CM3_0\wubsuit_base_MSS_MSS_CM3_0_hw_platform\Debug\libwubsuit_base_MSS_MSS_CM3_0_hw_platform.a(system_a2fxxxm3.o)
 .comment       0x000001ae       0x2b N:\EECS373\WubSuit\Libero\SoftConsole\wubsuit_base_MSS_MSS_CM3_0\wubsuit_base_MSS_MSS_CM3_0_hw_platform\Debug\libwubsuit_base_MSS_MSS_CM3_0_hw_platform.a(hal_assert.o)

.debug_aranges  0x00000000      0x3e8
 *(.debug_aranges)
 .debug_aranges
                0x00000000       0x30 ./lcd.o
 .debug_aranges
                0x00000030       0x20 ./main.o
 .debug_aranges
                0x00000050       0x50 ./menu.o
 .debug_aranges
                0x000000a0       0x50 ./midi.o
 .debug_aranges
                0x000000f0       0xb0 ./suit.o
 .debug_aranges
                0x000001a0       0xa8 N:/EECS373/WubSuit/Libero/SoftConsole/wubsuit_base_MSS_MSS_CM3_0/wubsuit_base_MSS_MSS_CM3_0_hw_platform/Debug/CMSIS/startup_gcc/newlib_stubs.o
 .debug_aranges
                0x00000248       0xc0 N:\EECS373\WubSuit\Libero\SoftConsole\wubsuit_base_MSS_MSS_CM3_0\wubsuit_base_MSS_MSS_CM3_0_hw_platform\Debug\libwubsuit_base_MSS_MSS_CM3_0_hw_platform.a(mss_uart.o)
 .debug_aranges
                0x00000308       0x50 N:\EECS373\WubSuit\Libero\SoftConsole\wubsuit_base_MSS_MSS_CM3_0\wubsuit_base_MSS_MSS_CM3_0_hw_platform\Debug\libwubsuit_base_MSS_MSS_CM3_0_hw_platform.a(mss_gpio.o)
 .debug_aranges
                0x00000358       0x48 N:\EECS373\WubSuit\Libero\SoftConsole\wubsuit_base_MSS_MSS_CM3_0\wubsuit_base_MSS_MSS_CM3_0_hw_platform\Debug\libwubsuit_base_MSS_MSS_CM3_0_hw_platform.a(core_uart_apb.o)
 .debug_aranges
                0x000003a0       0x28 N:\EECS373\WubSuit\Libero\SoftConsole\wubsuit_base_MSS_MSS_CM3_0\wubsuit_base_MSS_MSS_CM3_0_hw_platform\Debug\libwubsuit_base_MSS_MSS_CM3_0_hw_platform.a(system_a2fxxxm3.o)
 .debug_aranges
                0x000003c8       0x20 N:\EECS373\WubSuit\Libero\SoftConsole\wubsuit_base_MSS_MSS_CM3_0\wubsuit_base_MSS_MSS_CM3_0_hw_platform\Debug\libwubsuit_base_MSS_MSS_CM3_0_hw_platform.a(hal_assert.o)

.debug_pubnames
                0x00000000      0x927
 *(.debug_pubnames)
 .debug_pubnames
                0x00000000       0x6e ./lcd.o
 .debug_pubnames
                0x0000006e       0x1b ./main.o
 .debug_pubnames
                0x00000089      0x102 ./menu.o
 .debug_pubnames
                0x0000018b       0xaf ./midi.o
 .debug_pubnames
                0x0000023a      0x1d6 ./suit.o
 .debug_pubnames
                0x00000410       0xeb N:/EECS373/WubSuit/Libero/SoftConsole/wubsuit_base_MSS_MSS_CM3_0/wubsuit_base_MSS_MSS_CM3_0_hw_platform/Debug/CMSIS/startup_gcc/newlib_stubs.o
 .debug_pubnames
                0x000004fb      0x21c N:\EECS373\WubSuit\Libero\SoftConsole\wubsuit_base_MSS_MSS_CM3_0\wubsuit_base_MSS_MSS_CM3_0_hw_platform\Debug\libwubsuit_base_MSS_MSS_CM3_0_hw_platform.a(mss_uart.o)
 .debug_pubnames
                0x00000717       0xb1 N:\EECS373\WubSuit\Libero\SoftConsole\wubsuit_base_MSS_MSS_CM3_0\wubsuit_base_MSS_MSS_CM3_0_hw_platform\Debug\libwubsuit_base_MSS_MSS_CM3_0_hw_platform.a(mss_gpio.o)
 .debug_pubnames
                0x000007c8       0x85 N:\EECS373\WubSuit\Libero\SoftConsole\wubsuit_base_MSS_MSS_CM3_0\wubsuit_base_MSS_MSS_CM3_0_hw_platform\Debug\libwubsuit_base_MSS_MSS_CM3_0_hw_platform.a(core_uart_apb.o)
 .debug_pubnames
                0x0000084d       0xb4 N:\EECS373\WubSuit\Libero\SoftConsole\wubsuit_base_MSS_MSS_CM3_0\wubsuit_base_MSS_MSS_CM3_0_hw_platform\Debug\libwubsuit_base_MSS_MSS_CM3_0_hw_platform.a(system_a2fxxxm3.o)
 .debug_pubnames
                0x00000901       0x26 N:\EECS373\WubSuit\Libero\SoftConsole\wubsuit_base_MSS_MSS_CM3_0\wubsuit_base_MSS_MSS_CM3_0_hw_platform\Debug\libwubsuit_base_MSS_MSS_CM3_0_hw_platform.a(hal_assert.o)

.debug_info     0x00000000     0x6480
 *(.debug_info .gnu.linkonce.wi.*)
 .debug_info    0x00000000      0x11d ./lcd.o
 .debug_info    0x0000011d       0x96 ./main.o
 .debug_info    0x000001b3      0x7da ./menu.o
 .debug_info    0x0000098d      0x2ed ./midi.o
 .debug_info    0x00000c7a     0x12db ./suit.o
 .debug_info    0x00001f55     0x10eb N:/EECS373/WubSuit/Libero/SoftConsole/wubsuit_base_MSS_MSS_CM3_0/wubsuit_base_MSS_MSS_CM3_0_hw_platform/Debug/CMSIS/startup_gcc/newlib_stubs.o
 .debug_info    0x00003040     0x1740 N:\EECS373\WubSuit\Libero\SoftConsole\wubsuit_base_MSS_MSS_CM3_0\wubsuit_base_MSS_MSS_CM3_0_hw_platform\Debug\libwubsuit_base_MSS_MSS_CM3_0_hw_platform.a(mss_uart.o)
 .debug_info    0x00004780     0x1124 N:\EECS373\WubSuit\Libero\SoftConsole\wubsuit_base_MSS_MSS_CM3_0\wubsuit_base_MSS_MSS_CM3_0_hw_platform\Debug\libwubsuit_base_MSS_MSS_CM3_0_hw_platform.a(mss_gpio.o)
 .debug_info    0x000058a4      0x53c N:\EECS373\WubSuit\Libero\SoftConsole\wubsuit_base_MSS_MSS_CM3_0\wubsuit_base_MSS_MSS_CM3_0_hw_platform\Debug\libwubsuit_base_MSS_MSS_CM3_0_hw_platform.a(core_uart_apb.o)
 .debug_info    0x00005de0      0x575 N:\EECS373\WubSuit\Libero\SoftConsole\wubsuit_base_MSS_MSS_CM3_0\wubsuit_base_MSS_MSS_CM3_0_hw_platform\Debug\libwubsuit_base_MSS_MSS_CM3_0_hw_platform.a(system_a2fxxxm3.o)
 .debug_info    0x00006355      0x12b N:\EECS373\WubSuit\Libero\SoftConsole\wubsuit_base_MSS_MSS_CM3_0\wubsuit_base_MSS_MSS_CM3_0_hw_platform\Debug\libwubsuit_base_MSS_MSS_CM3_0_hw_platform.a(hal_assert.o)

.debug_abbrev   0x00000000      0xfc7
 *(.debug_abbrev)
 .debug_abbrev  0x00000000       0xa6 ./lcd.o
 .debug_abbrev  0x000000a6       0x4c ./main.o
 .debug_abbrev  0x000000f2      0x130 ./menu.o
 .debug_abbrev  0x00000222       0xc1 ./midi.o
 .debug_abbrev  0x000002e3      0x24f ./suit.o
 .debug_abbrev  0x00000532      0x251 N:/EECS373/WubSuit/Libero/SoftConsole/wubsuit_base_MSS_MSS_CM3_0/wubsuit_base_MSS_MSS_CM3_0_hw_platform/Debug/CMSIS/startup_gcc/newlib_stubs.o
 .debug_abbrev  0x00000783      0x306 N:\EECS373\WubSuit\Libero\SoftConsole\wubsuit_base_MSS_MSS_CM3_0\wubsuit_base_MSS_MSS_CM3_0_hw_platform\Debug\libwubsuit_base_MSS_MSS_CM3_0_hw_platform.a(mss_uart.o)
 .debug_abbrev  0x00000a89      0x1f1 N:\EECS373\WubSuit\Libero\SoftConsole\wubsuit_base_MSS_MSS_CM3_0\wubsuit_base_MSS_MSS_CM3_0_hw_platform\Debug\libwubsuit_base_MSS_MSS_CM3_0_hw_platform.a(mss_gpio.o)
 .debug_abbrev  0x00000c7a      0x14d N:\EECS373\WubSuit\Libero\SoftConsole\wubsuit_base_MSS_MSS_CM3_0\wubsuit_base_MSS_MSS_CM3_0_hw_platform\Debug\libwubsuit_base_MSS_MSS_CM3_0_hw_platform.a(core_uart_apb.o)
 .debug_abbrev  0x00000dc7      0x154 N:\EECS373\WubSuit\Libero\SoftConsole\wubsuit_base_MSS_MSS_CM3_0\wubsuit_base_MSS_MSS_CM3_0_hw_platform\Debug\libwubsuit_base_MSS_MSS_CM3_0_hw_platform.a(system_a2fxxxm3.o)
 .debug_abbrev  0x00000f1b       0xac N:\EECS373\WubSuit\Libero\SoftConsole\wubsuit_base_MSS_MSS_CM3_0\wubsuit_base_MSS_MSS_CM3_0_hw_platform\Debug\libwubsuit_base_MSS_MSS_CM3_0_hw_platform.a(hal_assert.o)

.debug_line     0x00000000     0x291a
 *(.debug_line)
 .debug_line    0x00000000      0x2f5 ./lcd.o
 .debug_line    0x000002f5      0x2f2 ./main.o
 .debug_line    0x000005e7      0x3ad ./menu.o
 .debug_line    0x00000994      0x253 ./midi.o
 .debug_line    0x00000be7      0x816 ./suit.o
 .debug_line    0x000013fd      0x503 N:/EECS373/WubSuit/Libero/SoftConsole/wubsuit_base_MSS_MSS_CM3_0/wubsuit_base_MSS_MSS_CM3_0_hw_platform/Debug/CMSIS/startup_gcc/newlib_stubs.o
 .debug_line    0x00001900      0x5d5 N:\EECS373\WubSuit\Libero\SoftConsole\wubsuit_base_MSS_MSS_CM3_0\wubsuit_base_MSS_MSS_CM3_0_hw_platform\Debug\libwubsuit_base_MSS_MSS_CM3_0_hw_platform.a(mss_uart.o)
 .debug_line    0x00001ed5      0x315 N:\EECS373\WubSuit\Libero\SoftConsole\wubsuit_base_MSS_MSS_CM3_0\wubsuit_base_MSS_MSS_CM3_0_hw_platform\Debug\libwubsuit_base_MSS_MSS_CM3_0_hw_platform.a(mss_gpio.o)
 .debug_line    0x000021ea      0x2cf N:\EECS373\WubSuit\Libero\SoftConsole\wubsuit_base_MSS_MSS_CM3_0\wubsuit_base_MSS_MSS_CM3_0_hw_platform\Debug\libwubsuit_base_MSS_MSS_CM3_0_hw_platform.a(core_uart_apb.o)
 .debug_line    0x000024b9      0x26d N:\EECS373\WubSuit\Libero\SoftConsole\wubsuit_base_MSS_MSS_CM3_0\wubsuit_base_MSS_MSS_CM3_0_hw_platform\Debug\libwubsuit_base_MSS_MSS_CM3_0_hw_platform.a(system_a2fxxxm3.o)
 .debug_line    0x00002726      0x1f4 N:\EECS373\WubSuit\Libero\SoftConsole\wubsuit_base_MSS_MSS_CM3_0\wubsuit_base_MSS_MSS_CM3_0_hw_platform\Debug\libwubsuit_base_MSS_MSS_CM3_0_hw_platform.a(hal_assert.o)

.debug_frame    0x00000000     0x15ec
 *(.debug_frame)
 .debug_frame   0x00000000       0x6c ./lcd.o
 .debug_frame   0x0000006c       0x2c ./main.o
 .debug_frame   0x00000098       0xe4 ./menu.o
 .debug_frame   0x0000017c       0xec ./midi.o
 .debug_frame   0x00000268      0x254 ./suit.o
 .debug_frame   0x000004bc      0x174 N:/EECS373/WubSuit/Libero/SoftConsole/wubsuit_base_MSS_MSS_CM3_0/wubsuit_base_MSS_MSS_CM3_0_hw_platform/Debug/CMSIS/startup_gcc/newlib_stubs.o
 .debug_frame   0x00000630      0x1f0 N:\EECS373\WubSuit\Libero\SoftConsole\wubsuit_base_MSS_MSS_CM3_0\wubsuit_base_MSS_MSS_CM3_0_hw_platform\Debug\libwubsuit_base_MSS_MSS_CM3_0_hw_platform.a(mss_uart.o)
 .debug_frame   0x00000820       0x88 N:\EECS373\WubSuit\Libero\SoftConsole\wubsuit_base_MSS_MSS_CM3_0\wubsuit_base_MSS_MSS_CM3_0_hw_platform\Debug\libwubsuit_base_MSS_MSS_CM3_0_hw_platform.a(mss_gpio.o)
 .debug_frame   0x000008a8       0xdc N:\EECS373\WubSuit\Libero\SoftConsole\wubsuit_base_MSS_MSS_CM3_0\wubsuit_base_MSS_MSS_CM3_0_hw_platform\Debug\libwubsuit_base_MSS_MSS_CM3_0_hw_platform.a(core_uart_apb.o)
 .debug_frame   0x00000984       0x3c N:\EECS373\WubSuit\Libero\SoftConsole\wubsuit_base_MSS_MSS_CM3_0\wubsuit_base_MSS_MSS_CM3_0_hw_platform\Debug\libwubsuit_base_MSS_MSS_CM3_0_hw_platform.a(system_a2fxxxm3.o)
 .debug_frame   0x000009c0       0x24 N:\EECS373\WubSuit\Libero\SoftConsole\wubsuit_base_MSS_MSS_CM3_0\wubsuit_base_MSS_MSS_CM3_0_hw_platform\Debug\libwubsuit_base_MSS_MSS_CM3_0_hw_platform.a(hal_assert.o)
 .debug_frame   0x000009e4       0x20 c:/actel/libero_v9.1/softconsole/sourcery-g++/bin/../lib/gcc/arm-none-eabi/4.4.1/../../../../arm-none-eabi/lib/thumb2\libc.a(lib_a-errno.o)
 .debug_frame   0x00000a04       0x2c c:/actel/libero_v9.1/softconsole/sourcery-g++/bin/../lib/gcc/arm-none-eabi/4.4.1/../../../../arm-none-eabi/lib/thumb2\libc.a(lib_a-init.o)
 .debug_frame   0x00000a30       0x5c c:/actel/libero_v9.1/softconsole/sourcery-g++/bin/../lib/gcc/arm-none-eabi/4.4.1/../../../../arm-none-eabi/lib/thumb2\libc.a(lib_a-printf.o)
 .debug_frame   0x00000a8c       0x70 c:/actel/libero_v9.1/softconsole/sourcery-g++/bin/../lib/gcc/arm-none-eabi/4.4.1/../../../../arm-none-eabi/lib/thumb2\libc.a(lib_a-vfprintf.o)
 .debug_frame   0x00000afc       0x2c c:/actel/libero_v9.1/softconsole/sourcery-g++/bin/../lib/gcc/arm-none-eabi/4.4.1/../../../../arm-none-eabi/lib/thumb2\libc.a(lib_a-wsetup.o)
 .debug_frame   0x00000b28       0x64 c:/actel/libero_v9.1/softconsole/sourcery-g++/bin/../lib/gcc/arm-none-eabi/4.4.1/../../../../arm-none-eabi/lib/thumb2\libc.a(lib_a-dtoa.o)
 .debug_frame   0x00000b8c       0x40 c:/actel/libero_v9.1/softconsole/sourcery-g++/bin/../lib/gcc/arm-none-eabi/4.4.1/../../../../arm-none-eabi/lib/thumb2\libc.a(lib_a-fflush.o)
 .debug_frame   0x00000bcc      0x11c c:/actel/libero_v9.1/softconsole/sourcery-g++/bin/../lib/gcc/arm-none-eabi/4.4.1/../../../../arm-none-eabi/lib/thumb2\libc.a(lib_a-findfp.o)
 .debug_frame   0x00000ce8       0x50 c:/actel/libero_v9.1/softconsole/sourcery-g++/bin/../lib/gcc/arm-none-eabi/4.4.1/../../../../arm-none-eabi/lib/thumb2\libc.a(lib_a-freer.o)
 .debug_frame   0x00000d38       0x3c c:/actel/libero_v9.1/softconsole/sourcery-g++/bin/../lib/gcc/arm-none-eabi/4.4.1/../../../../arm-none-eabi/lib/thumb2\libc.a(lib_a-fvwrite.o)
 .debug_frame   0x00000d74       0x54 c:/actel/libero_v9.1/softconsole/sourcery-g++/bin/../lib/gcc/arm-none-eabi/4.4.1/../../../../arm-none-eabi/lib/thumb2\libc.a(lib_a-fwalk.o)
 .debug_frame   0x00000dc8       0x6c c:/actel/libero_v9.1/softconsole/sourcery-g++/bin/../lib/gcc/arm-none-eabi/4.4.1/../../../../arm-none-eabi/lib/thumb2\libc.a(lib_a-locale.o)
 .debug_frame   0x00000e34       0x34 c:/actel/libero_v9.1/softconsole/sourcery-g++/bin/../lib/gcc/arm-none-eabi/4.4.1/../../../../arm-none-eabi/lib/thumb2\libc.a(lib_a-makebuf.o)
 .debug_frame   0x00000e68       0x30 c:/actel/libero_v9.1/softconsole/sourcery-g++/bin/../lib/gcc/arm-none-eabi/4.4.1/../../../../arm-none-eabi/lib/thumb2\libc.a(lib_a-malloc.o)
 .debug_frame   0x00000e98       0x3c c:/actel/libero_v9.1/softconsole/sourcery-g++/bin/../lib/gcc/arm-none-eabi/4.4.1/../../../../arm-none-eabi/lib/thumb2\libc.a(lib_a-mallocr.o)
 .debug_frame   0x00000ed4       0x28 c:/actel/libero_v9.1/softconsole/sourcery-g++/bin/../lib/gcc/arm-none-eabi/4.4.1/../../../../arm-none-eabi/lib/thumb2\libc.a(lib_a-memchr.o)
 .debug_frame   0x00000efc       0x34 c:/actel/libero_v9.1/softconsole/sourcery-g++/bin/../lib/gcc/arm-none-eabi/4.4.1/../../../../arm-none-eabi/lib/thumb2\libc.a(lib_a-memcpy.o)
 .debug_frame   0x00000f30       0x2c c:/actel/libero_v9.1/softconsole/sourcery-g++/bin/../lib/gcc/arm-none-eabi/4.4.1/../../../../arm-none-eabi/lib/thumb2\libc.a(lib_a-memmove.o)
 .debug_frame   0x00000f5c       0x28 c:/actel/libero_v9.1/softconsole/sourcery-g++/bin/../lib/gcc/arm-none-eabi/4.4.1/../../../../arm-none-eabi/lib/thumb2\libc.a(lib_a-memset.o)
 .debug_frame   0x00000f84       0x30 c:/actel/libero_v9.1/softconsole/sourcery-g++/bin/../lib/gcc/arm-none-eabi/4.4.1/../../../../arm-none-eabi/lib/thumb2\libc.a(lib_a-mlock.o)
 .debug_frame   0x00000fb4      0x240 c:/actel/libero_v9.1/softconsole/sourcery-g++/bin/../lib/gcc/arm-none-eabi/4.4.1/../../../../arm-none-eabi/lib/thumb2\libc.a(lib_a-mprec.o)
 .debug_frame   0x000011f4       0x3c c:/actel/libero_v9.1/softconsole/sourcery-g++/bin/../lib/gcc/arm-none-eabi/4.4.1/../../../../arm-none-eabi/lib/thumb2\libc.a(lib_a-reallocr.o)
 .debug_frame   0x00001230       0x20 c:/actel/libero_v9.1/softconsole/sourcery-g++/bin/../lib/gcc/arm-none-eabi/4.4.1/../../../../arm-none-eabi/lib/thumb2\libc.a(lib_a-s_isinfd.o)
 .debug_frame   0x00001250       0x20 c:/actel/libero_v9.1/softconsole/sourcery-g++/bin/../lib/gcc/arm-none-eabi/4.4.1/../../../../arm-none-eabi/lib/thumb2\libc.a(lib_a-s_isnand.o)
 .debug_frame   0x00001270       0x2c c:/actel/libero_v9.1/softconsole/sourcery-g++/bin/../lib/gcc/arm-none-eabi/4.4.1/../../../../arm-none-eabi/lib/thumb2\libc.a(lib_a-sbrkr.o)
 .debug_frame   0x0000129c       0x70 c:/actel/libero_v9.1/softconsole/sourcery-g++/bin/../lib/gcc/arm-none-eabi/4.4.1/../../../../arm-none-eabi/lib/thumb2\libc.a(lib_a-stdio.o)
 .debug_frame   0x0000130c       0x30 c:/actel/libero_v9.1/softconsole/sourcery-g++/bin/../lib/gcc/arm-none-eabi/4.4.1/../../../../arm-none-eabi/lib/thumb2\libc.a(lib_a-strcmp.o)
 .debug_frame   0x0000133c       0x20 c:/actel/libero_v9.1/softconsole/sourcery-g++/bin/../lib/gcc/arm-none-eabi/4.4.1/../../../../arm-none-eabi/lib/thumb2\libc.a(lib_a-strlen.o)
 .debug_frame   0x0000135c       0x2c c:/actel/libero_v9.1/softconsole/sourcery-g++/bin/../lib/gcc/arm-none-eabi/4.4.1/../../../../arm-none-eabi/lib/thumb2\libc.a(lib_a-callocr.o)
 .debug_frame   0x00001388       0x2c c:/actel/libero_v9.1/softconsole/sourcery-g++/bin/../lib/gcc/arm-none-eabi/4.4.1/../../../../arm-none-eabi/lib/thumb2\libc.a(lib_a-closer.o)
 .debug_frame   0x000013b4       0x3c c:/actel/libero_v9.1/softconsole/sourcery-g++/bin/../lib/gcc/arm-none-eabi/4.4.1/../../../../arm-none-eabi/lib/thumb2\libc.a(lib_a-fclose.o)
 .debug_frame   0x000013f0       0x2c c:/actel/libero_v9.1/softconsole/sourcery-g++/bin/../lib/gcc/arm-none-eabi/4.4.1/../../../../arm-none-eabi/lib/thumb2\libc.a(lib_a-fstatr.o)
 .debug_frame   0x0000141c       0x2c c:/actel/libero_v9.1/softconsole/sourcery-g++/bin/../lib/gcc/arm-none-eabi/4.4.1/../../../../arm-none-eabi/lib/thumb2\libc.a(lib_a-isattyr.o)
 .debug_frame   0x00001448       0x2c c:/actel/libero_v9.1/softconsole/sourcery-g++/bin/../lib/gcc/arm-none-eabi/4.4.1/../../../../arm-none-eabi/lib/thumb2\libc.a(lib_a-lseekr.o)
 .debug_frame   0x00001474       0x2c c:/actel/libero_v9.1/softconsole/sourcery-g++/bin/../lib/gcc/arm-none-eabi/4.4.1/../../../../arm-none-eabi/lib/thumb2\libc.a(lib_a-readr.o)
 .debug_frame   0x000014a0       0x64 c:/actel/libero_v9.1/softconsole/sourcery-g++/bin/../lib/gcc/arm-none-eabi/4.4.1/../../../../arm-none-eabi/lib/thumb2\libc.a(lib_a-reent.o)
 .debug_frame   0x00001504       0x20 c:/actel/libero_v9.1/softconsole/sourcery-g++/bin/../lib/gcc/arm-none-eabi/4.4.1/thumb2\libgcc.a(_udivsi3.o)
 .debug_frame   0x00001524       0x50 c:/actel/libero_v9.1/softconsole/sourcery-g++/bin/../lib/gcc/arm-none-eabi/4.4.1/thumb2\libgcc.a(bpabi.o)
 .debug_frame   0x00001574       0x3c c:/actel/libero_v9.1/softconsole/sourcery-g++/bin/../lib/gcc/arm-none-eabi/4.4.1/thumb2\libgcc.a(_divdi3.o)
 .debug_frame   0x000015b0       0x3c c:/actel/libero_v9.1/softconsole/sourcery-g++/bin/../lib/gcc/arm-none-eabi/4.4.1/thumb2\libgcc.a(_udivdi3.o)

.debug_str      0x00000000     0x229e
 *(.debug_str)
 .debug_str     0x00000000      0x128 ./lcd.o
                                0x161 (size before relaxing)
 .debug_str     0x00000128        0xa ./main.o
                                0x10a (size before relaxing)
 .debug_str     0x00000132      0x276 ./menu.o
                                0x3c0 (size before relaxing)
 .debug_str     0x000003a8       0xf8 ./midi.o
                                0x20f (size before relaxing)
 .debug_str     0x000004a0     0x1001 ./suit.o
                               0x133f (size before relaxing)
 .debug_str     0x000014a1      0x501 N:/EECS373/WubSuit/Libero/SoftConsole/wubsuit_base_MSS_MSS_CM3_0/wubsuit_base_MSS_MSS_CM3_0_hw_platform/Debug/CMSIS/startup_gcc/newlib_stubs.o
                               0x10ae (size before relaxing)
 .debug_str     0x000019a2      0x5d5 N:\EECS373\WubSuit\Libero\SoftConsole\wubsuit_base_MSS_MSS_CM3_0\wubsuit_base_MSS_MSS_CM3_0_hw_platform\Debug\libwubsuit_base_MSS_MSS_CM3_0_hw_platform.a(mss_uart.o)
                               0x14bf (size before relaxing)
 .debug_str     0x00001f77      0x14f N:\EECS373\WubSuit\Libero\SoftConsole\wubsuit_base_MSS_MSS_CM3_0\wubsuit_base_MSS_MSS_CM3_0_hw_platform\Debug\libwubsuit_base_MSS_MSS_CM3_0_hw_platform.a(mss_gpio.o)
                               0x1297 (size before relaxing)
 .debug_str     0x000020c6       0x88 N:\EECS373\WubSuit\Libero\SoftConsole\wubsuit_base_MSS_MSS_CM3_0\wubsuit_base_MSS_MSS_CM3_0_hw_platform\Debug\libwubsuit_base_MSS_MSS_CM3_0_hw_platform.a(core_uart_apb.o)
                                0x286 (size before relaxing)
 .debug_str     0x0000214e       0xf7 N:\EECS373\WubSuit\Libero\SoftConsole\wubsuit_base_MSS_MSS_CM3_0\wubsuit_base_MSS_MSS_CM3_0_hw_platform\Debug\libwubsuit_base_MSS_MSS_CM3_0_hw_platform.a(system_a2fxxxm3.o)
                                0x462 (size before relaxing)
 .debug_str     0x00002245       0x59 N:\EECS373\WubSuit\Libero\SoftConsole\wubsuit_base_MSS_MSS_CM3_0\wubsuit_base_MSS_MSS_CM3_0_hw_platform\Debug\libwubsuit_base_MSS_MSS_CM3_0_hw_platform.a(hal_assert.o)
                                0x17d (size before relaxing)

.debug_loc      0x00000000     0x18f9
 *(.debug_loc)
 .debug_loc     0x00000000       0x99 ./lcd.o
 .debug_loc     0x00000099       0x2b ./main.o
 .debug_loc     0x000000c4      0x169 ./menu.o
 .debug_loc     0x0000022d      0x181 ./midi.o
 .debug_loc     0x000003ae      0x3dd ./suit.o
 .debug_loc     0x0000078b      0x30d N:/EECS373/WubSuit/Libero/SoftConsole/wubsuit_base_MSS_MSS_CM3_0/wubsuit_base_MSS_MSS_CM3_0_hw_platform/Debug/CMSIS/startup_gcc/newlib_stubs.o
 .debug_loc     0x00000a98      0x894 N:\EECS373\WubSuit\Libero\SoftConsole\wubsuit_base_MSS_MSS_CM3_0\wubsuit_base_MSS_MSS_CM3_0_hw_platform\Debug\libwubsuit_base_MSS_MSS_CM3_0_hw_platform.a(mss_uart.o)
 .debug_loc     0x0000132c       0xf1 N:\EECS373\WubSuit\Libero\SoftConsole\wubsuit_base_MSS_MSS_CM3_0\wubsuit_base_MSS_MSS_CM3_0_hw_platform\Debug\libwubsuit_base_MSS_MSS_CM3_0_hw_platform.a(mss_gpio.o)
 .debug_loc     0x0000141d      0x3c1 N:\EECS373\WubSuit\Libero\SoftConsole\wubsuit_base_MSS_MSS_CM3_0\wubsuit_base_MSS_MSS_CM3_0_hw_platform\Debug\libwubsuit_base_MSS_MSS_CM3_0_hw_platform.a(core_uart_apb.o)
 .debug_loc     0x000017de       0xb3 N:\EECS373\WubSuit\Libero\SoftConsole\wubsuit_base_MSS_MSS_CM3_0\wubsuit_base_MSS_MSS_CM3_0_hw_platform\Debug\libwubsuit_base_MSS_MSS_CM3_0_hw_platform.a(system_a2fxxxm3.o)
 .debug_loc     0x00001891       0x68 N:\EECS373\WubSuit\Libero\SoftConsole\wubsuit_base_MSS_MSS_CM3_0\wubsuit_base_MSS_MSS_CM3_0_hw_platform\Debug\libwubsuit_base_MSS_MSS_CM3_0_hw_platform.a(hal_assert.o)

.debug_macinfo  0x00000000    0x39a7c
 *(.debug_macinfo)
 .debug_macinfo
                0x00000000     0x4ef6 ./lcd.o
 .debug_macinfo
                0x00004ef6     0x5049 ./main.o
 .debug_macinfo
                0x00009f3f     0x50ad ./menu.o
 .debug_macinfo
                0x0000efec     0x1a9c ./midi.o
 .debug_macinfo
                0x00010a88     0x99d0 ./suit.o
 .debug_macinfo
                0x0001a458     0x9964 N:/EECS373/WubSuit/Libero/SoftConsole/wubsuit_base_MSS_MSS_CM3_0/wubsuit_base_MSS_MSS_CM3_0_hw_platform/Debug/CMSIS/startup_gcc/newlib_stubs.o
 .debug_macinfo
                0x00023dbc     0x63e3 N:\EECS373\WubSuit\Libero\SoftConsole\wubsuit_base_MSS_MSS_CM3_0\wubsuit_base_MSS_MSS_CM3_0_hw_platform\Debug\libwubsuit_base_MSS_MSS_CM3_0_hw_platform.a(mss_uart.o)
 .debug_macinfo
                0x0002a19f     0x5cfa N:\EECS373\WubSuit\Libero\SoftConsole\wubsuit_base_MSS_MSS_CM3_0\wubsuit_base_MSS_MSS_CM3_0_hw_platform\Debug\libwubsuit_base_MSS_MSS_CM3_0_hw_platform.a(mss_gpio.o)
 .debug_macinfo
                0x0002fe99     0x2450 N:\EECS373\WubSuit\Libero\SoftConsole\wubsuit_base_MSS_MSS_CM3_0\wubsuit_base_MSS_MSS_CM3_0_hw_platform\Debug\libwubsuit_base_MSS_MSS_CM3_0_hw_platform.a(core_uart_apb.o)
 .debug_macinfo
                0x000322e9     0x5a98 N:\EECS373\WubSuit\Libero\SoftConsole\wubsuit_base_MSS_MSS_CM3_0\wubsuit_base_MSS_MSS_CM3_0_hw_platform\Debug\libwubsuit_base_MSS_MSS_CM3_0_hw_platform.a(system_a2fxxxm3.o)
 .debug_macinfo
                0x00037d81     0x1cfb N:\EECS373\WubSuit\Libero\SoftConsole\wubsuit_base_MSS_MSS_CM3_0\wubsuit_base_MSS_MSS_CM3_0_hw_platform\Debug\libwubsuit_base_MSS_MSS_CM3_0_hw_platform.a(hal_assert.o)

.debug_weaknames
 *(.debug_weaknames)

.debug_funcnames
 *(.debug_funcnames)

.debug_typenames
 *(.debug_typenames)

.debug_varnames
 *(.debug_varnames)

.note.gnu.arm.ident
 *(.note.gnu.arm.ident)

.ARM.attributes
                0x00000000       0x25
 *(.ARM.attributes)
 .ARM.attributes
                0x00000000       0x19 c:/actel/libero_v9.1/softconsole/sourcery-g++/bin/../lib/gcc/arm-none-eabi/4.4.1/thumb2/crti.o
 .ARM.attributes
                0x00000019       0x29 c:/actel/libero_v9.1/softconsole/sourcery-g++/bin/../lib/gcc/arm-none-eabi/4.4.1/thumb2/crtbegin.o
 .ARM.attributes
                0x00000042       0x31 ./lcd.o
 .ARM.attributes
                0x00000073       0x31 ./main.o
 .ARM.attributes
                0x000000a4       0x31 ./menu.o
 .ARM.attributes
                0x000000d5       0x31 ./midi.o
 .ARM.attributes
                0x00000106       0x31 ./suit.o
 .ARM.attributes
                0x00000137       0x21 N:/EECS373/WubSuit/Libero/SoftConsole/wubsuit_base_MSS_MSS_CM3_0/wubsuit_base_MSS_MSS_CM3_0_hw_platform/Debug/CMSIS/startup_gcc/startup_a2fxxxm3.o
 .ARM.attributes
                0x00000158       0x31 N:/EECS373/WubSuit/Libero/SoftConsole/wubsuit_base_MSS_MSS_CM3_0/wubsuit_base_MSS_MSS_CM3_0_hw_platform/Debug/CMSIS/startup_gcc/newlib_stubs.o
 .ARM.attributes
                0x00000189       0x31 N:\EECS373\WubSuit\Libero\SoftConsole\wubsuit_base_MSS_MSS_CM3_0\wubsuit_base_MSS_MSS_CM3_0_hw_platform\Debug\libwubsuit_base_MSS_MSS_CM3_0_hw_platform.a(mss_uart.o)
 .ARM.attributes
                0x000001ba       0x31 N:\EECS373\WubSuit\Libero\SoftConsole\wubsuit_base_MSS_MSS_CM3_0\wubsuit_base_MSS_MSS_CM3_0_hw_platform\Debug\libwubsuit_base_MSS_MSS_CM3_0_hw_platform.a(mss_gpio.o)
 .ARM.attributes
                0x000001eb       0x31 N:\EECS373\WubSuit\Libero\SoftConsole\wubsuit_base_MSS_MSS_CM3_0\wubsuit_base_MSS_MSS_CM3_0_hw_platform\Debug\libwubsuit_base_MSS_MSS_CM3_0_hw_platform.a(core_uart_apb.o)
 .ARM.attributes
                0x0000021c       0x31 N:\EECS373\WubSuit\Libero\SoftConsole\wubsuit_base_MSS_MSS_CM3_0\wubsuit_base_MSS_MSS_CM3_0_hw_platform\Debug\libwubsuit_base_MSS_MSS_CM3_0_hw_platform.a(system_a2fxxxm3.o)
 .ARM.attributes
                0x0000024d       0x31 N:\EECS373\WubSuit\Libero\SoftConsole\wubsuit_base_MSS_MSS_CM3_0\wubsuit_base_MSS_MSS_CM3_0_hw_platform\Debug\libwubsuit_base_MSS_MSS_CM3_0_hw_platform.a(hal_assert.o)
 .ARM.attributes
                0x0000027e       0x21 N:\EECS373\WubSuit\Libero\SoftConsole\wubsuit_base_MSS_MSS_CM3_0\wubsuit_base_MSS_MSS_CM3_0_hw_platform\Debug\libwubsuit_base_MSS_MSS_CM3_0_hw_platform.a(hw_reg_access.o)
 .ARM.attributes
                0x0000029f       0x29 c:/actel/libero_v9.1/softconsole/sourcery-g++/bin/../lib/gcc/arm-none-eabi/4.4.1/../../../../arm-none-eabi/lib/thumb2\libc.a(lib_a-errno.o)
 .ARM.attributes
                0x000002c8       0x29 c:/actel/libero_v9.1/softconsole/sourcery-g++/bin/../lib/gcc/arm-none-eabi/4.4.1/../../../../arm-none-eabi/lib/thumb2\libc.a(lib_a-impure.o)
 .ARM.attributes
                0x000002f1       0x29 c:/actel/libero_v9.1/softconsole/sourcery-g++/bin/../lib/gcc/arm-none-eabi/4.4.1/../../../../arm-none-eabi/lib/thumb2\libc.a(lib_a-init.o)
 .ARM.attributes
                0x0000031a       0x29 c:/actel/libero_v9.1/softconsole/sourcery-g++/bin/../lib/gcc/arm-none-eabi/4.4.1/../../../../arm-none-eabi/lib/thumb2\libc.a(lib_a-printf.o)
 .ARM.attributes
                0x00000343       0x29 c:/actel/libero_v9.1/softconsole/sourcery-g++/bin/../lib/gcc/arm-none-eabi/4.4.1/../../../../arm-none-eabi/lib/thumb2\libc.a(lib_a-vfprintf.o)
 .ARM.attributes
                0x0000036c       0x29 c:/actel/libero_v9.1/softconsole/sourcery-g++/bin/../lib/gcc/arm-none-eabi/4.4.1/../../../../arm-none-eabi/lib/thumb2\libc.a(lib_a-wsetup.o)
 .ARM.attributes
                0x00000395       0x29 c:/actel/libero_v9.1/softconsole/sourcery-g++/bin/../lib/gcc/arm-none-eabi/4.4.1/../../../../arm-none-eabi/lib/thumb2\libc.a(lib_a-dtoa.o)
 .ARM.attributes
                0x000003be       0x29 c:/actel/libero_v9.1/softconsole/sourcery-g++/bin/../lib/gcc/arm-none-eabi/4.4.1/../../../../arm-none-eabi/lib/thumb2\libc.a(lib_a-fflush.o)
 .ARM.attributes
                0x000003e7       0x29 c:/actel/libero_v9.1/softconsole/sourcery-g++/bin/../lib/gcc/arm-none-eabi/4.4.1/../../../../arm-none-eabi/lib/thumb2\libc.a(lib_a-findfp.o)
 .ARM.attributes
                0x00000410       0x29 c:/actel/libero_v9.1/softconsole/sourcery-g++/bin/../lib/gcc/arm-none-eabi/4.4.1/../../../../arm-none-eabi/lib/thumb2\libc.a(lib_a-freer.o)
 .ARM.attributes
                0x00000439       0x29 c:/actel/libero_v9.1/softconsole/sourcery-g++/bin/../lib/gcc/arm-none-eabi/4.4.1/../../../../arm-none-eabi/lib/thumb2\libc.a(lib_a-fvwrite.o)
 .ARM.attributes
                0x00000462       0x29 c:/actel/libero_v9.1/softconsole/sourcery-g++/bin/../lib/gcc/arm-none-eabi/4.4.1/../../../../arm-none-eabi/lib/thumb2\libc.a(lib_a-fwalk.o)
 .ARM.attributes
                0x0000048b       0x29 c:/actel/libero_v9.1/softconsole/sourcery-g++/bin/../lib/gcc/arm-none-eabi/4.4.1/../../../../arm-none-eabi/lib/thumb2\libc.a(lib_a-locale.o)
 .ARM.attributes
                0x000004b4       0x29 c:/actel/libero_v9.1/softconsole/sourcery-g++/bin/../lib/gcc/arm-none-eabi/4.4.1/../../../../arm-none-eabi/lib/thumb2\libc.a(lib_a-makebuf.o)
 .ARM.attributes
                0x000004dd       0x29 c:/actel/libero_v9.1/softconsole/sourcery-g++/bin/../lib/gcc/arm-none-eabi/4.4.1/../../../../arm-none-eabi/lib/thumb2\libc.a(lib_a-malloc.o)
 .ARM.attributes
                0x00000506       0x29 c:/actel/libero_v9.1/softconsole/sourcery-g++/bin/../lib/gcc/arm-none-eabi/4.4.1/../../../../arm-none-eabi/lib/thumb2\libc.a(lib_a-mallocr.o)
 .ARM.attributes
                0x0000052f       0x29 c:/actel/libero_v9.1/softconsole/sourcery-g++/bin/../lib/gcc/arm-none-eabi/4.4.1/../../../../arm-none-eabi/lib/thumb2\libc.a(lib_a-memchr.o)
 .ARM.attributes
                0x00000558       0x29 c:/actel/libero_v9.1/softconsole/sourcery-g++/bin/../lib/gcc/arm-none-eabi/4.4.1/../../../../arm-none-eabi/lib/thumb2\libc.a(lib_a-memcpy.o)
 .ARM.attributes
                0x00000581       0x29 c:/actel/libero_v9.1/softconsole/sourcery-g++/bin/../lib/gcc/arm-none-eabi/4.4.1/../../../../arm-none-eabi/lib/thumb2\libc.a(lib_a-memmove.o)
 .ARM.attributes
                0x000005aa       0x29 c:/actel/libero_v9.1/softconsole/sourcery-g++/bin/../lib/gcc/arm-none-eabi/4.4.1/../../../../arm-none-eabi/lib/thumb2\libc.a(lib_a-memset.o)
 .ARM.attributes
                0x000005d3       0x29 c:/actel/libero_v9.1/softconsole/sourcery-g++/bin/../lib/gcc/arm-none-eabi/4.4.1/../../../../arm-none-eabi/lib/thumb2\libc.a(lib_a-mlock.o)
 .ARM.attributes
                0x000005fc       0x29 c:/actel/libero_v9.1/softconsole/sourcery-g++/bin/../lib/gcc/arm-none-eabi/4.4.1/../../../../arm-none-eabi/lib/thumb2\libc.a(lib_a-mprec.o)
 .ARM.attributes
                0x00000625       0x29 c:/actel/libero_v9.1/softconsole/sourcery-g++/bin/../lib/gcc/arm-none-eabi/4.4.1/../../../../arm-none-eabi/lib/thumb2\libc.a(lib_a-reallocr.o)
 .ARM.attributes
                0x0000064e       0x29 c:/actel/libero_v9.1/softconsole/sourcery-g++/bin/../lib/gcc/arm-none-eabi/4.4.1/../../../../arm-none-eabi/lib/thumb2\libc.a(lib_a-s_isinfd.o)
 .ARM.attributes
                0x00000677       0x29 c:/actel/libero_v9.1/softconsole/sourcery-g++/bin/../lib/gcc/arm-none-eabi/4.4.1/../../../../arm-none-eabi/lib/thumb2\libc.a(lib_a-s_isnand.o)
 .ARM.attributes
                0x000006a0       0x29 c:/actel/libero_v9.1/softconsole/sourcery-g++/bin/../lib/gcc/arm-none-eabi/4.4.1/../../../../arm-none-eabi/lib/thumb2\libc.a(lib_a-sbrkr.o)
 .ARM.attributes
                0x000006c9       0x29 c:/actel/libero_v9.1/softconsole/sourcery-g++/bin/../lib/gcc/arm-none-eabi/4.4.1/../../../../arm-none-eabi/lib/thumb2\libc.a(lib_a-stdio.o)
 .ARM.attributes
                0x000006f2       0x29 c:/actel/libero_v9.1/softconsole/sourcery-g++/bin/../lib/gcc/arm-none-eabi/4.4.1/../../../../arm-none-eabi/lib/thumb2\libc.a(lib_a-strcmp.o)
 .ARM.attributes
                0x0000071b       0x29 c:/actel/libero_v9.1/softconsole/sourcery-g++/bin/../lib/gcc/arm-none-eabi/4.4.1/../../../../arm-none-eabi/lib/thumb2\libc.a(lib_a-strlen.o)
 .ARM.attributes
                0x00000744       0x29 c:/actel/libero_v9.1/softconsole/sourcery-g++/bin/../lib/gcc/arm-none-eabi/4.4.1/../../../../arm-none-eabi/lib/thumb2\libc.a(lib_a-callocr.o)
 .ARM.attributes
                0x0000076d       0x29 c:/actel/libero_v9.1/softconsole/sourcery-g++/bin/../lib/gcc/arm-none-eabi/4.4.1/../../../../arm-none-eabi/lib/thumb2\libc.a(lib_a-closer.o)
 .ARM.attributes
                0x00000796       0x29 c:/actel/libero_v9.1/softconsole/sourcery-g++/bin/../lib/gcc/arm-none-eabi/4.4.1/../../../../arm-none-eabi/lib/thumb2\libc.a(lib_a-fclose.o)
 .ARM.attributes
                0x000007bf       0x29 c:/actel/libero_v9.1/softconsole/sourcery-g++/bin/../lib/gcc/arm-none-eabi/4.4.1/../../../../arm-none-eabi/lib/thumb2\libc.a(lib_a-fstatr.o)
 .ARM.attributes
                0x000007e8       0x29 c:/actel/libero_v9.1/softconsole/sourcery-g++/bin/../lib/gcc/arm-none-eabi/4.4.1/../../../../arm-none-eabi/lib/thumb2\libc.a(lib_a-isattyr.o)
 .ARM.attributes
                0x00000811       0x29 c:/actel/libero_v9.1/softconsole/sourcery-g++/bin/../lib/gcc/arm-none-eabi/4.4.1/../../../../arm-none-eabi/lib/thumb2\libc.a(lib_a-lseekr.o)
 .ARM.attributes
                0x0000083a       0x29 c:/actel/libero_v9.1/softconsole/sourcery-g++/bin/../lib/gcc/arm-none-eabi/4.4.1/../../../../arm-none-eabi/lib/thumb2\libc.a(lib_a-readr.o)
 .ARM.attributes
                0x00000863       0x29 c:/actel/libero_v9.1/softconsole/sourcery-g++/bin/../lib/gcc/arm-none-eabi/4.4.1/../../../../arm-none-eabi/lib/thumb2\libc.a(lib_a-reent.o)
 .ARM.attributes
                0x0000088c       0x1b c:/actel/libero_v9.1/softconsole/sourcery-g++/bin/../lib/gcc/arm-none-eabi/4.4.1/thumb2\libgcc.a(_udivsi3.o)
 .ARM.attributes
                0x000008a7       0x1b c:/actel/libero_v9.1/softconsole/sourcery-g++/bin/../lib/gcc/arm-none-eabi/4.4.1/thumb2\libgcc.a(_dvmd_tls.o)
 .ARM.attributes
                0x000008c2       0x1b c:/actel/libero_v9.1/softconsole/sourcery-g++/bin/../lib/gcc/arm-none-eabi/4.4.1/thumb2\libgcc.a(_arm_addsubdf3.o)
 .ARM.attributes
                0x000008dd       0x1b c:/actel/libero_v9.1/softconsole/sourcery-g++/bin/../lib/gcc/arm-none-eabi/4.4.1/thumb2\libgcc.a(_arm_muldivdf3.o)
 .ARM.attributes
                0x000008f8       0x1b c:/actel/libero_v9.1/softconsole/sourcery-g++/bin/../lib/gcc/arm-none-eabi/4.4.1/thumb2\libgcc.a(_arm_cmpdf2.o)
 .ARM.attributes
                0x00000913       0x1b c:/actel/libero_v9.1/softconsole/sourcery-g++/bin/../lib/gcc/arm-none-eabi/4.4.1/thumb2\libgcc.a(_arm_fixdfsi.o)
 .ARM.attributes
                0x0000092e       0x1b c:/actel/libero_v9.1/softconsole/sourcery-g++/bin/../lib/gcc/arm-none-eabi/4.4.1/thumb2\libgcc.a(_aeabi_uldivmod.o)
 .ARM.attributes
                0x00000949       0x29 c:/actel/libero_v9.1/softconsole/sourcery-g++/bin/../lib/gcc/arm-none-eabi/4.4.1/thumb2\libgcc.a(bpabi.o)
 .ARM.attributes
                0x00000972       0x29 c:/actel/libero_v9.1/softconsole/sourcery-g++/bin/../lib/gcc/arm-none-eabi/4.4.1/thumb2\libgcc.a(_divdi3.o)
 .ARM.attributes
                0x0000099b       0x29 c:/actel/libero_v9.1/softconsole/sourcery-g++/bin/../lib/gcc/arm-none-eabi/4.4.1/thumb2\libgcc.a(_udivdi3.o)
 .ARM.attributes
                0x000009c4       0x29 c:/actel/libero_v9.1/softconsole/sourcery-g++/bin/../lib/gcc/arm-none-eabi/4.4.1/thumb2/crtend.o
 .ARM.attributes
                0x000009ed       0x19 c:/actel/libero_v9.1/softconsole/sourcery-g++/bin/../lib/gcc/arm-none-eabi/4.4.1/thumb2/crtn.o

/DISCARD/
 *(.note.GNU-stack)
 *(.isr_vector)
OUTPUT(wubsuit_base_MSS_MSS_CM3_0_app elf32-littlearm)

.debug_ranges   0x00000000      0x3c0
 .debug_ranges  0x00000000       0x28 ./lcd.o
 .debug_ranges  0x00000028       0x18 ./main.o
 .debug_ranges  0x00000040       0x48 ./menu.o
 .debug_ranges  0x00000088       0x48 ./midi.o
 .debug_ranges  0x000000d0       0xa8 ./suit.o
 .debug_ranges  0x00000178       0xa0 N:/EECS373/WubSuit/Libero/SoftConsole/wubsuit_base_MSS_MSS_CM3_0/wubsuit_base_MSS_MSS_CM3_0_hw_platform/Debug/CMSIS/startup_gcc/newlib_stubs.o
 .debug_ranges  0x00000218       0xd0 N:\EECS373\WubSuit\Libero\SoftConsole\wubsuit_base_MSS_MSS_CM3_0\wubsuit_base_MSS_MSS_CM3_0_hw_platform\Debug\libwubsuit_base_MSS_MSS_CM3_0_hw_platform.a(mss_uart.o)
 .debug_ranges  0x000002e8       0x60 N:\EECS373\WubSuit\Libero\SoftConsole\wubsuit_base_MSS_MSS_CM3_0\wubsuit_base_MSS_MSS_CM3_0_hw_platform\Debug\libwubsuit_base_MSS_MSS_CM3_0_hw_platform.a(mss_gpio.o)
 .debug_ranges  0x00000348       0x40 N:\EECS373\WubSuit\Libero\SoftConsole\wubsuit_base_MSS_MSS_CM3_0\wubsuit_base_MSS_MSS_CM3_0_hw_platform\Debug\libwubsuit_base_MSS_MSS_CM3_0_hw_platform.a(core_uart_apb.o)
 .debug_ranges  0x00000388       0x20 N:\EECS373\WubSuit\Libero\SoftConsole\wubsuit_base_MSS_MSS_CM3_0\wubsuit_base_MSS_MSS_CM3_0_hw_platform\Debug\libwubsuit_base_MSS_MSS_CM3_0_hw_platform.a(system_a2fxxxm3.o)
 .debug_ranges  0x000003a8       0x18 N:\EECS373\WubSuit\Libero\SoftConsole\wubsuit_base_MSS_MSS_CM3_0\wubsuit_base_MSS_MSS_CM3_0_hw_platform\Debug\libwubsuit_base_MSS_MSS_CM3_0_hw_platform.a(hal_assert.o)
