Archive member included because of file (symbol)

N:\EECS373\WubSuit\Libero\SoftConsole\wubsuit_base_MSS_MSS_CM3_0\wubsuit_base_MSS_MSS_CM3_0_hw_platform\Debug\libwubsuit_base_MSS_MSS_CM3_0_hw_platform.a(mss_uart.o)
                              N:/EECS373/WubSuit/Libero/SoftConsole/wubsuit_base_MSS_MSS_CM3_0/wubsuit_base_MSS_MSS_CM3_0_hw_platform/Debug/CMSIS/startup_gcc/newlib_stubs.o (MSS_UART_polled_tx)
N:\EECS373\WubSuit\Libero\SoftConsole\wubsuit_base_MSS_MSS_CM3_0\wubsuit_base_MSS_MSS_CM3_0_hw_platform\Debug\libwubsuit_base_MSS_MSS_CM3_0_hw_platform.a(mss_gpio.o)
                              ./suit.o (MSS_GPIO_init)
N:\EECS373\WubSuit\Libero\SoftConsole\wubsuit_base_MSS_MSS_CM3_0\wubsuit_base_MSS_MSS_CM3_0_hw_platform\Debug\libwubsuit_base_MSS_MSS_CM3_0_hw_platform.a(core_uart_apb.o)
                              ./suit.o (UART_get_rx)
N:\EECS373\WubSuit\Libero\SoftConsole\wubsuit_base_MSS_MSS_CM3_0\wubsuit_base_MSS_MSS_CM3_0_hw_platform\Debug\libwubsuit_base_MSS_MSS_CM3_0_hw_platform.a(system_a2fxxxm3.o)
                              N:/EECS373/WubSuit/Libero/SoftConsole/wubsuit_base_MSS_MSS_CM3_0/wubsuit_base_MSS_MSS_CM3_0_hw_platform/Debug/CMSIS/startup_gcc/startup_a2fxxxm3.o (SystemInit)
N:\EECS373\WubSuit\Libero\SoftConsole\wubsuit_base_MSS_MSS_CM3_0\wubsuit_base_MSS_MSS_CM3_0_hw_platform\Debug\libwubsuit_base_MSS_MSS_CM3_0_hw_platform.a(hal_assert.o)
                              N:\EECS373\WubSuit\Libero\SoftConsole\wubsuit_base_MSS_MSS_CM3_0\wubsuit_base_MSS_MSS_CM3_0_hw_platform\Debug\libwubsuit_base_MSS_MSS_CM3_0_hw_platform.a(core_uart_apb.o) (HAL_assert_fail)
N:\EECS373\WubSuit\Libero\SoftConsole\wubsuit_base_MSS_MSS_CM3_0\wubsuit_base_MSS_MSS_CM3_0_hw_platform\Debug\libwubsuit_base_MSS_MSS_CM3_0_hw_platform.a(hw_reg_access.o)
                              N:\EECS373\WubSuit\Libero\SoftConsole\wubsuit_base_MSS_MSS_CM3_0\wubsuit_base_MSS_MSS_CM3_0_hw_platform\Debug\libwubsuit_base_MSS_MSS_CM3_0_hw_platform.a(core_uart_apb.o) (HW_set_8bit_reg)
c:/actel/libero_v9.1/softconsole/sourcery-g++/bin/../lib/gcc/arm-none-eabi/4.4.1/../../../../arm-none-eabi/lib/thumb2\libc.a(lib_a-errno.o)
                              N:/EECS373/WubSuit/Libero/SoftConsole/wubsuit_base_MSS_MSS_CM3_0/wubsuit_base_MSS_MSS_CM3_0_hw_platform/Debug/CMSIS/startup_gcc/newlib_stubs.o (__errno)
c:/actel/libero_v9.1/softconsole/sourcery-g++/bin/../lib/gcc/arm-none-eabi/4.4.1/../../../../arm-none-eabi/lib/thumb2\libc.a(lib_a-impure.o)
                              c:/actel/libero_v9.1/softconsole/sourcery-g++/bin/../lib/gcc/arm-none-eabi/4.4.1/../../../../arm-none-eabi/lib/thumb2\libc.a(lib_a-errno.o) (_impure_ptr)
c:/actel/libero_v9.1/softconsole/sourcery-g++/bin/../lib/gcc/arm-none-eabi/4.4.1/../../../../arm-none-eabi/lib/thumb2\libc.a(lib_a-init.o)
                              N:/EECS373/WubSuit/Libero/SoftConsole/wubsuit_base_MSS_MSS_CM3_0/wubsuit_base_MSS_MSS_CM3_0_hw_platform/Debug/CMSIS/startup_gcc/startup_a2fxxxm3.o (__libc_init_array)
c:/actel/libero_v9.1/softconsole/sourcery-g++/bin/../lib/gcc/arm-none-eabi/4.4.1/../../../../arm-none-eabi/lib/thumb2\libc.a(lib_a-printf.o)
                              ./lcd.o (printf)
c:/actel/libero_v9.1/softconsole/sourcery-g++/bin/../lib/gcc/arm-none-eabi/4.4.1/../../../../arm-none-eabi/lib/thumb2\libc.a(lib_a-vfprintf.o)
                              c:/actel/libero_v9.1/softconsole/sourcery-g++/bin/../lib/gcc/arm-none-eabi/4.4.1/../../../../arm-none-eabi/lib/thumb2\libc.a(lib_a-printf.o) (_vfprintf_r)
c:/actel/libero_v9.1/softconsole/sourcery-g++/bin/../lib/gcc/arm-none-eabi/4.4.1/../../../../arm-none-eabi/lib/thumb2\libc.a(lib_a-wsetup.o)
                              c:/actel/libero_v9.1/softconsole/sourcery-g++/bin/../lib/gcc/arm-none-eabi/4.4.1/../../../../arm-none-eabi/lib/thumb2\libc.a(lib_a-vfprintf.o) (__swsetup_r)
c:/actel/libero_v9.1/softconsole/sourcery-g++/bin/../lib/gcc/arm-none-eabi/4.4.1/../../../../arm-none-eabi/lib/thumb2\libc.a(lib_a-dtoa.o)
                              c:/actel/libero_v9.1/softconsole/sourcery-g++/bin/../lib/gcc/arm-none-eabi/4.4.1/../../../../arm-none-eabi/lib/thumb2\libc.a(lib_a-vfprintf.o) (_dtoa_r)
c:/actel/libero_v9.1/softconsole/sourcery-g++/bin/../lib/gcc/arm-none-eabi/4.4.1/../../../../arm-none-eabi/lib/thumb2\libc.a(lib_a-fflush.o)
                              c:/actel/libero_v9.1/softconsole/sourcery-g++/bin/../lib/gcc/arm-none-eabi/4.4.1/../../../../arm-none-eabi/lib/thumb2\libc.a(lib_a-vfprintf.o) (_fflush_r)
c:/actel/libero_v9.1/softconsole/sourcery-g++/bin/../lib/gcc/arm-none-eabi/4.4.1/../../../../arm-none-eabi/lib/thumb2\libc.a(lib_a-findfp.o)
                              c:/actel/libero_v9.1/softconsole/sourcery-g++/bin/../lib/gcc/arm-none-eabi/4.4.1/../../../../arm-none-eabi/lib/thumb2\libc.a(lib_a-printf.o) (__sinit)
c:/actel/libero_v9.1/softconsole/sourcery-g++/bin/../lib/gcc/arm-none-eabi/4.4.1/../../../../arm-none-eabi/lib/thumb2\libc.a(lib_a-freer.o)
[...]
Memory Configuration

Name             Origin             Length             Attributes
ram              0x20000000         0x00010000         xrw
*default*        0x00000000         0xffffffff

Linker script and memory map

LOAD c:/actel/libero_v9.1/softconsole/sourcery-g++/bin/../lib/gcc/arm-none-eabi/4.4.1/thumb2/crti.o
LOAD c:/actel/libero_v9.1/softconsole/sourcery-g++/bin/../lib/gcc/arm-none-eabi/4.4.1/thumb2/crtbegin.o
LOAD ./lcd.o
LOAD ./main.o
LOAD ./menu.o
LOAD ./midi.o
LOAD ./suit.o
LOAD N:/EECS373/WubSuit/Libero/SoftConsole/wubsuit_base_MSS_MSS_CM3_0/wubsuit_base_MSS_MSS_CM3_0_hw_platform/Debug/CMSIS/startup_gcc/startup_a2fxxxm3.o
LOAD N:/EECS373/WubSuit/Libero/SoftConsole/wubsuit_base_MSS_MSS_CM3_0/wubsuit_base_MSS_MSS_CM3_0_hw_platform/Debug/CMSIS/startup_gcc/newlib_stubs.o
LOAD N:\EECS373\WubSuit\Libero\SoftConsole\wubsuit_base_MSS_MSS_CM3_0\wubsuit_base_MSS_MSS_CM3_0_hw_platform\Debug\libwubsuit_base_MSS_MSS_CM3_0_hw_platform.a
START GROUP
LOAD c:/actel/libero_v9.1/softconsole/sourcery-g++/bin/../lib/gcc/arm-none-eabi/4.4.1/thumb2\libgcc.a
LOAD c:/actel/libero_v9.1/softconsole/sourcery-g++/bin/../lib/gcc/arm-none-eabi/4.4.1/../../../../arm-none-eabi/lib/thumb2\libc.a
END GROUP
LOAD c:/actel/libero_v9.1/softconsole/sourcery-g++/bin/../lib/gcc/arm-none-eabi/4.4.1/thumb2/crtend.o
LOAD c:/actel/libero_v9.1/softconsole/sourcery-g++/bin/../lib/gcc/arm-none-eabi/4.4.1/thumb2/crtn.o
START GROUP
LOAD c:/actel/libero_v9.1/softconsole/sourcery-g++/bin/../lib/gcc/arm-none-eabi/4.4.1/../../../../arm-none-eabi/lib/thumb2\libc.a
LOAD c:/actel/libero_v9.1/softconsole/sourcery-g++/bin/../lib/gcc/arm-none-eabi/4.4.1/thumb2\libgcc.a
LOAD c:/actel/libero_v9.1/softconsole/sourcery-g++/bin/../lib/gcc/arm-none-eabi/4.4.1/../../../../arm-none-eabi/lib/thumb2\libm.a
END GROUP
                0x00000000                __DYNAMIC = 0x0
                0x20000000                RAM_START_ADDRESS = 0x20000000
                0x00010000                RAM_SIZE = 0x10000
                0x00002000                MAIN_STACK_SIZE = 0x2000
                0x00001000                PROCESS_STACK_SIZE = 0x1000
                0x20010000                PROVIDE (__main_stack_start, (RAM_START_ADDRESS + RAM_SIZE))
                0x2000e000                PROVIDE (__process_stack_start, (__main_stack_start - MAIN_STACK_SIZE))
                0x20010000                PROVIDE (_estack, __main_stack_start)
                0x00000000                PROVIDE (__mirrored_nvm, 0x0)

.text           0x20000000     0xa448
 CREATE_OBJECT_SYMBOLS
                0x20000000                __text_load = LOADADDR (.text)
                0x20000000                __text_start = .
 *(.isr_vector)
 .isr_vector    0x20000000      0x470 N:/EECS373/WubSuit/Libero/SoftConsole/wubsuit_base_MSS_MSS_CM3_0/wubsuit_base_MSS_MSS_CM3_0_hw_platform/Debug/CMSIS/startup_gcc/startup_a2fxxxm3.o
                0x20000000                g_pfnVectors
                0x20000298                Reset_Handler
                0x20000308                NMI_Handler
                0x2000030a                HardFault_Handler
                0x2000030c                MemManage_Handler
                0x2000030e                BusFault_Handler
                0x20000310                UsageFault_Handler
                0x20000312                SVC_Handler
                0x20000314                DebugMon_Handler
                0x20000316                PendSV_Handler
                0x20000318                SysTick_Handler
                0x2000031a                WdogWakeup_IRQHandler
                0x2000031c                BrownOut_1_5V_IRQHandler
                0x2000031e                BrownOut_3_3V_IRQHandler
                0x20000320                RTC_Match_IRQHandler
                0x20000322                RTCIF_Pub_IRQHandler
                0x20000324                EthernetMAC_IRQHandler
                0x20000326                IAP_IRQHandler
                0x20000328                ENVM0_IRQHandler
                0x2000032a                ENVM1_IRQHandler
                0x2000032c                DMA_IRQHandler
                0x20000332                SPI0_IRQHandler
                0x20000334                SPI1_IRQHandler
                0x20000336                I2C0_IRQHandler
                0x20000338                I2C0_SMBAlert_IRQHandler
                0x2000033a                I2C0_SMBus_IRQHandler
                0x2000033c                I2C1_IRQHandler
                0x2000033e                I2C1_SMBAlert_IRQHandler
                0x20000340                I2C1_SMBus_IRQHandler
                0x20000342                Timer1_IRQHandler
                0x20000344                Timer2_IRQHandler
                0x20000346                PLL_Lock_IRQHandler
                0x20000348                PLL_LockLost_IRQHandler
                0x2000034a                CommError_IRQHandler
                0x2000034c                Fabric_IRQHandler
                0x2000035a                GPIO6_IRQHandler
                0x2000035c                GPIO7_IRQHandler
                0x2000035e                GPIO8_IRQHandler
                0x20000360                GPIO9_IRQHandler
                0x20000362                GPIO10_IRQHandler
                0x20000364                GPIO11_IRQHandler
                0x20000366                GPIO12_IRQHandler
                0x20000368                GPIO13_IRQHandler
                0x2000036a                GPIO14_IRQHandler
                0x2000036c                GPIO15_IRQHandler
                0x2000036e                GPIO16_IRQHandler
                0x20000370                GPIO17_IRQHandler
                0x20000372                GPIO18_IRQHandler
                0x20000374                GPIO19_IRQHandler
                0x20000376                GPIO20_IRQHandler
                0x20000378                GPIO21_IRQHandler
                0x2000037a                GPIO22_IRQHandler
                0x2000037c                GPIO23_IRQHandler
                0x2000037e                GPIO24_IRQHandler
                0x20000380                GPIO25_IRQHandler
                0x20000382                GPIO26_IRQHandler
                0x20000384                GPIO27_IRQHandler
                0x20000386                GPIO28_IRQHandler
                0x20000388                GPIO29_IRQHandler
                0x2000038a                GPIO30_IRQHandler
                0x2000038c                GPIO31_IRQHandler
                0x2000038e                ACE_PC0_Flag0_IRQHandler
                0x20000390                ACE_PC0_Flag1_IRQHandler
                0x20000392                ACE_PC0_Flag2_IRQHandler
                0x20000394                ACE_PC0_Flag3_IRQHandler
                0x20000396                ACE_PC1_Flag0_IRQHandler
                0x20000398                ACE_PC1_Flag1_IRQHandler
                0x2000039a                ACE_PC1_Flag2_IRQHandler
                0x2000039c                ACE_PC1_Flag3_IRQHandler
                0x2000039e                ACE_PC2_Flag0_IRQHandler
                0x200003a0                ACE_PC2_Flag1_IRQHandler
                0x200003a2                ACE_PC2_Flag2_IRQHandler
                0x200003a4                ACE_PC2_Flag3_IRQHandler
                0x200003a6                ACE_ADC0_DataValid_IRQHandler
                0x200003a8                ACE_ADC1_DataValid_IRQHandler
                0x200003aa                ACE_ADC2_DataValid_IRQHandler
                0x200003ac                ACE_ADC0_CalDone_IRQHandler
                0x200003ae                ACE_ADC1_CalDone_IRQHandler
                0x200003b0                ACE_ADC2_CalDone_IRQHandler
                0x200003b2                ACE_ADC0_CalStart_IRQHandler
                0x200003b4                ACE_ADC1_CalStart_IRQHandler
                0x200003b6                ACE_ADC2_CalStart_IRQHandler
                0x200003b8                ACE_Comp0_Fall_IRQHandler
                0x200003ba                ACE_Comp1_Fall_IRQHandler
                0x200003bc                ACE_Comp2_Fall_IRQHandler
                0x200003be                ACE_Comp3_Fall_IRQHandler
                0x200003c0                ACE_Comp4_Fall_IRQHandler
                0x200003c2                ACE_Comp5_Fall_IRQHandler
                0x200003c4                ACE_Comp6_Fall_IRQHandler
                0x200003c6                ACE_Comp7_Fall_IRQHandler
                0x200003c8                ACE_Comp8_Fall_IRQHandler
                0x200003ca                ACE_Comp9_Fall_IRQHandler
                0x200003cc                ACE_Comp10_Fall_IRQHandler
                0x200003ce                ACE_Comp11_Fall_IRQHandler
                0x200003d0                ACE_Comp0_Rise_IRQHandler
                0x200003d2                ACE_Comp1_Rise_IRQHandler
                0x200003d4                ACE_Comp2_Rise_IRQHandler
                0x200003d6                ACE_Comp3_Rise_IRQHandler
                0x200003d8                ACE_Comp4_Rise_IRQHandler
                0x200003da                ACE_Comp5_Rise_IRQHandler
                0x200003dc                ACE_Comp6_Rise_IRQHandler
                0x200003de                ACE_Comp7_Rise_IRQHandler
                0x200003e0                ACE_Comp8_Rise_IRQHandler
                0x200003e2                ACE_Comp9_Rise_IRQHandler
                0x200003e4                ACE_Comp10_Rise_IRQHandler
                0x200003e6                ACE_Comp11_Rise_IRQHandler
                0x200003e8                ACE_ADC0_FifoFull_IRQHandler
                0x200003ea                ACE_ADC0_FifoAFull_IRQHandler
                0x200003ec                ACE_ADC0_FifoEmpty_IRQHandler
                0x200003ee                ACE_ADC1_FifoFull_IRQHandler
                0x200003f0                ACE_ADC1_FifoAFull_IRQHandler
                0x200003f2                ACE_ADC1_FifoEmpty_IRQHandler
                0x200003f4                ACE_ADC2_FifoFull_IRQHandler
                0x200003f6                ACE_ADC2_FifoAFull_IRQHandler
                0x200003f8                ACE_ADC2_FifoEmpty_IRQHandler
                0x200003fa                ACE_PPE_Flag0_IRQHandler
                0x200003fc                ACE_PPE_Flag1_IRQHandler
                0x200003fe                ACE_PPE_Flag2_IRQHandler
                0x20000400                ACE_PPE_Flag3_IRQHandler
                0x20000402                ACE_PPE_Flag4_IRQHandler
                0x20000404                ACE_PPE_Flag5_IRQHandler
                0x20000406                ACE_PPE_Flag6_IRQHandler
                0x20000408                ACE_PPE_Flag7_IRQHandler
                0x2000040a                ACE_PPE_Flag8_IRQHandler
                0x2000040c                ACE_PPE_Flag9_IRQHandler
                0x2000040e                ACE_PPE_Flag10_IRQHandler
                0x20000410                ACE_PPE_Flag11_IRQHandler
                0x20000412                ACE_PPE_Flag12_IRQHandler
                0x20000414                ACE_PPE_Flag13_IRQHandler
                0x20000416                ACE_PPE_Flag14_IRQHandler
                0x20000418                ACE_PPE_Flag15_IRQHandler
                0x2000041a                ACE_PPE_Flag16_IRQHandler
                0x2000041c                ACE_PPE_Flag17_IRQHandler
                0x2000041e                ACE_PPE_Flag18_IRQHandler
                0x20000420                ACE_PPE_Flag19_IRQHandler
                0x20000422                ACE_PPE_Flag20_IRQHandler
                0x20000424                ACE_PPE_Flag21_IRQHandler
                0x20000426                ACE_PPE_Flag22_IRQHandler
                0x20000428                ACE_PPE_Flag23_IRQHandler
                0x2000042a                ACE_PPE_Flag24_IRQHandler
                0x2000042c                ACE_PPE_Flag25_IRQHandler
                0x2000042e                ACE_PPE_Flag26_IRQHandler
                0x20000430                ACE_PPE_Flag27_IRQHandler
                0x20000432                ACE_PPE_Flag28_IRQHandler
                0x20000434                ACE_PPE_Flag29_IRQHandler
                0x20000436                ACE_PPE_Flag30_IRQHandler
                0x20000438                ACE_PPE_Flag31_IRQHandler
 *(.text .text.* .gnu.linkonce.t.*)
 .text          0x20000470       0x30 c:/actel/libero_v9.1/softconsole/sourcery-g++/bin/../lib/gcc/arm-none-eabi/4.4.1/thumb2/crtbegin.o
 .text.LCD_setSelectorPosition
                0x200004a0       0x3c ./lcd.o
                0x200004a0                LCD_setSelectorPosition
 .text.LCD_drawString
                0x200004dc       0x2c ./lcd.o
                0x200004dc                LCD_drawString
 .text.LCD_clearScreen
                0x20000508       0x14 ./lcd.o
                0x20000508                LCD_clearScreen
 .text.main     0x2000051c        0xc ./main.o
                0x2000051c                main
 .text.Menu_init
                0x20000528      0xa08 ./menu.o
                0x20000528                Menu_init
 .text.Menu_displayCurrentMenu
                0x20000f30       0xdc ./menu.o
                0x20000f30                Menu_displayCurrentMenu
 .text.Menu_setMenu
                0x2000100c       0x3c ./menu.o
                0x2000100c                Menu_setMenu
 .text.Menu_moveDown
                0x20001048       0x50 ./menu.o
                0x20001048                Menu_moveDown
 .text.Menu_moveUp
                0x20001098       0x40 ./menu.o
                0x20001098                Menu_moveUp
 .text.Menu_select
                0x200010d8       0x78 ./menu.o
                0x200010d8                Menu_select
 .text.Menu_getNoteString
                0x20001150       0x28 ./menu.o
                0x20001150                Menu_getNoteString
 .text.Menu_getIntString
                0x20001178       0x28 ./menu.o
                0x20001178                Menu_getIntString
 .text.Menu_waitForInput
                0x200011a0       0x6c ./menu.o
                0x200011a0                Menu_waitForInput
 .text.Menu_isAtRootMenu
                0x2000120c       0x28 ./menu.o
                0x2000120c                Menu_isAtRootMenu
 .text.Menu_goToParentMenu
                0x20001234       0x18 ./menu.o
                0x20001234                Menu_goToParentMenu
 .text.Menu_showInputWaitingScreen
                0x2000124c       0x48 ./menu.o
                0x2000124c                Menu_showInputWaitingScreen
 .text.MIDI_init
                0x20001294       0x20 ./midi.o
                0x20001294                MIDI_init
 .text.MIDI_sendMessage
                0x200012b4       0x28 ./midi.o
                0x200012b4                MIDI_sendMessage
 .text.MIDI_noteOn
                0x200012dc       0x4c ./midi.o
                0x200012dc                MIDI_noteOn
 .text.MIDI_noteOff
                0x20001328       0x48 ./midi.o
                0x20001328                MIDI_noteOff
 .text.MIDI_pitchWheelChange
                0x20001370       0x50 ./midi.o
                0x20001370                MIDI_pitchWheelChange
 .text.NVIC_EnableIRQ
                0x200013c0       0x38 ./suit.o
 .text.NVIC_ClearPendingIRQ
                0x200013f8       0x3c ./suit.o
 .text.MSS_GPIO_get_inputs
                0x20001434       0x18 ./suit.o
 .text.GPIO0_IRQHandler
                0x2000144c      0x1c0 ./suit.o
                0x2000144c                GPIO0_IRQHandler
 .text.GPIO1_IRQHandler
                0x2000160c      0x1b0 ./suit.o
                0x2000160c                GPIO1_IRQHandler
 .text.GPIO2_IRQHandler
                0x200017bc       0x50 ./suit.o
                0x200017bc                GPIO2_IRQHandler
 .text.GPIO3_IRQHandler
                0x2000180c       0x2c ./suit.o
                0x2000180c                GPIO3_IRQHandler
 .text.GPIO4_IRQHandler
                0x20001838       0x2c ./suit.o
                0x20001838                GPIO4_IRQHandler
 .text.GPIO5_IRQHandler
                0x20001864       0x2c ./suit.o
                0x20001864                GPIO5_IRQHandler
 .text.Suit_init
                0x20001890      0x350 ./suit.o
                0x20001890                Suit_init
 .text.Suit_handleMIDIMessage
                0x20001be0       0xdc ./suit.o
                0x20001be0                Suit_handleMIDIMessage
 .text.Suit_turnOnLightChannel
                0x20001cbc       0x40 ./suit.o
                0x20001cbc                Suit_turnOnLightChannel
 .text.Suit_turnOffLightChannel
                0x20001cfc       0x44 ./suit.o
                0x20001cfc                Suit_turnOffLightChannel
 .text.Suit_MIDIToLightChannel
                0x20001d40       0x48 ./suit.o
                0x20001d40                Suit_MIDIToLightChannel
 .text.Suit_newSensorValues
                0x20001d88       0xd4 ./suit.o
                0x20001d88                Suit_newSensorValues
 .text.Suit_capButtonPressed
                0x20001e5c      0x110 ./suit.o
                0x20001e5c                Suit_capButtonPressed
 .text.Suit_capButtonReleased
                0x20001f6c       0x54 ./suit.o
                0x20001f6c                Suit_capButtonReleased
 .text.Suit_CButton0Pressed
                0x20001fc0       0x80 ./suit.o
                0x20001fc0                Suit_CButton0Pressed
 .text.Suit_LPiezoPressed
                0x20002040       0x68 ./suit.o
                0x20002040                Suit_LPiezoPressed
 .text.Suit_RPiezoPressed
                0x200020a8       0x68 ./suit.o
                0x200020a8                Suit_RPiezoPressed
 .text.Suit_mapValue
                0x20002110       0x44 ./suit.o
                0x20002110                Suit_mapValue
 .text.Suit_setMode
                0x20002154       0x30 ./suit.o
                0x20002154                Suit_setMode
 .text.Suit_displayStatus
                0x20002184      0x1c4 ./suit.o
                0x20002184                Suit_displayStatus
 .text._close   0x20002348        0x8 N:/EECS373/WubSuit/Libero/SoftConsole/wubsuit_base_MSS_MSS_CM3_0/wubsuit_base_MSS_MSS_CM3_0_hw_platform/Debug/CMSIS/startup_gcc/newlib_stubs.o
                0x20002348                _close
 .text._exit    0x20002350        0x4 N:/EECS373/WubSuit/Libero/SoftConsole/wubsuit_base_MSS_MSS_CM3_0/wubsuit_base_MSS_MSS_CM3_0_hw_platform/Debug/CMSIS/startup_gcc/newlib_stubs.o
                0x20002350                _exit
 .text._fstat   0x20002354        0xc N:/EECS373/WubSuit/Libero/SoftConsole/wubsuit_base_MSS_MSS_CM3_0/wubsuit_base_MSS_MSS_CM3_0_hw_platform/Debug/CMSIS/startup_gcc/newlib_stubs.o
                0x20002354                _fstat
 .text._isatty  0x20002360        0x8 N:/EECS373/WubSuit/Libero/SoftConsole/wubsuit_base_MSS_MSS_CM3_0/wubsuit_base_MSS_MSS_CM3_0_hw_platform/Debug/CMSIS/startup_gcc/newlib_stubs.o
                0x20002360                _isatty
 .text._lseek   0x20002368        0x8 N:/EECS373/WubSuit/Libero/SoftConsole/wubsuit_base_MSS_MSS_CM3_0/wubsuit_base_MSS_MSS_CM3_0_hw_platform/Debug/CMSIS/startup_gcc/newlib_stubs.o
                0x20002368                _lseek
 .text._read    0x20002370        0x8 N:/EECS373/WubSuit/Libero/SoftConsole/wubsuit_base_MSS_MSS_CM3_0/wubsuit_base_MSS_MSS_CM3_0_hw_platform/Debug/CMSIS/startup_gcc/newlib_stubs.o
                0x20002370                _read
 .text._write_r
                0x20002378       0x48 N:/EECS373/WubSuit/Libero/SoftConsole/wubsuit_base_MSS_MSS_CM3_0/wubsuit_base_MSS_MSS_CM3_0_hw_platform/Debug/CMSIS/startup_gcc/newlib_stubs.o
                0x20002378                _write_r
 .text._sbrk    0x200023c0       0x64 N:/EECS373/WubSuit/Libero/SoftConsole/wubsuit_base_MSS_MSS_CM3_0/wubsuit_base_MSS_MSS_CM3_0_hw_platform/Debug/CMSIS/startup_gcc/newlib_stubs.o
                0x200023c0                _sbrk
 .text.MSS_UART_polled_tx
                0x20002424       0xac N:\EECS373\WubSuit\Libero\SoftConsole\wubsuit_base_MSS_MSS_CM3_0\wubsuit_base_MSS_MSS_CM3_0_hw_platform\Debug\libwubsuit_base_MSS_MSS_CM3_0_hw_platform.a(mss_uart.o)
                0x20002424                MSS_UART_polled_tx
 .text.MSS_UART_isr
                0x200024d0       0x70 N:\EECS373\WubSuit\Libero\SoftConsole\wubsuit_base_MSS_MSS_CM3_0\wubsuit_base_MSS_MSS_CM3_0_hw_platform\Debug\libwubsuit_base_MSS_MSS_CM3_0_hw_platform.a(mss_uart.o)
 .text.default_tx_handler
                0x20002540       0xa8 N:\EECS373\WubSuit\Libero\SoftConsole\wubsuit_base_MSS_MSS_CM3_0\wubsuit_base_MSS_MSS_CM3_0_hw_platform\Debug\libwubsuit_base_MSS_MSS_CM3_0_hw_platform.a(mss_uart.o)
 .text.UART0_IRQHandler
                0x200025e8       0x30 N:\EECS373\WubSuit\Libero\SoftConsole\wubsuit_base_MSS_MSS_CM3_0\wubsuit_base_MSS_MSS_CM3_0_hw_platform\Debug\libwubsuit_base_MSS_MSS_CM3_0_hw_platform.a(mss_uart.o)
                0x200025e8                UART0_IRQHandler
 .text.UART1_IRQHandler
                0x20002618       0x30 N:\EECS373\WubSuit\Libero\SoftConsole\wubsuit_base_MSS_MSS_CM3_0\wubsuit_base_MSS_MSS_CM3_0_hw_platform\Debug\libwubsuit_base_MSS_MSS_CM3_0_hw_platform.a(mss_uart.o)
                0x20002618                UART1_IRQHandler
 .text.MSS_UART_init
                0x20002648      0x150 N:\EECS373\WubSuit\Libero\SoftConsole\wubsuit_base_MSS_MSS_CM3_0\wubsuit_base_MSS_MSS_CM3_0_hw_platform\Debug\libwubsuit_base_MSS_MSS_CM3_0_hw_platform.a(mss_uart.o)
                0x20002648                MSS_UART_init
 .text.MSS_GPIO_init
                0x20002798       0x60 N:\EECS373\WubSuit\Libero\SoftConsole\wubsuit_base_MSS_MSS_CM3_0\wubsuit_base_MSS_MSS_CM3_0_hw_platform\Debug\libwubsuit_base_MSS_MSS_CM3_0_hw_platform.a(mss_gpio.o)
                0x20002798                MSS_GPIO_init
 .text.MSS_GPIO_config
                0x200027f8       0x18 N:\EECS373\WubSuit\Libero\SoftConsole\wubsuit_base_MSS_MSS_CM3_0\wubsuit_base_MSS_MSS_CM3_0_hw_platform\Debug\libwubsuit_base_MSS_MSS_CM3_0_hw_platform.a(mss_gpio.o)
                0x200027f8                MSS_GPIO_config
 .text.MSS_GPIO_enable_irq
                0x20002810       0x48 N:\EECS373\WubSuit\Libero\SoftConsole\wubsuit_base_MSS_MSS_CM3_0\wubsuit_base_MSS_MSS_CM3_0_hw_platform\Debug\libwubsuit_base_MSS_MSS_CM3_0_hw_platform.a(mss_gpio.o)
                0x20002810                MSS_GPIO_enable_irq
 .text.MSS_GPIO_clear_irq
                0x20002858       0x48 N:\EECS373\WubSuit\Libero\SoftConsole\wubsuit_base_MSS_MSS_CM3_0\wubsuit_base_MSS_MSS_CM3_0_hw_platform\Debug\libwubsuit_base_MSS_MSS_CM3_0_hw_platform.a(mss_gpio.o)
                0x20002858                MSS_GPIO_clear_irq
 .text.UART_get_rx
                0x200028a0      0x118 N:\EECS373\WubSuit\Libero\SoftConsole\wubsuit_base_MSS_MSS_CM3_0\wubsuit_base_MSS_MSS_CM3_0_hw_platform\Debug\libwubsuit_base_MSS_MSS_CM3_0_hw_platform.a(core_uart_apb.o)
                0x200028a0                UART_get_rx
 .text.UART_send
                0x200029b8       0xe4 N:\EECS373\WubSuit\Libero\SoftConsole\wubsuit_base_MSS_MSS_CM3_0\wubsuit_base_MSS_MSS_CM3_0_hw_platform\Debug\libwubsuit_base_MSS_MSS_CM3_0_hw_platform.a(core_uart_apb.o)
                0x200029b8                UART_send
 .text.UART_init
                0x20002a9c      0x1cc N:\EECS373\WubSuit\Libero\SoftConsole\wubsuit_base_MSS_MSS_CM3_0\wubsuit_base_MSS_MSS_CM3_0_hw_platform\Debug\libwubsuit_base_MSS_MSS_CM3_0_hw_platform.a(core_uart_apb.o)
                0x20002a9c                UART_init
 .text.SystemInit
                0x20002c68        0x4 N:\EECS373\WubSuit\Libero\SoftConsole\wubsuit_base_MSS_MSS_CM3_0\wubsuit_base_MSS_MSS_CM3_0_hw_platform\Debug\libwubsuit_base_MSS_MSS_CM3_0_hw_platform.a(system_a2fxxxm3.o)
                0x20002c68                SystemInit
 .text.SystemCoreClockUpdate
                0x20002c6c      0x130 N:\EECS373\WubSuit\Libero\SoftConsole\wubsuit_base_MSS_MSS_CM3_0\wubsuit_base_MSS_MSS_CM3_0_hw_platform\Debug\libwubsuit_base_MSS_MSS_CM3_0_hw_platform.a(system_a2fxxxm3.o)
                0x20002c6c                SystemCoreClockUpdate
 .text.HAL_assert_fail
                0x20002d9c       0x18 N:\EECS373\WubSuit\Libero\SoftConsole\wubsuit_base_MSS_MSS_CM3_0\wubsuit_base_MSS_MSS_CM3_0_hw_platform\Debug\libwubsuit_base_MSS_MSS_CM3_0_hw_platform.a(hal_assert.o)
                0x20002d9c                HAL_assert_fail
 .text          0x20002db4       0x90 N:\EECS373\WubSuit\Libero\SoftConsole\wubsuit_base_MSS_MSS_CM3_0\wubsuit_base_MSS_MSS_CM3_0_hw_platform\Debug\libwubsuit_base_MSS_MSS_CM3_0_hw_platform.a(hw_reg_access.o)
                0x20002db4                HW_set_32bit_reg
                0x20002db8                HW_get_32bit_reg
                0x20002dbc                HW_set_32bit_reg_field
                0x20002dd8                HW_get_32bit_reg_field
                0x20002de4                HW_set_16bit_reg
                0x20002de8                HW_get_16bit_reg
                0x20002dec                HW_set_16bit_reg_field
                0x20002e08                HW_get_16bit_reg_field
                0x20002e14                HW_set_8bit_reg
                0x20002e18                HW_get_8bit_reg
                0x20002e1c                HW_set_8bit_reg_field
                0x20002e38                HW_get_8bit_reg_field
 .text          0x20002e44       0x50 c:/actel/libero_v9.1/softconsole/sourcery-g++/bin/../lib/gcc/arm-none-eabi/4.4.1/../../../../arm-none-eabi/lib/thumb2\libc.a(lib_a-init.o)
                0x20002e44                __libc_init_array
 .text          0x20002e94       0x64 c:/actel/libero_v9.1/softconsole/sourcery-g++/bin/../lib/gcc/arm-none-eabi/4.4.1/../../../../arm-none-eabi/lib/thumb2\libc.a(lib_a-printf.o)
                0x20002e94                printf
                0x20002ecc                _printf_r
 .text          0x20002ef8     0x1940 c:/actel/libero_v9.1/softconsole/sourcery-g++/bin/../lib/gcc/arm-none-eabi/4.4.1/../../../../arm-none-eabi/lib/thumb2\libc.a(lib_a-vfprintf.o)
                0x20002f14                _vfprintf_r
                0x2000481c                vfprintf
 .text          0x20004838      0x104 c:/actel/libero_v9.1/softconsole/sourcery-g++/bin/../lib/gcc/arm-none-eabi/4.4.1/../../../../arm-none-eabi/lib/thumb2\libc.a(lib_a-wsetup.o)
                0x20004838                __swsetup_r
 *fill*         0x2000493c        0x4 00
 .text          0x20004940      0xfb8 c:/actel/libero_v9.1/softconsole/sourcery-g++/bin/../lib/gcc/arm-none-eabi/4.4.1/../../../../arm-none-eabi/lib/thumb2\libc.a(lib_a-dtoa.o)
                0x20004a60                _dtoa_r
 .text          0x200058f8      0x178 c:/actel/libero_v9.1/softconsole/sourcery-g++/bin/../lib/gcc/arm-none-eabi/4.4.1/../../../../arm-none-eabi/lib/thumb2\libc.a(lib_a-fflush.o)
                0x200058f8                _fflush_r
                0x20005a48                fflush
 .text          0x20005a70      0x1c8 c:/actel/libero_v9.1/softconsole/sourcery-g++/bin/../lib/gcc/arm-none-eabi/4.4.1/../../../../arm-none-eabi/lib/thumb2\libc.a(lib_a-findfp.o)
                0x20005a70                __sfp_lock_acquire
                0x20005a74                __sfp_lock_release
                0x20005a78                __sinit_lock_acquire
                0x20005a7c                __sinit_lock_release
                0x20005a88                __fp_unlock_all
                0x20005aa0                __fp_lock_all
                0x20005ab8                _cleanup_r
                0x20005ac4                _cleanup
                0x20005b20                __sfmoreglue
                0x20005b50                __sfp
                0x20005bd8                __sinit
 .text          0x20005c38      0x268 c:/actel/libero_v9.1/softconsole/sourcery-g++/bin/../lib/gcc/arm-none-eabi/4.4.1/../../../../arm-none-eabi/lib/thumb2\libc.a(lib_a-freer.o)
                0x20005c38                _malloc_trim_r
                0x20005ce0                _free_r
 .text          0x20005ea0      0x334 c:/actel/libero_v9.1/softconsole/sourcery-g++/bin/../lib/gcc/arm-none-eabi/4.4.1/../../../../arm-none-eabi/lib/thumb2\libc.a(lib_a-fvwrite.o)
                0x20005ea0                __sfvwrite_r
 .text          0x200061d4       0xa0 c:/actel/libero_v9.1/softconsole/sourcery-g++/bin/../lib/gcc/arm-none-eabi/4.4.1/../../../../arm-none-eabi/lib/thumb2\libc.a(lib_a-fwalk.o)
                0x200061d4                _fwalk_reent
                0x20006228                _fwalk
 .text          0x20006274       0x74 c:/actel/libero_v9.1/softconsole/sourcery-g++/bin/../lib/gcc/arm-none-eabi/4.4.1/../../../../arm-none-eabi/lib/thumb2\libc.a(lib_a-locale.o)
                0x20006274                __locale_charset
                0x20006280                _localeconv_r
                0x20006288                localeconv
                0x20006290                _setlocale_r
                0x200062d8                setlocale
 .text          0x200062e8       0xdc c:/actel/libero_v9.1/softconsole/sourcery-g++/bin/../lib/gcc/arm-none-eabi/4.4.1/../../../../arm-none-eabi/lib/thumb2\libc.a(lib_a-makebuf.o)
                0x200062e8                __smakebuf_r
 .text          0x200063c4       0x20 c:/actel/libero_v9.1/softconsole/sourcery-g++/bin/../lib/gcc/arm-none-eabi/4.4.1/../../../../arm-none-eabi/lib/thumb2\libc.a(lib_a-malloc.o)
                0x200063c4                free
                0x200063d4                malloc
 .text          0x200063e4      0x5a4 c:/actel/libero_v9.1/softconsole/sourcery-g++/bin/../lib/gcc/arm-none-eabi/4.4.1/../../../../arm-none-eabi/lib/thumb2\libc.a(lib_a-mallocr.o)
                0x200063e4                _malloc_r
 .text          0x20006988       0x74 c:/actel/libero_v9.1/softconsole/sourcery-g++/bin/../lib/gcc/arm-none-eabi/4.4.1/../../../../arm-none-eabi/lib/thumb2\libc.a(lib_a-memchr.o)
                0x20006988                memchr
 .text          0x200069fc      0x190 c:/actel/libero_v9.1/softconsole/sourcery-g++/bin/../lib/gcc/arm-none-eabi/4.4.1/../../../../arm-none-eabi/lib/thumb2\libc.a(lib_a-memcpy.o)
                0x200069fc                memcpy
 .text          0x20006b8c       0xb8 c:/actel/libero_v9.1/softconsole/sourcery-g++/bin/../lib/gcc/arm-none-eabi/4.4.1/../../../../arm-none-eabi/lib/thumb2\libc.a(lib_a-memmove.o)
                0x20006b8c                memmove
 .text          0x20006c44       0xd4 c:/actel/libero_v9.1/softconsole/sourcery-g++/bin/../lib/gcc/arm-none-eabi/4.4.1/../../../../arm-none-eabi/lib/thumb2\libc.a(lib_a-memset.o)
                0x20006c44                memset
 .text          0x20006d18        0x8 c:/actel/libero_v9.1/softconsole/sourcery-g++/bin/../lib/gcc/arm-none-eabi/4.4.1/../../../../arm-none-eabi/lib/thumb2\libc.a(lib_a-mlock.o)
                0x20006d18                __malloc_lock
                0x20006d1c                __malloc_unlock
 .text          0x20006d20      0x958 c:/actel/libero_v9.1/softconsole/sourcery-g++/bin/../lib/gcc/arm-none-eabi/4.4.1/../../../../arm-none-eabi/lib/thumb2\libc.a(lib_a-mprec.o)
                0x20006d20                __hi0bits
                0x20006d60                __lo0bits
                0x20006dc4                __mcmp
                0x20006e04                __ulp
                0x20006e50                __b2d
                0x20006ef8                __ratio
                0x20006f58                _mprec_log10
                0x20006f90                __copybits
                0x20006fe0                __any_on
                0x20007038                _Bfree
                0x20007070                _Balloc
                0x200070dc                __d2b
                0x200071ac                __mdiff
                0x200072a4                __lshift
                0x20007360                __multiply
                0x20007494                __i2b
                0x200074a8                __multadd
                0x20007530                __pow5mult
                0x200075dc                __s2b
 .text          0x20007678      0x3b4 c:/actel/libero_v9.1/softconsole/sourcery-g++/bin/../lib/gcc/arm-none-eabi/4.4.1/../../../../arm-none-eabi/lib/thumb2\libc.a(lib_a-reallocr.o)
                0x20007678                _realloc_r
 .text          0x20007a2c       0x24 c:/actel/libero_v9.1/softconsole/sourcery-g++/bin/../lib/gcc/arm-none-eabi/4.4.1/../../../../arm-none-eabi/lib/thumb2\libc.a(lib_a-s_isinfd.o)
                0x20007a2c                __isinfd
 .text          0x20007a50       0x1c c:/actel/libero_v9.1/softconsole/sourcery-g++/bin/../lib/gcc/arm-none-eabi/4.4.1/../../../../arm-none-eabi/lib/thumb2\libc.a(lib_a-s_isnand.o)
                0x20007a50                __isnand
 .text          0x20007a6c       0x28 c:/actel/libero_v9.1/softconsole/sourcery-g++/bin/../lib/gcc/arm-none-eabi/4.4.1/../../../../arm-none-eabi/lib/thumb2\libc.a(lib_a-sbrkr.o)
                0x20007a6c                _sbrk_r
 .text          0x20007a94       0x90 c:/actel/libero_v9.1/softconsole/sourcery-g++/bin/../lib/gcc/arm-none-eabi/4.4.1/../../../../arm-none-eabi/lib/thumb2\libc.a(lib_a-stdio.o)
                0x20007a94                __sclose
                0x20007a9c                __sseek
                0x20007ac4                __swrite
                0x20007b00                __sread
 .text          0x20007b24      0x1dc c:/actel/libero_v9.1/softconsole/sourcery-g++/bin/../lib/gcc/arm-none-eabi/4.4.1/../../../../arm-none-eabi/lib/thumb2\libc.a(lib_a-strcmp.o)
                0x20007b24                strcmp
 .text          0x20007d00       0x60 c:/actel/libero_v9.1/softconsole/sourcery-g++/bin/../lib/gcc/arm-none-eabi/4.4.1/../../../../arm-none-eabi/lib/thumb2\libc.a(lib_a-strlen.o)
                0x20007d00                strlen
 .text          0x20007d60       0x5c c:/actel/libero_v9.1/softconsole/sourcery-g++/bin/../lib/gcc/arm-none-eabi/4.4.1/../../../../arm-none-eabi/lib/thumb2\libc.a(lib_a-callocr.o)
                0x20007d60                _calloc_r
 .text          0x20007dbc       0x28 c:/actel/libero_v9.1/softconsole/sourcery-g++/bin/../lib/gcc/arm-none-eabi/4.4.1/../../../../arm-none-eabi/lib/thumb2\libc.a(lib_a-closer.o)
                0x20007dbc                _close_r
 .text          0x20007de4       0xcc c:/actel/libero_v9.1/softconsole/sourcery-g++/bin/../lib/gcc/arm-none-eabi/4.4.1/../../../../arm-none-eabi/lib/thumb2\libc.a(lib_a-fclose.o)
                0x20007de4                _fclose_r
                0x20007ea0                fclose
 .text          0x20007eb0       0x2c c:/actel/libero_v9.1/softconsole/sourcery-g++/bin/../lib/gcc/arm-none-eabi/4.4.1/../../../../arm-none-eabi/lib/thumb2\libc.a(lib_a-fstatr.o)
                0x20007eb0                _fstat_r
 .text          0x20007edc       0x28 c:/actel/libero_v9.1/softconsole/sourcery-g++/bin/../lib/gcc/arm-none-eabi/4.4.1/../../../../arm-none-eabi/lib/thumb2\libc.a(lib_a-isattyr.o)
                0x20007edc                _isatty_r
 .text          0x20007f04       0x2c c:/actel/libero_v9.1/softconsole/sourcery-g++/bin/../lib/gcc/arm-none-eabi/4.4.1/../../../../arm-none-eabi/lib/thumb2\libc.a(lib_a-lseekr.o)
                0x20007f04                _lseek_r
 .text          0x20007f30       0x2c c:/actel/libero_v9.1/softconsole/sourcery-g++/bin/../lib/gcc/arm-none-eabi/4.4.1/../../../../arm-none-eabi/lib/thumb2\libc.a(lib_a-readr.o)
                0x20007f30                _read_r
 *fill*         0x20007f5c        0x4 00
 .text          0x20007f60      0x278 c:/actel/libero_v9.1/softconsole/sourcery-g++/bin/../lib/gcc/arm-none-eabi/4.4.1/thumb2\libgcc.a(_udivsi3.o)
                0x20007f60                __aeabi_uidiv
                0x20007f60                __udivsi3
                0x200081bc                __aeabi_uidivmod
 .text          0x200081d8        0x4 c:/actel/libero_v9.1/softconsole/sourcery-g++/bin/../lib/gcc/arm-none-eabi/4.4.1/thumb2\libgcc.a(_dvmd_tls.o)
                0x200081d8                __aeabi_idiv0
                0x200081d8                __aeabi_ldiv0
 .text          0x200081dc      0x370 c:/actel/libero_v9.1/softconsole/sourcery-g++/bin/../lib/gcc/arm-none-eabi/4.4.1/thumb2\libgcc.a(_arm_addsubdf3.o)
                0x200081dc                __aeabi_drsub
                0x200081e4                __aeabi_dsub
                0x200081e4                __subdf3
                0x200081e8                __aeabi_dadd
                0x200081e8                __adddf3
                0x20008460                __floatunsidf
                0x20008460                __aeabi_ui2d
                0x20008480                __floatsidf
                0x20008480                __aeabi_i2d
                0x200084a4                __aeabi_f2d
                0x200084a4                __extendsfdf2
                0x200084e0                __floatundidf
                0x200084e0                __aeabi_ul2d
                0x200084f0                __floatdidf
                0x200084f0                __aeabi_l2d
 .text          0x2000854c      0x424 c:/actel/libero_v9.1/softconsole/sourcery-g++/bin/../lib/gcc/arm-none-eabi/4.4.1/thumb2\libgcc.a(_arm_muldivdf3.o)
                0x2000854c                __aeabi_dmul
                0x2000854c                __muldf3
                0x200087a0                __divdf3
                0x200087a0                __aeabi_ddiv
 .text          0x20008970      0x110 c:/actel/libero_v9.1/softconsole/sourcery-g++/bin/../lib/gcc/arm-none-eabi/4.4.1/thumb2\libgcc.a(_arm_cmpdf2.o)
                0x20008970                __gtdf2
                0x20008970                __gedf2
                0x20008978                __ltdf2
                0x20008978                __ledf2
                0x20008980                __nedf2
                0x20008980                __eqdf2
                0x20008980                __cmpdf2
                0x200089fc                __aeabi_cdrcmple
                0x20008a0c                __aeabi_cdcmpeq
                0x20008a0c                __aeabi_cdcmple
                0x20008a1c                __aeabi_dcmpeq
                0x20008a30                __aeabi_dcmplt
                0x20008a44                __aeabi_dcmple
                0x20008a58                __aeabi_dcmpge
                0x20008a6c                __aeabi_dcmpgt
 .text          0x20008a80       0x50 c:/actel/libero_v9.1/softconsole/sourcery-g++/bin/../lib/gcc/arm-none-eabi/4.4.1/thumb2\libgcc.a(_arm_fixdfsi.o)
                0x20008a80                __aeabi_d2iz
                0x20008a80                __fixdfsi
 .text          0x20008ad0       0x2c c:/actel/libero_v9.1/softconsole/sourcery-g++/bin/../lib/gcc/arm-none-eabi/4.4.1/thumb2\libgcc.a(_aeabi_uldivmod.o)
                0x20008ad0                __aeabi_uldivmod
 .text          0x20008afc       0x58 c:/actel/libero_v9.1/softconsole/sourcery-g++/bin/../lib/gcc/arm-none-eabi/4.4.1/thumb2\libgcc.a(bpabi.o)
                0x20008afc                __gnu_uldivmod_helper
                0x20008b28                __gnu_ldivmod_helper
 .text          0x20008b54      0x364 c:/actel/libero_v9.1/softconsole/sourcery-g++/bin/../lib/gcc/arm-none-eabi/4.4.1/thumb2\libgcc.a(_divdi3.o)
                0x20008b54                __divdi3
 .text          0x20008eb8      0x300 c:/actel/libero_v9.1/softconsole/sourcery-g++/bin/../lib/gcc/arm-none-eabi/4.4.1/thumb2\libgcc.a(_udivdi3.o)
                0x20008eb8                __udivdi3
 *(.plt)
 *(.gnu.warning)
 *(.glue_7t)
 .glue_7t       0x00000000        0x0 linker stubs
 *(.glue_7)
 .glue_7        0x00000000        0x0 linker stubs
 *(.vfp11_veneer)
 .vfp11_veneer  0x00000000        0x0 linker stubs
                0x200091b8                . = ALIGN (0x4)
 *crtbegin.o(.ctors)
 *(EXCLUDE_FILE(*crtend.o) .ctors)
 *(SORT(.ctors.*))
 *crtend.o(.ctors)
 *crtbegin.o(.dtors)
 *(EXCLUDE_FILE(*crtend.o) .dtors)
 *(SORT(.dtors.*))
 *crtend.o(.dtors)
 *(.rodata .rodata.* .gnu.linkonce.r.*)
 .rodata        0x200091b8       0x50 ./lcd.o
 .rodata        0x20009208      0x774 ./menu.o
 .rodata        0x2000997c      0x750 ./suit.o
 .rodata.str1.4
                0x2000a0cc       0x1a N:/EECS373/WubSuit/Libero/SoftConsole/wubsuit_base_MSS_MSS_CM3_0/wubsuit_base_MSS_MSS_CM3_0_hw_platform/Debug/CMSIS/startup_gcc/newlib_stubs.o
                                 0x1c (size before relaxing)
 *fill*         0x2000a0e6        0x2 00
 .rodata.g_gpio_irqn_lut
                0x2000a0e8       0x40 N:\EECS373\WubSuit\Libero\SoftConsole\wubsuit_base_MSS_MSS_CM3_0\wubsuit_base_MSS_MSS_CM3_0_hw_platform\Debug\libwubsuit_base_MSS_MSS_CM3_0_hw_platform.a(mss_gpio.o)
 .rodata.g_config_reg_lut
                0x2000a128       0x80 N:\EECS373\WubSuit\Libero\SoftConsole\wubsuit_base_MSS_MSS_CM3_0\wubsuit_base_MSS_MSS_CM3_0_hw_platform\Debug\libwubsuit_base_MSS_MSS_CM3_0_hw_platform.a(mss_gpio.o)
 .rodata.str1.4
                0x2000a1a8       0x27 N:\EECS373\WubSuit\Libero\SoftConsole\wubsuit_base_MSS_MSS_CM3_0\wubsuit_base_MSS_MSS_CM3_0_hw_platform\Debug\libwubsuit_base_MSS_MSS_CM3_0_hw_platform.a(core_uart_apb.o)
                                 0x28 (size before relaxing)
 *fill*         0x2000a1cf        0x1 00
 .rodata.C.16.2565
                0x2000a1d0       0x10 N:\EECS373\WubSuit\Libero\SoftConsole\wubsuit_base_MSS_MSS_CM3_0\wubsuit_base_MSS_MSS_CM3_0_hw_platform\Debug\libwubsuit_base_MSS_MSS_CM3_0_hw_platform.a(system_a2fxxxm3.o)
 .rodata        0x2000a1e0        0x4 c:/actel/libero_v9.1/softconsole/sourcery-g++/bin/../lib/gcc/arm-none-eabi/4.4.1/../../../../arm-none-eabi/lib/thumb2\libc.a(lib_a-impure.o)
                0x2000a1e0                _global_impure_ptr
 .rodata.str1.4
                0x2000a1e4        0x2 c:/actel/libero_v9.1/softconsole/sourcery-g++/bin/../lib/gcc/arm-none-eabi/4.4.1/../../../../arm-none-eabi/lib/thumb2\libc.a(lib_a-impure.o)
                                  0x4 (size before relaxing)
 *fill*         0x2000a1e6        0x2 00
 .rodata        0x2000a1e8       0x20 c:/actel/libero_v9.1/softconsole/sourcery-g++/bin/../lib/gcc/arm-none-eabi/4.4.1/../../../../arm-none-eabi/lib/thumb2\libc.a(lib_a-vfprintf.o)
 .rodata.str1.4
                0x2000a208       0x42 c:/actel/libero_v9.1/softconsole/sourcery-g++/bin/../lib/gcc/arm-none-eabi/4.4.1/../../../../arm-none-eabi/lib/thumb2\libc.a(lib_a-vfprintf.o)
                                 0x44 (size before relaxing)
 *fill*         0x2000a24a        0x2 00
 .rodata.str1.4
                0x2000a24c       0x10 c:/actel/libero_v9.1/softconsole/sourcery-g++/bin/../lib/gcc/arm-none-eabi/4.4.1/../../../../arm-none-eabi/lib/thumb2\libc.a(lib_a-dtoa.o)
                                 0x14 (size before relaxing)
 .rodata        0x2000a25c       0x60 c:/actel/libero_v9.1/softconsole/sourcery-g++/bin/../lib/gcc/arm-none-eabi/4.4.1/../../../../arm-none-eabi/lib/thumb2\libc.a(lib_a-findfp.o)
                0x2000a25c                __sf_fake_stdin
                0x2000a27c                __sf_fake_stdout
                0x2000a29c                __sf_fake_stderr
 .rodata        0x2000a2bc       0x34 c:/actel/libero_v9.1/softconsole/sourcery-g++/bin/../lib/gcc/arm-none-eabi/4.4.1/../../../../arm-none-eabi/lib/thumb2\libc.a(lib_a-locale.o)
 .rodata.str1.4
                0x2000a2f0       0x10 c:/actel/libero_v9.1/softconsole/sourcery-g++/bin/../lib/gcc/arm-none-eabi/4.4.1/../../../../arm-none-eabi/lib/thumb2\libc.a(lib_a-locale.o)
                                 0x18 (size before relaxing)
 .rodata        0x2000a300      0x128 c:/actel/libero_v9.1/softconsole/sourcery-g++/bin/../lib/gcc/arm-none-eabi/4.4.1/../../../../arm-none-eabi/lib/thumb2\libc.a(lib_a-mprec.o)
                0x2000a300                __mprec_tens
                0x2000a3d8                __mprec_bigtens
                0x2000a400                __mprec_tinytens
 *(.ARM.extab* .gnu.linkonce.armextab.*)
 *(.gcc_except_table)
 *(.eh_frame_hdr)
 *(.eh_frame)
 *(.init)
 .init          0x2000a428        0x4 c:/actel/libero_v9.1/softconsole/sourcery-g++/bin/../lib/gcc/arm-none-eabi/4.4.1/thumb2/crti.o
                0x2000a428                _init
 .init          0x2000a42c        0x8 c:/actel/libero_v9.1/softconsole/sourcery-g++/bin/../lib/gcc/arm-none-eabi/4.4.1/thumb2/crtn.o
 *(.fini)
 .fini          0x2000a434        0x4 c:/actel/libero_v9.1/softconsole/sourcery-g++/bin/../lib/gcc/arm-none-eabi/4.4.1/thumb2/crti.o
                0x2000a434                _fini
 .fini          0x2000a438        0x8 c:/actel/libero_v9.1/softconsole/sourcery-g++/bin/../lib/gcc/arm-none-eabi/4.4.1/thumb2/crtn.o
                0x2000a440                PROVIDE (__preinit_array_start, .)
 *(.preinit_array)
                0x2000a440                PROVIDE (__preinit_array_end, .)
                0x2000a440                PROVIDE (__init_array_start, .)
 *(SORT(.init_array.*))
 *(.init_array)
 .init_array    0x2000a440        0x4 c:/actel/libero_v9.1/softconsole/sourcery-g++/bin/../lib/gcc/arm-none-eabi/4.4.1/thumb2/crtbegin.o
                0x2000a444                PROVIDE (__init_array_end, .)
                0x2000a444                PROVIDE (__fini_array_start, .)
 *(.fini_array)
 .fini_array    0x2000a444        0x4 c:/actel/libero_v9.1/softconsole/sourcery-g++/bin/../lib/gcc/arm-none-eabi/4.4.1/thumb2/crtbegin.o
 *(SORT(.fini_array.*))
                0x2000a448                PROVIDE (__fini_array_end, .)
                0x2000a448                __exidx_start = .

.v4_bx          0x2000a448        0x0
 .v4_bx         0x00000000        0x0 linker stubs

.ARM.exidx      0x2000a448        0x8
 *(.ARM.exidx* .gnu.linkonce.armexidx.*)
 .ARM.exidx     0x2000a448        0x8 c:/actel/libero_v9.1/softconsole/sourcery-g++/bin/../lib/gcc/arm-none-eabi/4.4.1/thumb2\libgcc.a(_divdi3.o)
 .ARM.exidx     0x2000a450        0x0 c:/actel/libero_v9.1/softconsole/sourcery-g++/bin/../lib/gcc/arm-none-eabi/4.4.1/thumb2\libgcc.a(_udivdi3.o)
                                  0x8 (size before relaxing)
                0x2000a450                __exidx_end = .
                0x2000a450                _etext = .
                0x2000a450                PROVIDE (__text_end, .)

.data           0x2000a450     0x1120
                0x2000a450                __data_load = LOADADDR (.data)
                0x2000a450                _sidata = LOADADDR (.data)
                0x2000a450                __data_start = .
                0x2000a450                _sdata = .
 *(.jcr)
 .jcr           0x2000a450        0x0 c:/actel/libero_v9.1/softconsole/sourcery-g++/bin/../lib/gcc/arm-none-eabi/4.4.1/thumb2/crtbegin.o
 .jcr           0x2000a450        0x4 c:/actel/libero_v9.1/softconsole/sourcery-g++/bin/../lib/gcc/arm-none-eabi/4.4.1/thumb2/crtend.o
 *(.got.plt)
 *(.got)
 *(.shdata)
 *(.data .data.* .gnu.linkonce.d.*)
 .data.NoteNames
                0x2000a454      0x200 ./menu.o
 .data.IntNames
                0x2000a654      0x400 ./menu.o
 .data.NoteNames
                0x2000aa54      0x200 ./suit.o
 .data.IntNames
                0x2000ac54      0x400 ./suit.o
 .data.g_FrequencyACE
                0x2000b054        0x4 N:\EECS373\WubSuit\Libero\SoftConsole\wubsuit_base_MSS_MSS_CM3_0\wubsuit_base_MSS_MSS_CM3_0_hw_platform\Debug\libwubsuit_base_MSS_MSS_CM3_0_hw_platform.a(system_a2fxxxm3.o)
                0x2000b054                g_FrequencyACE
 .data.g_FrequencyFPGA
                0x2000b058        0x4 N:\EECS373\WubSuit\Libero\SoftConsole\wubsuit_base_MSS_MSS_CM3_0\wubsuit_base_MSS_MSS_CM3_0_hw_platform\Debug\libwubsuit_base_MSS_MSS_CM3_0_hw_platform.a(system_a2fxxxm3.o)
                0x2000b058                g_FrequencyFPGA
 .data.g_FrequencyPCLK0
                0x2000b05c        0x4 N:\EECS373\WubSuit\Libero\SoftConsole\wubsuit_base_MSS_MSS_CM3_0\wubsuit_base_MSS_MSS_CM3_0_hw_platform\Debug\libwubsuit_base_MSS_MSS_CM3_0_hw_platform.a(system_a2fxxxm3.o)
                0x2000b05c                g_FrequencyPCLK0
 .data.g_FrequencyPCLK1
                0x2000b060        0x4 N:\EECS373\WubSuit\Libero\SoftConsole\wubsuit_base_MSS_MSS_CM3_0\wubsuit_base_MSS_MSS_CM3_0_hw_platform\Debug\libwubsuit_base_MSS_MSS_CM3_0_hw_platform.a(system_a2fxxxm3.o)
                0x2000b060                g_FrequencyPCLK1
 .data.SystemCoreClock
                0x2000b064        0x4 N:\EECS373\WubSuit\Libero\SoftConsole\wubsuit_base_MSS_MSS_CM3_0\wubsuit_base_MSS_MSS_CM3_0_hw_platform\Debug\libwubsuit_base_MSS_MSS_CM3_0_hw_platform.a(system_a2fxxxm3.o)
                0x2000b064                SystemCoreClock
 .data.SystemFrequency
                0x2000b068        0x4 N:\EECS373\WubSuit\Libero\SoftConsole\wubsuit_base_MSS_MSS_CM3_0\wubsuit_base_MSS_MSS_CM3_0_hw_platform\Debug\libwubsuit_base_MSS_MSS_CM3_0_hw_platform.a(system_a2fxxxm3.o)
                0x2000b068                SystemFrequency
 .data          0x2000b06c       0xf4 c:/actel/libero_v9.1/softconsole/sourcery-g++/bin/../lib/gcc/arm-none-eabi/4.4.1/../../../../arm-none-eabi/lib/thumb2\libc.a(lib_a-impure.o)
                0x2000b06c                _impure_ptr
 .data          0x2000b160      0x410 c:/actel/libero_v9.1/softconsole/sourcery-g++/bin/../lib/gcc/arm-none-eabi/4.4.1/../../../../arm-none-eabi/lib/thumb2\libc.a(lib_a-mallocr.o)
                0x2000b160                __malloc_av_
                0x2000b568                __malloc_sbrk_base
                0x2000b56c                __malloc_trim_threshold
                0x2000b570                . = ALIGN (0x4)
                0x2000b570                _edata = .

.bss            0x2000b570      0x7a0
                0x2000b570                __bss_start__ = .
                0x2000b570                _sbss = .
 *(.shbss)
 *(.bss .bss.* .gnu.linkonce.b.*)
 .bss           0x2000b570        0x1 c:/actel/libero_v9.1/softconsole/sourcery-g++/bin/../lib/gcc/arm-none-eabi/4.4.1/thumb2/crtbegin.o
 .bss.LCD_selectorPosition
                0x2000b571        0x1 ./lcd.o
                0x2000b571                LCD_selectorPosition
 *fill*         0x2000b572        0x2 00
 .bss.g_stdio_uart_init_done
                0x2000b574        0x4 N:/EECS373/WubSuit/Libero/SoftConsole/wubsuit_base_MSS_MSS_CM3_0/wubsuit_base_MSS_MSS_CM3_0_hw_platform/Debug/CMSIS/startup_gcc/newlib_stubs.o
 .bss.heap_end.3583
                0x2000b578        0x4 N:/EECS373/WubSuit/Libero/SoftConsole/wubsuit_base_MSS_MSS_CM3_0/wubsuit_base_MSS_MSS_CM3_0_hw_platform/Debug/CMSIS/startup_gcc/newlib_stubs.o
 .bss           0x2000b57c       0x34 c:/actel/libero_v9.1/softconsole/sourcery-g++/bin/../lib/gcc/arm-none-eabi/4.4.1/../../../../arm-none-eabi/lib/thumb2\libc.a(lib_a-mallocr.o)
                0x2000b57c                __malloc_top_pad
                0x2000b580                __malloc_current_mallinfo
                0x2000b5a8                __malloc_max_sbrked_mem
                0x2000b5ac                __malloc_max_total_mem
 *(COMMON)
 COMMON         0x2000b5b0      0x6b4 ./menu.o
                0x2000b5b0                selectedMenu
                0x2000b5b4                menus
                0x2000bc58                currentMenu
                0x2000bc5c                suitStatePtr
                0x2000bc60                settingsPtr
 COMMON         0x2000bc64        0x4 ./midi.o
                0x2000bc64                uartInstance
 COMMON         0x2000bc68       0x50 ./suit.o
                0x2000bc68                midiState
                0x2000bc70                settings
                0x2000bc90                XBee_uart
                0x2000bc98                suitState
                0x2000bca4                xbeeState
                0x2000bcb0                MIDI_uart
 COMMON         0x2000bcb8       0x50 N:\EECS373\WubSuit\Libero\SoftConsole\wubsuit_base_MSS_MSS_CM3_0\wubsuit_base_MSS_MSS_CM3_0_hw_platform\Debug\libwubsuit_base_MSS_MSS_CM3_0_hw_platform.a(mss_uart.o)
                0x2000bcb8                g_mss_uart1
                0x2000bce0                g_mss_uart0
 COMMON         0x2000bd08        0x4 c:/actel/libero_v9.1/softconsole/sourcery-g++/bin/../lib/gcc/arm-none-eabi/4.4.1/../../../../arm-none-eabi/lib/thumb2\libc.a(lib_a-reent.o)
                0x2000bd08                errno
                0x2000bd10                . = ALIGN (0x8)
 *fill*         0x2000bd0c        0x4 00
                0x2000bd10                __bss_end__ = .
                0x2000bd10                _end = .
                0x2000bd10                __end = _end
                0x2000bd10                _ebss = .
                0x2000bd10                PROVIDE (end, .)

.stack          0x2000bd10     0x3000
                0x2000bd10                . = ALIGN (0x4)
                0x2000cd10                . = (. + PROCESS_STACK_SIZE)
 *fill*         0x2000bd10     0x1000 00
                0x2000cd10                . = ALIGN (0x4)
                0x2000ed10                . = (. + MAIN_STACK_SIZE)
 *fill*         0x2000cd10     0x2000 00
                0x2000ed10                . = ALIGN (0x4)

.stab
 *(.stab)

.stabstr
 *(.stabstr)

.debug
 *(.debug)

.line
 *(.line)

.debug_srcinfo
 *(.debug_srcinfo)

.debug_sfnames
 *(.debug_sfnames)

.comment        0x00000000      0x1d9
 .comment       0x00000000       0x2b ./lcd.o
 .comment       0x0000002b       0x2b ./main.o
 .comment       0x00000056       0x2b ./menu.o
 .comment       0x00000081       0x2b ./midi.o
 .comment       0x000000ac       0x2b ./suit.o
 .comment       0x000000d7       0x2b N:/EECS373/WubSuit/Libero/SoftConsole/wubsuit_base_MSS_MSS_CM3_0/wubsuit_base_MSS_MSS_CM3_0_hw_platform/Debug/CMSIS/startup_gcc/newlib_stubs.o
 .comment       0x00000102       0x2b N:\EECS373\WubSuit\Libero\SoftConsole\wubsuit_base_MSS_MSS_CM3_0\wubsuit_base_MSS_MSS_CM3_0_hw_platform\Debug\libwubsuit_base_MSS_MSS_CM3_0_hw_platform.a(mss_uart.o)
 .comment       0x0000012d       0x2b N:\EECS373\WubSuit\Libero\SoftConsole\wubsuit_base_MSS_MSS_CM3_0\wubsuit_base_MSS_MSS_CM3_0_hw_platform\Debug\libwubsuit_base_MSS_MSS_CM3_0_hw_platform.a(mss_gpio.o)
 .comment       0x00000158       0x2b N:\EECS373\WubSuit\Libero\SoftConsole\wubsuit_base_MSS_MSS_CM3_0\wubsuit_base_MSS_MSS_CM3_0_hw_platform\Debug\libwubsuit_base_MSS_MSS_CM3_0_hw_platform.a(core_uart_apb.o)
 .comment       0x00000183       0x2b N:\EECS373\WubSuit\Libero\SoftConsole\wubsuit_base_MSS_MSS_CM3_0\wubsuit_base_MSS_MSS_CM3_0_hw_platform\Debug\libwubsuit_base_MSS_MSS_CM3_0_hw_platform.a(system_a2fxxxm3.o)
 .comment       0x000001ae       0x2b N:\EECS373\WubSuit\Libero\SoftConsole\wubsuit_base_MSS_MSS_CM3_0\wubsuit_base_MSS_MSS_CM3_0_hw_platform\Debug\libwubsuit_base_MSS_MSS_CM3_0_hw_platform.a(hal_assert.o)

.debug_aranges  0x00000000      0x438
 *(.debug_aranges)
 .debug_aranges
                0x00000000       0x30 ./lcd.o
 .debug_aranges
                0x00000030       0x20 ./main.o
 .debug_aranges
                0x00000050       0x80 ./menu.o
 .debug_aranges
                0x000000d0       0x50 ./midi.o
 .debug_aranges
                0x00000120       0xd0 ./suit.o
 .debug_aranges
                0x000001f0       0xa8 N:/EECS373/WubSuit/Libero/SoftConsole/wubsuit_base_MSS_MSS_CM3_0/wubsuit_base_MSS_MSS_CM3_0_hw_platform/Debug/CMSIS/startup_gcc/newlib_stubs.o
 .debug_aranges
                0x00000298       0xc0 N:\EECS373\WubSuit\Libero\SoftConsole\wubsuit_base_MSS_MSS_CM3_0\wubsuit_base_MSS_MSS_CM3_0_hw_platform\Debug\libwubsuit_base_MSS_MSS_CM3_0_hw_platform.a(mss_uart.o)
 .debug_aranges
                0x00000358       0x50 N:\EECS373\WubSuit\Libero\SoftConsole\wubsuit_base_MSS_MSS_CM3_0\wubsuit_base_MSS_MSS_CM3_0_hw_platform\Debug\libwubsuit_base_MSS_MSS_CM3_0_hw_platform.a(mss_gpio.o)
 .debug_aranges
                0x000003a8       0x48 N:\EECS373\WubSuit\Libero\SoftConsole\wubsuit_base_MSS_MSS_CM3_0\wubsuit_base_MSS_MSS_CM3_0_hw_platform\Debug\libwubsuit_base_MSS_MSS_CM3_0_hw_platform.a(core_uart_apb.o)
 .debug_aranges
                0x000003f0       0x28 N:\EECS373\WubSuit\Libero\SoftConsole\wubsuit_base_MSS_MSS_CM3_0\wubsuit_base_MSS_MSS_CM3_0_hw_platform\Debug\libwubsuit_base_MSS_MSS_CM3_0_hw_platform.a(system_a2fxxxm3.o)
 .debug_aranges
                0x00000418       0x20 N:\EECS373\WubSuit\Libero\SoftConsole\wubsuit_base_MSS_MSS_CM3_0\wubsuit_base_MSS_MSS_CM3_0_hw_platform\Debug\libwubsuit_base_MSS_MSS_CM3_0_hw_platform.a(hal_assert.o)

.debug_pubnames
                0x00000000      0x9f4
 *(.debug_pubnames)
 .debug_pubnames
                0x00000000       0x6e ./lcd.o
 .debug_pubnames
                0x0000006e       0x1b ./main.o
 .debug_pubnames
                0x00000089      0x175 ./menu.o
 .debug_pubnames
                0x000001fe       0xaf ./midi.o
 .debug_pubnames
                0x000002ad      0x230 ./suit.o
 .debug_pubnames
                0x000004dd       0xeb N:/EECS373/WubSuit/Libero/SoftConsole/wubsuit_base_MSS_MSS_CM3_0/wubsuit_base_MSS_MSS_CM3_0_hw_platform/Debug/CMSIS/startup_gcc/newlib_stubs.o
 .debug_pubnames
                0x000005c8      0x21c N:\EECS373\WubSuit\Libero\SoftConsole\wubsuit_base_MSS_MSS_CM3_0\wubsuit_base_MSS_MSS_CM3_0_hw_platform\Debug\libwubsuit_base_MSS_MSS_CM3_0_hw_platform.a(mss_uart.o)
 .debug_pubnames
                0x000007e4       0xb1 N:\EECS373\WubSuit\Libero\SoftConsole\wubsuit_base_MSS_MSS_CM3_0\wubsuit_base_MSS_MSS_CM3_0_hw_platform\Debug\libwubsuit_base_MSS_MSS_CM3_0_hw_platform.a(mss_gpio.o)
 .debug_pubnames
                0x00000895       0x85 N:\EECS373\WubSuit\Libero\SoftConsole\wubsuit_base_MSS_MSS_CM3_0\wubsuit_base_MSS_MSS_CM3_0_hw_platform\Debug\libwubsuit_base_MSS_MSS_CM3_0_hw_platform.a(core_uart_apb.o)
 .debug_pubnames
                0x0000091a       0xb4 N:\EECS373\WubSuit\Libero\SoftConsole\wubsuit_base_MSS_MSS_CM3_0\wubsuit_base_MSS_MSS_CM3_0_hw_platform\Debug\libwubsuit_base_MSS_MSS_CM3_0_hw_platform.a(system_a2fxxxm3.o)
 .debug_pubnames
                0x000009ce       0x26 N:\EECS373\WubSuit\Libero\SoftConsole\wubsuit_base_MSS_MSS_CM3_0\wubsuit_base_MSS_MSS_CM3_0_hw_platform\Debug\libwubsuit_base_MSS_MSS_CM3_0_hw_platform.a(hal_assert.o)

.debug_info     0x00000000     0x6782
 *(.debug_info .gnu.linkonce.wi.*)
 .debug_info    0x00000000      0x11d ./lcd.o
 .debug_info    0x0000011d       0xff ./main.o
 .debug_info    0x0000021c      0x990 ./menu.o
 .debug_info    0x00000bac      0x2ed ./midi.o
 .debug_info    0x00000e99     0x13be ./suit.o
 .debug_info    0x00002257     0x10eb N:/EECS373/WubSuit/Libero/SoftConsole/wubsuit_base_MSS_MSS_CM3_0/wubsuit_base_MSS_MSS_CM3_0_hw_platform/Debug/CMSIS/startup_gcc/newlib_stubs.o
 .debug_info    0x00003342     0x1740 N:\EECS373\WubSuit\Libero\SoftConsole\wubsuit_base_MSS_MSS_CM3_0\wubsuit_base_MSS_MSS_CM3_0_hw_platform\Debug\libwubsuit_base_MSS_MSS_CM3_0_hw_platform.a(mss_uart.o)
 .debug_info    0x00004a82     0x1124 N:\EECS373\WubSuit\Libero\SoftConsole\wubsuit_base_MSS_MSS_CM3_0\wubsuit_base_MSS_MSS_CM3_0_hw_platform\Debug\libwubsuit_base_MSS_MSS_CM3_0_hw_platform.a(mss_gpio.o)
 .debug_info    0x00005ba6      0x53c N:\EECS373\WubSuit\Libero\SoftConsole\wubsuit_base_MSS_MSS_CM3_0\wubsuit_base_MSS_MSS_CM3_0_hw_platform\Debug\libwubsuit_base_MSS_MSS_CM3_0_hw_platform.a(core_uart_apb.o)
 .debug_info    0x000060e2      0x575 N:\EECS373\WubSuit\Libero\SoftConsole\wubsuit_base_MSS_MSS_CM3_0\wubsuit_base_MSS_MSS_CM3_0_hw_platform\Debug\libwubsuit_base_MSS_MSS_CM3_0_hw_platform.a(system_a2fxxxm3.o)
 .debug_info    0x00006657      0x12b N:\EECS373\WubSuit\Libero\SoftConsole\wubsuit_base_MSS_MSS_CM3_0\wubsuit_base_MSS_MSS_CM3_0_hw_platform\Debug\libwubsuit_base_MSS_MSS_CM3_0_hw_platform.a(hal_assert.o)

.debug_abbrev   0x00000000     0x1063
 *(.debug_abbrev)
 .debug_abbrev  0x00000000       0xa6 ./lcd.o
 .debug_abbrev  0x000000a6       0x76 ./main.o
 .debug_abbrev  0x0000011c      0x1a2 ./menu.o
 .debug_abbrev  0x000002be       0xc1 ./midi.o
 .debug_abbrev  0x0000037f      0x24f ./suit.o
 .debug_abbrev  0x000005ce      0x251 N:/EECS373/WubSuit/Libero/SoftConsole/wubsuit_base_MSS_MSS_CM3_0/wubsuit_base_MSS_MSS_CM3_0_hw_platform/Debug/CMSIS/startup_gcc/newlib_stubs.o
 .debug_abbrev  0x0000081f      0x306 N:\EECS373\WubSuit\Libero\SoftConsole\wubsuit_base_MSS_MSS_CM3_0\wubsuit_base_MSS_MSS_CM3_0_hw_platform\Debug\libwubsuit_base_MSS_MSS_CM3_0_hw_platform.a(mss_uart.o)
 .debug_abbrev  0x00000b25      0x1f1 N:\EECS373\WubSuit\Libero\SoftConsole\wubsuit_base_MSS_MSS_CM3_0\wubsuit_base_MSS_MSS_CM3_0_hw_platform\Debug\libwubsuit_base_MSS_MSS_CM3_0_hw_platform.a(mss_gpio.o)
 .debug_abbrev  0x00000d16      0x14d N:\EECS373\WubSuit\Libero\SoftConsole\wubsuit_base_MSS_MSS_CM3_0\wubsuit_base_MSS_MSS_CM3_0_hw_platform\Debug\libwubsuit_base_MSS_MSS_CM3_0_hw_platform.a(core_uart_apb.o)
 .debug_abbrev  0x00000e63      0x154 N:\EECS373\WubSuit\Libero\SoftConsole\wubsuit_base_MSS_MSS_CM3_0\wubsuit_base_MSS_MSS_CM3_0_hw_platform\Debug\libwubsuit_base_MSS_MSS_CM3_0_hw_platform.a(system_a2fxxxm3.o)
 .debug_abbrev  0x00000fb7       0xac N:\EECS373\WubSuit\Libero\SoftConsole\wubsuit_base_MSS_MSS_CM3_0\wubsuit_base_MSS_MSS_CM3_0_hw_platform\Debug\libwubsuit_base_MSS_MSS_CM3_0_hw_platform.a(hal_assert.o)

.debug_line     0x00000000     0x2a89
 *(.debug_line)
 .debug_line    0x00000000      0x2f5 ./lcd.o
 .debug_line    0x000002f5      0x2f2 ./main.o
 .debug_line    0x000005e7      0x497 ./menu.o
 .debug_line    0x00000a7e      0x253 ./midi.o
 .debug_line    0x00000cd1      0x89b ./suit.o
 .debug_line    0x0000156c      0x503 N:/EECS373/WubSuit/Libero/SoftConsole/wubsuit_base_MSS_MSS_CM3_0/wubsuit_base_MSS_MSS_CM3_0_hw_platform/Debug/CMSIS/startup_gcc/newlib_stubs.o
 .debug_line    0x00001a6f      0x5d5 N:\EECS373\WubSuit\Libero\SoftConsole\wubsuit_base_MSS_MSS_CM3_0\wubsuit_base_MSS_MSS_CM3_0_hw_platform\Debug\libwubsuit_base_MSS_MSS_CM3_0_hw_platform.a(mss_uart.o)
 .debug_line    0x00002044      0x315 N:\EECS373\WubSuit\Libero\SoftConsole\wubsuit_base_MSS_MSS_CM3_0\wubsuit_base_MSS_MSS_CM3_0_hw_platform\Debug\libwubsuit_base_MSS_MSS_CM3_0_hw_platform.a(mss_gpio.o)
 .debug_line    0x00002359      0x2cf N:\EECS373\WubSuit\Libero\SoftConsole\wubsuit_base_MSS_MSS_CM3_0\wubsuit_base_MSS_MSS_CM3_0_hw_platform\Debug\libwubsuit_base_MSS_MSS_CM3_0_hw_platform.a(core_uart_apb.o)
 .debug_line    0x00002628      0x26d N:\EECS373\WubSuit\Libero\SoftConsole\wubsuit_base_MSS_MSS_CM3_0\wubsuit_base_MSS_MSS_CM3_0_hw_platform\Debug\libwubsuit_base_MSS_MSS_CM3_0_hw_platform.a(system_a2fxxxm3.o)
 .debug_line    0x00002895      0x1f4 N:\EECS373\WubSuit\Libero\SoftConsole\wubsuit_base_MSS_MSS_CM3_0\wubsuit_base_MSS_MSS_CM3_0_hw_platform\Debug\libwubsuit_base_MSS_MSS_CM3_0_hw_platform.a(hal_assert.o)

.debug_frame    0x00000000     0x171c
 *(.debug_frame)
 .debug_frame   0x00000000       0x6c ./lcd.o
 .debug_frame   0x0000006c       0x2c ./main.o
 .debug_frame   0x00000098      0x194 ./menu.o
 .debug_frame   0x0000022c       0xec ./midi.o
 .debug_frame   0x00000318      0x2d4 ./suit.o
 .debug_frame   0x000005ec      0x174 N:/EECS373/WubSuit/Libero/SoftConsole/wubsuit_base_MSS_MSS_CM3_0/wubsuit_base_MSS_MSS_CM3_0_hw_platform/Debug/CMSIS/startup_gcc/newlib_stubs.o
 .debug_frame   0x00000760      0x1f0 N:\EECS373\WubSuit\Libero\SoftConsole\wubsuit_base_MSS_MSS_CM3_0\wubsuit_base_MSS_MSS_CM3_0_hw_platform\Debug\libwubsuit_base_MSS_MSS_CM3_0_hw_platform.a(mss_uart.o)
 .debug_frame   0x00000950       0x88 N:\EECS373\WubSuit\Libero\SoftConsole\wubsuit_base_MSS_MSS_CM3_0\wubsuit_base_MSS_MSS_CM3_0_hw_platform\Debug\libwubsuit_base_MSS_MSS_CM3_0_hw_platform.a(mss_gpio.o)
 .debug_frame   0x000009d8       0xdc N:\EECS373\WubSuit\Libero\SoftConsole\wubsuit_base_MSS_MSS_CM3_0\wubsuit_base_MSS_MSS_CM3_0_hw_platform\Debug\libwubsuit_base_MSS_MSS_CM3_0_hw_platform.a(core_uart_apb.o)
 .debug_frame   0x00000ab4       0x3c N:\EECS373\WubSuit\Libero\SoftConsole\wubsuit_base_MSS_MSS_CM3_0\wubsuit_base_MSS_MSS_CM3_0_hw_platform\Debug\libwubsuit_base_MSS_MSS_CM3_0_hw_platform.a(system_a2fxxxm3.o)
 .debug_frame   0x00000af0       0x24 N:\EECS373\WubSuit\Libero\SoftConsole\wubsuit_base_MSS_MSS_CM3_0\wubsuit_base_MSS_MSS_CM3_0_hw_platform\Debug\libwubsuit_base_MSS_MSS_CM3_0_hw_platform.a(hal_assert.o)
 .debug_frame   0x00000b14       0x20 c:/actel/libero_v9.1/softconsole/sourcery-g++/bin/../lib/gcc/arm-none-eabi/4.4.1/../../../../arm-none-eabi/lib/thumb2\libc.a(lib_a-errno.o)
 .debug_frame   0x00000b34       0x2c c:/actel/libero_v9.1/softconsole/sourcery-g++/bin/../lib/gcc/arm-none-eabi/4.4.1/../../../../arm-none-eabi/lib/thumb2\libc.a(lib_a-init.o)
 .debug_frame   0x00000b60       0x5c c:/actel/libero_v9.1/softconsole/sourcery-g++/bin/../lib/gcc/arm-none-eabi/4.4.1/../../../../arm-none-eabi/lib/thumb2\libc.a(lib_a-printf.o)
 .debug_frame   0x00000bbc       0x70 c:/actel/libero_v9.1/softconsole/sourcery-g++/bin/../lib/gcc/arm-none-eabi/4.4.1/../../../../arm-none-eabi/lib/thumb2\libc.a(lib_a-vfprintf.o)
 .debug_frame   0x00000c2c       0x2c c:/actel/libero_v9.1/softconsole/sourcery-g++/bin/../lib/gcc/arm-none-eabi/4.4.1/../../../../arm-none-eabi/lib/thumb2\libc.a(lib_a-wsetup.o)
 .debug_frame   0x00000c58       0x64 c:/actel/libero_v9.1/softconsole/sourcery-g++/bin/../lib/gcc/arm-none-eabi/4.4.1/../../../../arm-none-eabi/lib/thumb2\libc.a(lib_a-dtoa.o)
 .debug_frame   0x00000cbc       0x40 c:/actel/libero_v9.1/softconsole/sourcery-g++/bin/../lib/gcc/arm-none-eabi/4.4.1/../../../../arm-none-eabi/lib/thumb2\libc.a(lib_a-fflush.o)
 .debug_frame   0x00000cfc      0x11c c:/actel/libero_v9.1/softconsole/sourcery-g++/bin/../lib/gcc/arm-none-eabi/4.4.1/../../../../arm-none-eabi/lib/thumb2\libc.a(lib_a-findfp.o)
 .debug_frame   0x00000e18       0x50 c:/actel/libero_v9.1/softconsole/sourcery-g++/bin/../lib/gcc/arm-none-eabi/4.4.1/../../../../arm-none-eabi/lib/thumb2\libc.a(lib_a-freer.o)
 .debug_frame   0x00000e68       0x3c c:/actel/libero_v9.1/softconsole/sourcery-g++/bin/../lib/gcc/arm-none-eabi/4.4.1/../../../../arm-none-eabi/lib/thumb2\libc.a(lib_a-fvwrite.o)
 .debug_frame   0x00000ea4       0x54 c:/actel/libero_v9.1/softconsole/sourcery-g++/bin/../lib/gcc/arm-none-eabi/4.4.1/../../../../arm-none-eabi/lib/thumb2\libc.a(lib_a-fwalk.o)
 .debug_frame   0x00000ef8       0x6c c:/actel/libero_v9.1/softconsole/sourcery-g++/bin/../lib/gcc/arm-none-eabi/4.4.1/../../../../arm-none-eabi/lib/thumb2\libc.a(lib_a-locale.o)
 .debug_frame   0x00000f64       0x34 c:/actel/libero_v9.1/softconsole/sourcery-g++/bin/../lib/gcc/arm-none-eabi/4.4.1/../../../../arm-none-eabi/lib/thumb2\libc.a(lib_a-makebuf.o)
 .debug_frame   0x00000f98       0x30 c:/actel/libero_v9.1/softconsole/sourcery-g++/bin/../lib/gcc/arm-none-eabi/4.4.1/../../../../arm-none-eabi/lib/thumb2\libc.a(lib_a-malloc.o)
 .debug_frame   0x00000fc8       0x3c c:/actel/libero_v9.1/softconsole/sourcery-g++/bin/../lib/gcc/arm-none-eabi/4.4.1/../../../../arm-none-eabi/lib/thumb2\libc.a(lib_a-mallocr.o)
 .debug_frame   0x00001004       0x28 c:/actel/libero_v9.1/softconsole/sourcery-g++/bin/../lib/gcc/arm-none-eabi/4.4.1/../../../../arm-none-eabi/lib/thumb2\libc.a(lib_a-memchr.o)
 .debug_frame   0x0000102c       0x34 c:/actel/libero_v9.1/softconsole/sourcery-g++/bin/../lib/gcc/arm-none-eabi/4.4.1/../../../../arm-none-eabi/lib/thumb2\libc.a(lib_a-memcpy.o)
 .debug_frame   0x00001060       0x2c c:/actel/libero_v9.1/softconsole/sourcery-g++/bin/../lib/gcc/arm-none-eabi/4.4.1/../../../../arm-none-eabi/lib/thumb2\libc.a(lib_a-memmove.o)
 .debug_frame   0x0000108c       0x28 c:/actel/libero_v9.1/softconsole/sourcery-g++/bin/../lib/gcc/arm-none-eabi/4.4.1/../../../../arm-none-eabi/lib/thumb2\libc.a(lib_a-memset.o)
 .debug_frame   0x000010b4       0x30 c:/actel/libero_v9.1/softconsole/sourcery-g++/bin/../lib/gcc/arm-none-eabi/4.4.1/../../../../arm-none-eabi/lib/thumb2\libc.a(lib_a-mlock.o)
 .debug_frame   0x000010e4      0x240 c:/actel/libero_v9.1/softconsole/sourcery-g++/bin/../lib/gcc/arm-none-eabi/4.4.1/../../../../arm-none-eabi/lib/thumb2\libc.a(lib_a-mprec.o)
 .debug_frame   0x00001324       0x3c c:/actel/libero_v9.1/softconsole/sourcery-g++/bin/../lib/gcc/arm-none-eabi/4.4.1/../../../../arm-none-eabi/lib/thumb2\libc.a(lib_a-reallocr.o)
 .debug_frame   0x00001360       0x20 c:/actel/libero_v9.1/softconsole/sourcery-g++/bin/../lib/gcc/arm-none-eabi/4.4.1/../../../../arm-none-eabi/lib/thumb2\libc.a(lib_a-s_isinfd.o)
 .debug_frame   0x00001380       0x20 c:/actel/libero_v9.1/softconsole/sourcery-g++/bin/../lib/gcc/arm-none-eabi/4.4.1/../../../../arm-none-eabi/lib/thumb2\libc.a(lib_a-s_isnand.o)
 .debug_frame   0x000013a0       0x2c c:/actel/libero_v9.1/softconsole/sourcery-g++/bin/../lib/gcc/arm-none-eabi/4.4.1/../../../../arm-none-eabi/lib/thumb2\libc.a(lib_a-sbrkr.o)
 .debug_frame   0x000013cc       0x70 c:/actel/libero_v9.1/softconsole/sourcery-g++/bin/../lib/gcc/arm-none-eabi/4.4.1/../../../../arm-none-eabi/lib/thumb2\libc.a(lib_a-stdio.o)
 .debug_frame   0x0000143c       0x30 c:/actel/libero_v9.1/softconsole/sourcery-g++/bin/../lib/gcc/arm-none-eabi/4.4.1/../../../../arm-none-eabi/lib/thumb2\libc.a(lib_a-strcmp.o)
 .debug_frame   0x0000146c       0x20 c:/actel/libero_v9.1/softconsole/sourcery-g++/bin/../lib/gcc/arm-none-eabi/4.4.1/../../../../arm-none-eabi/lib/thumb2\libc.a(lib_a-strlen.o)
 .debug_frame   0x0000148c       0x2c c:/actel/libero_v9.1/softconsole/sourcery-g++/bin/../lib/gcc/arm-none-eabi/4.4.1/../../../../arm-none-eabi/lib/thumb2\libc.a(lib_a-callocr.o)
 .debug_frame   0x000014b8       0x2c c:/actel/libero_v9.1/softconsole/sourcery-g++/bin/../lib/gcc/arm-none-eabi/4.4.1/../../../../arm-none-eabi/lib/thumb2\libc.a(lib_a-closer.o)
 .debug_frame   0x000014e4       0x3c c:/actel/libero_v9.1/softconsole/sourcery-g++/bin/../lib/gcc/arm-none-eabi/4.4.1/../../../../arm-none-eabi/lib/thumb2\libc.a(lib_a-fclose.o)
 .debug_frame   0x00001520       0x2c c:/actel/libero_v9.1/softconsole/sourcery-g++/bin/../lib/gcc/arm-none-eabi/4.4.1/../../../../arm-none-eabi/lib/thumb2\libc.a(lib_a-fstatr.o)
 .debug_frame   0x0000154c       0x2c c:/actel/libero_v9.1/softconsole/sourcery-g++/bin/../lib/gcc/arm-none-eabi/4.4.1/../../../../arm-none-eabi/lib/thumb2\libc.a(lib_a-isattyr.o)
 .debug_frame   0x00001578       0x2c c:/actel/libero_v9.1/softconsole/sourcery-g++/bin/../lib/gcc/arm-none-eabi/4.4.1/../../../../arm-none-eabi/lib/thumb2\libc.a(lib_a-lseekr.o)
 .debug_frame   0x000015a4       0x2c c:/actel/libero_v9.1/softconsole/sourcery-g++/bin/../lib/gcc/arm-none-eabi/4.4.1/../../../../arm-none-eabi/lib/thumb2\libc.a(lib_a-readr.o)
 .debug_frame   0x000015d0       0x64 c:/actel/libero_v9.1/softconsole/sourcery-g++/bin/../lib/gcc/arm-none-eabi/4.4.1/../../../../arm-none-eabi/lib/thumb2\libc.a(lib_a-reent.o)
 .debug_frame   0x00001634       0x20 c:/actel/libero_v9.1/softconsole/sourcery-g++/bin/../lib/gcc/arm-none-eabi/4.4.1/thumb2\libgcc.a(_udivsi3.o)
 .debug_frame   0x00001654       0x50 c:/actel/libero_v9.1/softconsole/sourcery-g++/bin/../lib/gcc/arm-none-eabi/4.4.1/thumb2\libgcc.a(bpabi.o)
 .debug_frame   0x000016a4       0x3c c:/actel/libero_v9.1/softconsole/sourcery-g++/bin/../lib/gcc/arm-none-eabi/4.4.1/thumb2\libgcc.a(_divdi3.o)
 .debug_frame   0x000016e0       0x3c c:/actel/libero_v9.1/softconsole/sourcery-g++/bin/../lib/gcc/arm-none-eabi/4.4.1/thumb2\libgcc.a(_udivdi3.o)

.debug_str      0x00000000     0x23e8
 *(.debug_str)
 .debug_str     0x00000000      0x128 ./lcd.o
                                0x161 (size before relaxing)
 .debug_str     0x00000128       0x2f ./main.o
                                0x12f (size before relaxing)
 .debug_str     0x00000157      0x349 ./menu.o
                                0x4b8 (size before relaxing)
 .debug_str     0x000004a0       0xf8 ./midi.o
                                0x20f (size before relaxing)
 .debug_str     0x00000598     0x1053 ./suit.o
                               0x13d6 (size before relaxing)
 .debug_str     0x000015eb      0x501 N:/EECS373/WubSuit/Libero/SoftConsole/wubsuit_base_MSS_MSS_CM3_0/wubsuit_base_MSS_MSS_CM3_0_hw_platform/Debug/CMSIS/startup_gcc/newlib_stubs.o
                               0x10ae (size before relaxing)
 .debug_str     0x00001aec      0x5d5 N:\EECS373\WubSuit\Libero\SoftConsole\wubsuit_base_MSS_MSS_CM3_0\wubsuit_base_MSS_MSS_CM3_0_hw_platform\Debug\libwubsuit_base_MSS_MSS_CM3_0_hw_platform.a(mss_uart.o)
                               0x14bf (size before relaxing)
 .debug_str     0x000020c1      0x14f N:\EECS373\WubSuit\Libero\SoftConsole\wubsuit_base_MSS_MSS_CM3_0\wubsuit_base_MSS_MSS_CM3_0_hw_platform\Debug\libwubsuit_base_MSS_MSS_CM3_0_hw_platform.a(mss_gpio.o)
                               0x1297 (size before relaxing)
 .debug_str     0x00002210       0x88 N:\EECS373\WubSuit\Libero\SoftConsole\wubsuit_base_MSS_MSS_CM3_0\wubsuit_base_MSS_MSS_CM3_0_hw_platform\Debug\libwubsuit_base_MSS_MSS_CM3_0_hw_platform.a(core_uart_apb.o)
                                0x286 (size before relaxing)
 .debug_str     0x00002298       0xf7 N:\EECS373\WubSuit\Libero\SoftConsole\wubsuit_base_MSS_MSS_CM3_0\wubsuit_base_MSS_MSS_CM3_0_hw_platform\Debug\libwubsuit_base_MSS_MSS_CM3_0_hw_platform.a(system_a2fxxxm3.o)
                                0x462 (size before relaxing)
 .debug_str     0x0000238f       0x59 N:\EECS373\WubSuit\Libero\SoftConsole\wubsuit_base_MSS_MSS_CM3_0\wubsuit_base_MSS_MSS_CM3_0_hw_platform\Debug\libwubsuit_base_MSS_MSS_CM3_0_hw_platform.a(hal_assert.o)
                                0x17d (size before relaxing)

.debug_loc      0x00000000     0x1ad7
 *(.debug_loc)
 .debug_loc     0x00000000       0x99 ./lcd.o
 .debug_loc     0x00000099       0x2b ./main.o
 .debug_loc     0x000000c4      0x29b ./menu.o
 .debug_loc     0x0000035f      0x181 ./midi.o
 .debug_loc     0x000004e0      0x489 ./suit.o
 .debug_loc     0x00000969      0x30d N:/EECS373/WubSuit/Libero/SoftConsole/wubsuit_base_MSS_MSS_CM3_0/wubsuit_base_MSS_MSS_CM3_0_hw_platform/Debug/CMSIS/startup_gcc/newlib_stubs.o
 .debug_loc     0x00000c76      0x894 N:\EECS373\WubSuit\Libero\SoftConsole\wubsuit_base_MSS_MSS_CM3_0\wubsuit_base_MSS_MSS_CM3_0_hw_platform\Debug\libwubsuit_base_MSS_MSS_CM3_0_hw_platform.a(mss_uart.o)
 .debug_loc     0x0000150a       0xf1 N:\EECS373\WubSuit\Libero\SoftConsole\wubsuit_base_MSS_MSS_CM3_0\wubsuit_base_MSS_MSS_CM3_0_hw_platform\Debug\libwubsuit_base_MSS_MSS_CM3_0_hw_platform.a(mss_gpio.o)
 .debug_loc     0x000015fb      0x3c1 N:\EECS373\WubSuit\Libero\SoftConsole\wubsuit_base_MSS_MSS_CM3_0\wubsuit_base_MSS_MSS_CM3_0_hw_platform\Debug\libwubsuit_base_MSS_MSS_CM3_0_hw_platform.a(core_uart_apb.o)
 .debug_loc     0x000019bc       0xb3 N:\EECS373\WubSuit\Libero\SoftConsole\wubsuit_base_MSS_MSS_CM3_0\wubsuit_base_MSS_MSS_CM3_0_hw_platform\Debug\libwubsuit_base_MSS_MSS_CM3_0_hw_platform.a(system_a2fxxxm3.o)
 .debug_loc     0x00001a6f       0x68 N:\EECS373\WubSuit\Libero\SoftConsole\wubsuit_base_MSS_MSS_CM3_0\wubsuit_base_MSS_MSS_CM3_0_hw_platform\Debug\libwubsuit_base_MSS_MSS_CM3_0_hw_platform.a(hal_assert.o)

.debug_macinfo  0x00000000    0x39af8
 *(.debug_macinfo)
 .debug_macinfo
                0x00000000     0x4ef6 ./lcd.o
 .debug_macinfo
                0x00004ef6     0x5049 ./main.o
 .debug_macinfo
                0x00009f3f     0x50eb ./menu.o
 .debug_macinfo
                0x0000f02a     0x1a9c ./midi.o
 .debug_macinfo
                0x00010ac6     0x9a0e ./suit.o
 .debug_macinfo
                0x0001a4d4     0x9964 N:/EECS373/WubSuit/Libero/SoftConsole/wubsuit_base_MSS_MSS_CM3_0/wubsuit_base_MSS_MSS_CM3_0_hw_platform/Debug/CMSIS/startup_gcc/newlib_stubs.o
 .debug_macinfo
                0x00023e38     0x63e3 N:\EECS373\WubSuit\Libero\SoftConsole\wubsuit_base_MSS_MSS_CM3_0\wubsuit_base_MSS_MSS_CM3_0_hw_platform\Debug\libwubsuit_base_MSS_MSS_CM3_0_hw_platform.a(mss_uart.o)
 .debug_macinfo
                0x0002a21b     0x5cfa N:\EECS373\WubSuit\Libero\SoftConsole\wubsuit_base_MSS_MSS_CM3_0\wubsuit_base_MSS_MSS_CM3_0_hw_platform\Debug\libwubsuit_base_MSS_MSS_CM3_0_hw_platform.a(mss_gpio.o)
 .debug_macinfo
                0x0002ff15     0x2450 N:\EECS373\WubSuit\Libero\SoftConsole\wubsuit_base_MSS_MSS_CM3_0\wubsuit_base_MSS_MSS_CM3_0_hw_platform\Debug\libwubsuit_base_MSS_MSS_CM3_0_hw_platform.a(core_uart_apb.o)
 .debug_macinfo
                0x00032365     0x5a98 N:\EECS373\WubSuit\Libero\SoftConsole\wubsuit_base_MSS_MSS_CM3_0\wubsuit_base_MSS_MSS_CM3_0_hw_platform\Debug\libwubsuit_base_MSS_MSS_CM3_0_hw_platform.a(system_a2fxxxm3.o)
 .debug_macinfo
                0x00037dfd     0x1cfb N:\EECS373\WubSuit\Libero\SoftConsole\wubsuit_base_MSS_MSS_CM3_0\wubsuit_base_MSS_MSS_CM3_0_hw_platform\Debug\libwubsuit_base_MSS_MSS_CM3_0_hw_platform.a(hal_assert.o)

.debug_weaknames
 *(.debug_weaknames)

.debug_funcnames
 *(.debug_funcnames)

.debug_typenames
 *(.debug_typenames)

.debug_varnames
 *(.debug_varnames)

.note.gnu.arm.ident
 *(.note.gnu.arm.ident)

.ARM.attributes
                0x00000000       0x25
 *(.ARM.attributes)
 .ARM.attributes
                0x00000000       0x19 c:/actel/libero_v9.1/softconsole/sourcery-g++/bin/../lib/gcc/arm-none-eabi/4.4.1/thumb2/crti.o
 .ARM.attributes
                0x00000019       0x29 c:/actel/libero_v9.1/softconsole/sourcery-g++/bin/../lib/gcc/arm-none-eabi/4.4.1/thumb2/crtbegin.o
 .ARM.attributes
                0x00000042       0x31 ./lcd.o
 .ARM.attributes
                0x00000073       0x31 ./main.o
 .ARM.attributes
                0x000000a4       0x31 ./menu.o
 .ARM.attributes
                0x000000d5       0x31 ./midi.o
 .ARM.attributes
                0x00000106       0x31 ./suit.o
 .ARM.attributes
                0x00000137       0x21 N:/EECS373/WubSuit/Libero/SoftConsole/wubsuit_base_MSS_MSS_CM3_0/wubsuit_base_MSS_MSS_CM3_0_hw_platform/Debug/CMSIS/startup_gcc/startup_a2fxxxm3.o
 .ARM.attributes
                0x00000158       0x31 N:/EECS373/WubSuit/Libero/SoftConsole/wubsuit_base_MSS_MSS_CM3_0/wubsuit_base_MSS_MSS_CM3_0_hw_platform/Debug/CMSIS/startup_gcc/newlib_stubs.o
 .ARM.attributes
                0x00000189       0x31 N:\EECS373\WubSuit\Libero\SoftConsole\wubsuit_base_MSS_MSS_CM3_0\wubsuit_base_MSS_MSS_CM3_0_hw_platform\Debug\libwubsuit_base_MSS_MSS_CM3_0_hw_platform.a(mss_uart.o)
 .ARM.attributes
                0x000001ba       0x31 N:\EECS373\WubSuit\Libero\SoftConsole\wubsuit_base_MSS_MSS_CM3_0\wubsuit_base_MSS_MSS_CM3_0_hw_platform\Debug\libwubsuit_base_MSS_MSS_CM3_0_hw_platform.a(mss_gpio.o)
 .ARM.attributes
                0x000001eb       0x31 N:\EECS373\WubSuit\Libero\SoftConsole\wubsuit_base_MSS_MSS_CM3_0\wubsuit_base_MSS_MSS_CM3_0_hw_platform\Debug\libwubsuit_base_MSS_MSS_CM3_0_hw_platform.a(core_uart_apb.o)
 .ARM.attributes
                0x0000021c       0x31 N:\EECS373\WubSuit\Libero\SoftConsole\wubsuit_base_MSS_MSS_CM3_0\wubsuit_base_MSS_MSS_CM3_0_hw_platform\Debug\libwubsuit_base_MSS_MSS_CM3_0_hw_platform.a(system_a2fxxxm3.o)
 .ARM.attributes
                0x0000024d       0x31 N:\EECS373\WubSuit\Libero\SoftConsole\wubsuit_base_MSS_MSS_CM3_0\wubsuit_base_MSS_MSS_CM3_0_hw_platform\Debug\libwubsuit_base_MSS_MSS_CM3_0_hw_platform.a(hal_assert.o)
 .ARM.attributes
                0x0000027e       0x21 N:\EECS373\WubSuit\Libero\SoftConsole\wubsuit_base_MSS_MSS_CM3_0\wubsuit_base_MSS_MSS_CM3_0_hw_platform\Debug\libwubsuit_base_MSS_MSS_CM3_0_hw_platform.a(hw_reg_access.o)
 .ARM.attributes
                0x0000029f       0x29 c:/actel/libero_v9.1/softconsole/sourcery-g++/bin/../lib/gcc/arm-none-eabi/4.4.1/../../../../arm-none-eabi/lib/thumb2\libc.a(lib_a-errno.o)
 .ARM.attributes
                0x000002c8       0x29 c:/actel/libero_v9.1/softconsole/sourcery-g++/bin/../lib/gcc/arm-none-eabi/4.4.1/../../../../arm-none-eabi/lib/thumb2\libc.a(lib_a-impure.o)
 .ARM.attributes
                0x000002f1       0x29 c:/actel/libero_v9.1/softconsole/sourcery-g++/bin/../lib/gcc/arm-none-eabi/4.4.1/../../../../arm-none-eabi/lib/thumb2\libc.a(lib_a-init.o)
 .ARM.attributes
                0x0000031a       0x29 c:/actel/libero_v9.1/softconsole/sourcery-g++/bin/../lib/gcc/arm-none-eabi/4.4.1/../../../../arm-none-eabi/lib/thumb2\libc.a(lib_a-printf.o)
 .ARM.attributes
                0x00000343       0x29 c:/actel/libero_v9.1/softconsole/sourcery-g++/bin/../lib/gcc/arm-none-eabi/4.4.1/../../../../arm-none-eabi/lib/thumb2\libc.a(lib_a-vfprintf.o)
 .ARM.attributes
                0x0000036c       0x29 c:/actel/libero_v9.1/softconsole/sourcery-g++/bin/../lib/gcc/arm-none-eabi/4.4.1/../../../../arm-none-eabi/lib/thumb2\libc.a(lib_a-wsetup.o)
 .ARM.attributes
                0x00000395       0x29 c:/actel/libero_v9.1/softconsole/sourcery-g++/bin/../lib/gcc/arm-none-eabi/4.4.1/../../../../arm-none-eabi/lib/thumb2\libc.a(lib_a-dtoa.o)
 .ARM.attributes
                0x000003be       0x29 c:/actel/libero_v9.1/softconsole/sourcery-g++/bin/../lib/gcc/arm-none-eabi/4.4.1/../../../../arm-none-eabi/lib/thumb2\libc.a(lib_a-fflush.o)
 .ARM.attributes
                0x000003e7       0x29 c:/actel/libero_v9.1/softconsole/sourcery-g++/bin/../lib/gcc/arm-none-eabi/4.4.1/../../../../arm-none-eabi/lib/thumb2\libc.a(lib_a-findfp.o)
 .ARM.attributes
                0x00000410       0x29 c:/actel/libero_v9.1/softconsole/sourcery-g++/bin/../lib/gcc/arm-none-eabi/4.4.1/../../../../arm-none-eabi/lib/thumb2\libc.a(lib_a-freer.o)
 .ARM.attributes
                0x00000439       0x29 c:/actel/libero_v9.1/softconsole/sourcery-g++/bin/../lib/gcc/arm-none-eabi/4.4.1/../../../../arm-none-eabi/lib/thumb2\libc.a(lib_a-fvwrite.o)
 .ARM.attributes
                0x00000462       0x29 c:/actel/libero_v9.1/softconsole/sourcery-g++/bin/../lib/gcc/arm-none-eabi/4.4.1/../../../../arm-none-eabi/lib/thumb2\libc.a(lib_a-fwalk.o)
 .ARM.attributes
                0x0000048b       0x29 c:/actel/libero_v9.1/softconsole/sourcery-g++/bin/../lib/gcc/arm-none-eabi/4.4.1/../../../../arm-none-eabi/lib/thumb2\libc.a(lib_a-locale.o)
 .ARM.attributes
                0x000004b4       0x29 c:/actel/libero_v9.1/softconsole/sourcery-g++/bin/../lib/gcc/arm-none-eabi/4.4.1/../../../../arm-none-eabi/lib/thumb2\libc.a(lib_a-makebuf.o)
 .ARM.attributes
                0x000004dd       0x29 c:/actel/libero_v9.1/softconsole/sourcery-g++/bin/../lib/gcc/arm-none-eabi/4.4.1/../../../../arm-none-eabi/lib/thumb2\libc.a(lib_a-malloc.o)
 .ARM.attributes
                0x00000506       0x29 c:/actel/libero_v9.1/softconsole/sourcery-g++/bin/../lib/gcc/arm-none-eabi/4.4.1/../../../../arm-none-eabi/lib/thumb2\libc.a(lib_a-mallocr.o)
 .ARM.attributes
                0x0000052f       0x29 c:/actel/libero_v9.1/softconsole/sourcery-g++/bin/../lib/gcc/arm-none-eabi/4.4.1/../../../../arm-none-eabi/lib/thumb2\libc.a(lib_a-memchr.o)
 .ARM.attributes
                0x00000558       0x29 c:/actel/libero_v9.1/softconsole/sourcery-g++/bin/../lib/gcc/arm-none-eabi/4.4.1/../../../../arm-none-eabi/lib/thumb2\libc.a(lib_a-memcpy.o)
 .ARM.attributes
                0x00000581       0x29 c:/actel/libero_v9.1/softconsole/sourcery-g++/bin/../lib/gcc/arm-none-eabi/4.4.1/../../../../arm-none-eabi/lib/thumb2\libc.a(lib_a-memmove.o)
 .ARM.attributes
                0x000005aa       0x29 c:/actel/libero_v9.1/softconsole/sourcery-g++/bin/../lib/gcc/arm-none-eabi/4.4.1/../../../../arm-none-eabi/lib/thumb2\libc.a(lib_a-memset.o)
 .ARM.attributes
                0x000005d3       0x29 c:/actel/libero_v9.1/softconsole/sourcery-g++/bin/../lib/gcc/arm-none-eabi/4.4.1/../../../../arm-none-eabi/lib/thumb2\libc.a(lib_a-mlock.o)
 .ARM.attributes
                0x000005fc       0x29 c:/actel/libero_v9.1/softconsole/sourcery-g++/bin/../lib/gcc/arm-none-eabi/4.4.1/../../../../arm-none-eabi/lib/thumb2\libc.a(lib_a-mprec.o)
 .ARM.attributes
                0x00000625       0x29 c:/actel/libero_v9.1/softconsole/sourcery-g++/bin/../lib/gcc/arm-none-eabi/4.4.1/../../../../arm-none-eabi/lib/thumb2\libc.a(lib_a-reallocr.o)
 .ARM.attributes
                0x0000064e       0x29 c:/actel/libero_v9.1/softconsole/sourcery-g++/bin/../lib/gcc/arm-none-eabi/4.4.1/../../../../arm-none-eabi/lib/thumb2\libc.a(lib_a-s_isinfd.o)
 .ARM.attributes
                0x00000677       0x29 c:/actel/libero_v9.1/softconsole/sourcery-g++/bin/../lib/gcc/arm-none-eabi/4.4.1/../../../../arm-none-eabi/lib/thumb2\libc.a(lib_a-s_isnand.o)
 .ARM.attributes
                0x000006a0       0x29 c:/actel/libero_v9.1/softconsole/sourcery-g++/bin/../lib/gcc/arm-none-eabi/4.4.1/../../../../arm-none-eabi/lib/thumb2\libc.a(lib_a-sbrkr.o)
 .ARM.attributes
                0x000006c9       0x29 c:/actel/libero_v9.1/softconsole/sourcery-g++/bin/../lib/gcc/arm-none-eabi/4.4.1/../../../../arm-none-eabi/lib/thumb2\libc.a(lib_a-stdio.o)
 .ARM.attributes
                0x000006f2       0x29 c:/actel/libero_v9.1/softconsole/sourcery-g++/bin/../lib/gcc/arm-none-eabi/4.4.1/../../../../arm-none-eabi/lib/thumb2\libc.a(lib_a-strcmp.o)
 .ARM.attributes
                0x0000071b       0x29 c:/actel/libero_v9.1/softconsole/sourcery-g++/bin/../lib/gcc/arm-none-eabi/4.4.1/../../../../arm-none-eabi/lib/thumb2\libc.a(lib_a-strlen.o)
 .ARM.attributes
                0x00000744       0x29 c:/actel/libero_v9.1/softconsole/sourcery-g++/bin/../lib/gcc/arm-none-eabi/4.4.1/../../../../arm-none-eabi/lib/thumb2\libc.a(lib_a-callocr.o)
 .ARM.attributes
                0x0000076d       0x29 c:/actel/libero_v9.1/softconsole/sourcery-g++/bin/../lib/gcc/arm-none-eabi/4.4.1/../../../../arm-none-eabi/lib/thumb2\libc.a(lib_a-closer.o)
 .ARM.attributes
                0x00000796       0x29 c:/actel/libero_v9.1/softconsole/sourcery-g++/bin/../lib/gcc/arm-none-eabi/4.4.1/../../../../arm-none-eabi/lib/thumb2\libc.a(lib_a-fclose.o)
 .ARM.attributes
                0x000007bf       0x29 c:/actel/libero_v9.1/softconsole/sourcery-g++/bin/../lib/gcc/arm-none-eabi/4.4.1/../../../../arm-none-eabi/lib/thumb2\libc.a(lib_a-fstatr.o)
 .ARM.attributes
                0x000007e8       0x29 c:/actel/libero_v9.1/softconsole/sourcery-g++/bin/../lib/gcc/arm-none-eabi/4.4.1/../../../../arm-none-eabi/lib/thumb2\libc.a(lib_a-isattyr.o)
 .ARM.attributes
                0x00000811       0x29 c:/actel/libero_v9.1/softconsole/sourcery-g++/bin/../lib/gcc/arm-none-eabi/4.4.1/../../../../arm-none-eabi/lib/thumb2\libc.a(lib_a-lseekr.o)
 .ARM.attributes
                0x0000083a       0x29 c:/actel/libero_v9.1/softconsole/sourcery-g++/bin/../lib/gcc/arm-none-eabi/4.4.1/../../../../arm-none-eabi/lib/thumb2\libc.a(lib_a-readr.o)
 .ARM.attributes
                0x00000863       0x29 c:/actel/libero_v9.1/softconsole/sourcery-g++/bin/../lib/gcc/arm-none-eabi/4.4.1/../../../../arm-none-eabi/lib/thumb2\libc.a(lib_a-reent.o)
 .ARM.attributes
                0x0000088c       0x1b c:/actel/libero_v9.1/softconsole/sourcery-g++/bin/../lib/gcc/arm-none-eabi/4.4.1/thumb2\libgcc.a(_udivsi3.o)
 .ARM.attributes
                0x000008a7       0x1b c:/actel/libero_v9.1/softconsole/sourcery-g++/bin/../lib/gcc/arm-none-eabi/4.4.1/thumb2\libgcc.a(_dvmd_tls.o)
 .ARM.attributes
                0x000008c2       0x1b c:/actel/libero_v9.1/softconsole/sourcery-g++/bin/../lib/gcc/arm-none-eabi/4.4.1/thumb2\libgcc.a(_arm_addsubdf3.o)
 .ARM.attributes
                0x000008dd       0x1b c:/actel/libero_v9.1/softconsole/sourcery-g++/bin/../lib/gcc/arm-none-eabi/4.4.1/thumb2\libgcc.a(_arm_muldivdf3.o)
 .ARM.attributes
                0x000008f8       0x1b c:/actel/libero_v9.1/softconsole/sourcery-g++/bin/../lib/gcc/arm-none-eabi/4.4.1/thumb2\libgcc.a(_arm_cmpdf2.o)
 .ARM.attributes
                0x00000913       0x1b c:/actel/libero_v9.1/softconsole/sourcery-g++/bin/../lib/gcc/arm-none-eabi/4.4.1/thumb2\libgcc.a(_arm_fixdfsi.o)
 .ARM.attributes
                0x0000092e       0x1b c:/actel/libero_v9.1/softconsole/sourcery-g++/bin/../lib/gcc/arm-none-eabi/4.4.1/thumb2\libgcc.a(_aeabi_uldivmod.o)
 .ARM.attributes
                0x00000949       0x29 c:/actel/libero_v9.1/softconsole/sourcery-g++/bin/../lib/gcc/arm-none-eabi/4.4.1/thumb2\libgcc.a(bpabi.o)
 .ARM.attributes
                0x00000972       0x29 c:/actel/libero_v9.1/softconsole/sourcery-g++/bin/../lib/gcc/arm-none-eabi/4.4.1/thumb2\libgcc.a(_divdi3.o)
 .ARM.attributes
                0x0000099b       0x29 c:/actel/libero_v9.1/softconsole/sourcery-g++/bin/../lib/gcc/arm-none-eabi/4.4.1/thumb2\libgcc.a(_udivdi3.o)
 .ARM.attributes
                0x000009c4       0x29 c:/actel/libero_v9.1/softconsole/sourcery-g++/bin/../lib/gcc/arm-none-eabi/4.4.1/thumb2/crtend.o
 .ARM.attributes
                0x000009ed       0x19 c:/actel/libero_v9.1/softconsole/sourcery-g++/bin/../lib/gcc/arm-none-eabi/4.4.1/thumb2/crtn.o

/DISCARD/
 *(.note.GNU-stack)
 *(.isr_vector)
OUTPUT(wubsuit_base_MSS_MSS_CM3_0_app elf32-littlearm)

.debug_ranges   0x00000000      0x410
 .debug_ranges  0x00000000       0x28 ./lcd.o
 .debug_ranges  0x00000028       0x18 ./main.o
 .debug_ranges  0x00000040       0x78 ./menu.o
 .debug_ranges  0x000000b8       0x48 ./midi.o
 .debug_ranges  0x00000100       0xc8 ./suit.o
 .debug_ranges  0x000001c8       0xa0 N:/EECS373/WubSuit/Libero/SoftConsole/wubsuit_base_MSS_MSS_CM3_0/wubsuit_base_MSS_MSS_CM3_0_hw_platform/Debug/CMSIS/startup_gcc/newlib_stubs.o
 .debug_ranges  0x00000268       0xd0 N:\EECS373\WubSuit\Libero\SoftConsole\wubsuit_base_MSS_MSS_CM3_0\wubsuit_base_MSS_MSS_CM3_0_hw_platform\Debug\libwubsuit_base_MSS_MSS_CM3_0_hw_platform.a(mss_uart.o)
 .debug_ranges  0x00000338       0x60 N:\EECS373\WubSuit\Libero\SoftConsole\wubsuit_base_MSS_MSS_CM3_0\wubsuit_base_MSS_MSS_CM3_0_hw_platform\Debug\libwubsuit_base_MSS_MSS_CM3_0_hw_platform.a(mss_gpio.o)
 .debug_ranges  0x00000398       0x40 N:\EECS373\WubSuit\Libero\SoftConsole\wubsuit_base_MSS_MSS_CM3_0\wubsuit_base_MSS_MSS_CM3_0_hw_platform\Debug\libwubsuit_base_MSS_MSS_CM3_0_hw_platform.a(core_uart_apb.o)
 .debug_ranges  0x000003d8       0x20 N:\EECS373\WubSuit\Libero\SoftConsole\wubsuit_base_MSS_MSS_CM3_0\wubsuit_base_MSS_MSS_CM3_0_hw_platform\Debug\libwubsuit_base_MSS_MSS_CM3_0_hw_platform.a(system_a2fxxxm3.o)
 .debug_ranges  0x000003f8       0x18 N:\EECS373\WubSuit\Libero\SoftConsole\wubsuit_base_MSS_MSS_CM3_0\wubsuit_base_MSS_MSS_CM3_0_hw_platform\Debug\libwubsuit_base_MSS_MSS_CM3_0_hw_platform.a(hal_assert.o)
