Actel Designer Software
Version: 11.0.0.23
Release: v11.0

Info: The design websuit.adb was last modified by software version 11.0.0.23.
Opened an existing Libero design websuit.adb.
'BA_NAME' set to 'websuit_ba'
'IDE_DESIGNERVIEW_NAME' set to 'Impl1'
'IDE_DESIGNERVIEW_COUNT' set to '1'
'IDE_DESIGNERVIEW_REV0' set to 'Impl1'
'IDE_DESIGNERVIEW_REVNUM0' set to '1'
'IDE_DESIGNERVIEW_ROOTDIR' set to 'N:\EECS373\wubsuit\websuit\designer'
'IDE_DESIGNERVIEW_LASTREV' set to '1'
***** Layout Variables *********************************************

Mode: TIMING_DRIVEN
Power-driven Layout: OFF
Incremental Placement: OFF
Incremental Route: OFF


Info: I/O Bank Assigner detected (1) out of (6) I/O Bank(s) with locked I/O technologies.

Running I/O Bank Assigner.

I/O Bank Assigner completed successfully.
 

Planning global net placement...


Global net placement completed successfully.

                        o - o - o - o - o - o

Timing-driven Placer Started: Mon Nov 04 21:31:17 2013

Placer Finished: Mon Nov 04 21:31:19 2013
Total Placer CPU Time:     00:00:02

                        o - o - o - o - o - o


Timing-driven Router 
Design: websuit                         Started: Mon Nov 04 21:31:21 2013

 

Timing-driven Router completed successfully.

Design: websuit                         
Finished: Mon Nov 04 21:31:26 2013
Total CPU Time:     00:00:04            Total Elapsed Time: 00:00:05
Total Memory Usage: 144.1 Mbytes
                        o - o - o - o - o - o

Loading the Timing data for the design.
Finished loading the Timing data.
TIMER: Max delay timing requirements have been met.
TIMER: Min delay timing requirements have been met.

The Layout command succeeded ( 00:00:14 )
Wrote status report to file: websuit_place_and_route_report.txt

The Report command succeeded ( 00:00:00 )
Wrote globalnet report to file: websuit_globalnet_report.txt

The Report command succeeded ( 00:00:00 )
Wrote globalusage report to file: websuit_globalusage_report.txt

The Report command succeeded ( 00:00:00 )
Wrote iobank report to file: websuit_iobank_report.txt

The Report command succeeded ( 00:00:00 )
Design saved to file N:\EECS373\wubsuit\websuit\designer\impl1\websuit.adb.

The Execute Script command succeeded ( 00:00:17 )
Design closed.

